Component: ARM Compiler 5.06 update 3 (build 300) Tool: armlink [4d35c9]

==============================================================================

Section Cross References

    main.o(i.key_task) refers to key.o(i.KEY_Scan) for KEY_Scan
    main.o(i.key_task) refers to tasks.o(i.vTaskSuspend) for vTaskSuspend
    main.o(i.key_task) refers to tasks.o(i.vTaskResume) for vTaskResume
    main.o(i.key_task) refers to noretval__2printf.o(.text) for __2printf
    main.o(i.key_task) refers to tasks.o(i.vTaskDelay) for vTaskDelay
    main.o(i.key_task) refers to main.o(.data) for .data
    main.o(i.main) refers to misc.o(i.NVIC_PriorityGroupConfig) for NVIC_PriorityGroupConfig
    main.o(i.main) refers to delay.o(i.delay_init) for delay_init
    main.o(i.main) refers to usart.o(i.uart_init) for uart_init
    main.o(i.main) refers to led.o(i.LED_Init) for LED_Init
    main.o(i.main) refers to key.o(i.KEY_Init) for KEY_Init
    main.o(i.main) refers to exti.o(i.EXTIX_Init) for EXTIX_Init
    main.o(i.main) refers to tasks.o(i.xTaskCreate) for xTaskCreate
    main.o(i.main) refers to tasks.o(i.vTaskStartScheduler) for vTaskStartScheduler
    main.o(i.main) refers to main.o(.data) for .data
    main.o(i.main) refers to main.o(i.start_task) for start_task
    main.o(i.start_task) refers to port.o(i.vPortEnterCritical) for vPortEnterCritical
    main.o(i.start_task) refers to tasks.o(i.xTaskCreate) for xTaskCreate
    main.o(i.start_task) refers to tasks.o(i.vTaskDelete) for vTaskDelete
    main.o(i.start_task) refers to port.o(i.vPortExitCritical) for vPortExitCritical
    main.o(i.start_task) refers to main.o(.data) for .data
    main.o(i.start_task) refers to main.o(i.key_task) for key_task
    main.o(i.start_task) refers to main.o(i.task1_task) for task1_task
    main.o(i.start_task) refers to main.o(i.task2_task) for task2_task
    main.o(i.task1_task) refers to _printf_percent.o(.ARM.Collect$$_printf_percent$$00000000) for _printf_percent
    main.o(i.task1_task) refers to _printf_d.o(.ARM.Collect$$_printf_percent$$00000009) for _printf_d
    main.o(i.task1_task) refers to _printf_dec.o(.text) for _printf_int_dec
    main.o(i.task1_task) refers to noretval__2printf.o(.text) for __2printf
    main.o(i.task1_task) refers to tasks.o(i.vTaskDelay) for vTaskDelay
    main.o(i.task2_task) refers to _printf_percent.o(.ARM.Collect$$_printf_percent$$00000000) for _printf_percent
    main.o(i.task2_task) refers to _printf_d.o(.ARM.Collect$$_printf_percent$$00000009) for _printf_d
    main.o(i.task2_task) refers to _printf_dec.o(.text) for _printf_int_dec
    main.o(i.task2_task) refers to noretval__2printf.o(.text) for __2printf
    main.o(i.task2_task) refers to tasks.o(i.vTaskDelay) for vTaskDelay
    system_stm32f4xx.o(i.SystemCoreClockUpdate) refers to system_stm32f4xx.o(.data) for .data
    system_stm32f4xx.o(i.SystemInit) refers to system_stm32f4xx.o(i.SetSysClock) for SetSysClock
    led.o(i.LED_Init) refers to stm32f4xx_rcc.o(i.RCC_AHB1PeriphClockCmd) for RCC_AHB1PeriphClockCmd
    led.o(i.LED_Init) refers to stm32f4xx_gpio.o(i.GPIO_Init) for GPIO_Init
    led.o(i.LED_Init) refers to stm32f4xx_gpio.o(i.GPIO_SetBits) for GPIO_SetBits
    timer.o(i.TIM3_IRQHandler) refers to stm32f4xx_tim.o(i.TIM_GetITStatus) for TIM_GetITStatus
    timer.o(i.TIM3_IRQHandler) refers to noretval__2printf.o(.text) for __2printf
    timer.o(i.TIM3_IRQHandler) refers to stm32f4xx_tim.o(i.TIM_ClearITPendingBit) for TIM_ClearITPendingBit
    timer.o(i.TIM3_Int_Init) refers to stm32f4xx_rcc.o(i.RCC_APB1PeriphClockCmd) for RCC_APB1PeriphClockCmd
    timer.o(i.TIM3_Int_Init) refers to stm32f4xx_tim.o(i.TIM_TimeBaseInit) for TIM_TimeBaseInit
    timer.o(i.TIM3_Int_Init) refers to stm32f4xx_tim.o(i.TIM_ITConfig) for TIM_ITConfig
    timer.o(i.TIM3_Int_Init) refers to stm32f4xx_tim.o(i.TIM_Cmd) for TIM_Cmd
    timer.o(i.TIM3_Int_Init) refers to misc.o(i.NVIC_Init) for NVIC_Init
    timer.o(i.TIM5_IRQHandler) refers to stm32f4xx_tim.o(i.TIM_GetITStatus) for TIM_GetITStatus
    timer.o(i.TIM5_IRQHandler) refers to noretval__2printf.o(.text) for __2printf
    timer.o(i.TIM5_IRQHandler) refers to stm32f4xx_tim.o(i.TIM_ClearITPendingBit) for TIM_ClearITPendingBit
    timer.o(i.TIM5_Int_Init) refers to stm32f4xx_rcc.o(i.RCC_APB1PeriphClockCmd) for RCC_APB1PeriphClockCmd
    timer.o(i.TIM5_Int_Init) refers to stm32f4xx_tim.o(i.TIM_TimeBaseInit) for TIM_TimeBaseInit
    timer.o(i.TIM5_Int_Init) refers to stm32f4xx_tim.o(i.TIM_ITConfig) for TIM_ITConfig
    timer.o(i.TIM5_Int_Init) refers to stm32f4xx_tim.o(i.TIM_Cmd) for TIM_Cmd
    timer.o(i.TIM5_Int_Init) refers to misc.o(i.NVIC_Init) for NVIC_Init
    exti.o(i.EXTI4_IRQHandler) refers to delay.o(i.delay_xms) for delay_xms
    exti.o(i.EXTI4_IRQHandler) refers to stm32f4xx_gpio.o(i.GPIO_ReadInputDataBit) for GPIO_ReadInputDataBit
    exti.o(i.EXTI4_IRQHandler) refers to tasks.o(i.xTaskResumeFromISR) for xTaskResumeFromISR
[...]
    .ARM.Collect$$libshutdown$$00000004      0x08000226   Section        0  libshutdown2.o(.ARM.Collect$$libshutdown$$00000004)
    .ARM.Collect$$libshutdown$$00000007      0x08000226   Section        0  libshutdown2.o(.ARM.Collect$$libshutdown$$00000007)
    .ARM.Collect$$libshutdown$$0000000A      0x08000226   Section        0  libshutdown2.o(.ARM.Collect$$libshutdown$$0000000A)
    .ARM.Collect$$libshutdown$$0000000C      0x08000226   Section        0  libshutdown2.o(.ARM.Collect$$libshutdown$$0000000C)
    .ARM.Collect$$libshutdown$$0000000F      0x08000226   Section        0  libshutdown2.o(.ARM.Collect$$libshutdown$$0000000F)
    .ARM.Collect$$libshutdown$$00000010      0x08000226   Section        2  libshutdown2.o(.ARM.Collect$$libshutdown$$00000010)
    .ARM.Collect$$rtentry$$00000000          0x08000228   Section        0  __rtentry.o(.ARM.Collect$$rtentry$$00000000)
    .ARM.Collect$$rtentry$$00000002          0x08000228   Section        0  __rtentry2.o(.ARM.Collect$$rtentry$$00000002)
    .ARM.Collect$$rtentry$$00000004          0x08000228   Section        6  __rtentry4.o(.ARM.Collect$$rtentry$$00000004)
    .ARM.Collect$$rtentry$$00000009          0x0800022e   Section        0  __rtentry2.o(.ARM.Collect$$rtentry$$00000009)
    .ARM.Collect$$rtentry$$0000000A          0x0800022e   Section        4  __rtentry2.o(.ARM.Collect$$rtentry$$0000000A)
    .ARM.Collect$$rtentry$$0000000C          0x08000232   Section        0  __rtentry2.o(.ARM.Collect$$rtentry$$0000000C)
    .ARM.Collect$$rtentry$$0000000D          0x08000232   Section        8  __rtentry2.o(.ARM.Collect$$rtentry$$0000000D)
    .ARM.Collect$$rtexit$$00000000           0x0800023a   Section        2  rtexit.o(.ARM.Collect$$rtexit$$00000000)
    .ARM.Collect$$rtexit$$00000002           0x0800023c   Section        0  rtexit2.o(.ARM.Collect$$rtexit$$00000002)
    .ARM.Collect$$rtexit$$00000003           0x0800023c   Section        4  rtexit2.o(.ARM.Collect$$rtexit$$00000003)
    .ARM.Collect$$rtexit$$00000004           0x08000240   Section        6  rtexit2.o(.ARM.Collect$$rtexit$$00000004)
    .emb_text                                0x08000248   Section      182  port.o(.emb_text)
    $v0                                      0x08000248   Number         0  port.o(.emb_text)
    .text                                    0x08000300   Section       64  startup_stm32f411xe.o(.text)
    $v0                                      0x08000300   Number         0  startup_stm32f411xe.o(.text)
    .text                                    0x08000340   Section        2  use_no_semi_2.o(.text)
    .text                                    0x08000344   Section        0  noretval__2printf.o(.text)
    .text                                    0x0800035c   Section        0  _printf_str.o(.text)
    .text                                    0x080003b0   Section        0  _printf_dec.o(.text)
    .text                                    0x08000428   Section        0  __printf_flags_wp.o(.text)
    .text                                    0x08000560   Section      138  rt_memcpy_v6.o(.text)
    .text                                    0x080005ea   Section       16  aeabi_memset.o(.text)
    .text                                    0x080005fa   Section        0  heapauxi.o(.text)
    .text                                    0x08000600   Section        2  use_no_semi.o(.text)
    .text                                    0x08000602   Section        0  _printf_intcommon.o(.text)
    .text                                    0x080006b4   Section        0  _printf_char_common.o(.text)
    _printf_input_char                       0x080006b5   Thumb Code    10  _printf_char_common.o(.text)
    .text                                    0x080006e4   Section        0  _printf_char.o(.text)
    .text                                    0x08000710   Section        0  _printf_char_file.o(.text)
    .text                                    0x08000734   Section      100  rt_memcpy_w.o(.text)
    .text                                    0x08000798   Section       68  rt_memclr.o(.text)
    .text                                    0x080007dc   Section        0  ferror.o(.text)
    .text                                    0x080007e4   Section       78  rt_memclr_w.o(.text)
    .text                                    0x08000834   Section        8  libspace.o(.text)
    .text                                    0x0800083c   Section       74  sys_stackheap_outer.o(.text)
    .text                                    0x08000886   Section        0  exit.o(.text)
    i.Bluetoot_Receive_isr1                  0x08000898   Section        0  usart.o(i.Bluetoot_Receive_isr1)
    i.BusFault_Handler                       0x08000944   Section        0  stm32f4xx_it.o(i.BusFault_Handler)
    i.DebugMon_Handler                       0x08000946   Section        0  stm32f4xx_it.o(i.DebugMon_Handler)
    i.EXTI4_IRQHandler                       0x08000948   Section        0  exti.o(i.EXTI4_IRQHandler)
    i.EXTIX_Init                             0x080009a8   Section        0  exti.o(i.EXTIX_Init)
    i.EXTI_ClearITPendingBit                 0x080009f8   Section        0  stm32f4xx_exti.o(i.EXTI_ClearITPendingBit)
    i.EXTI_Init                              0x08000a04   Section        0  stm32f4xx_exti.o(i.EXTI_Init)
    i.GPIO_Init                              0x08000a74   Section        0  stm32f4xx_gpio.o(i.GPIO_Init)
    i.GPIO_PinAFConfig                       0x08000aec   Section        0  stm32f4xx_gpio.o(i.GPIO_PinAFConfig)
    i.GPIO_ReadInputDataBit                  0x08000b0c   Section        0  stm32f4xx_gpio.o(i.GPIO_ReadInputDataBit)
    i.GPIO_SetBits                           0x08000b1a   Section        0  stm32f4xx_gpio.o(i.GPIO_SetBits)
    i.HardFault_Handler                      0x08000b1e   Section        0  stm32f4xx_it.o(i.HardFault_Handler)
    i.KEY_Init                               0x08000b20   Section        0  key.o(i.KEY_Init)
    i.KEY_Scan                               0x08000b64   Section        0  key.o(i.KEY_Scan)
    i.LED_Init                               0x08000c30   Section        0  led.o(i.LED_Init)
    i.MemManage_Handler                      0x08000c70   Section        0  stm32f4xx_it.o(i.MemManage_Handler)
    i.NMI_Handler                            0x08000c72   Section        0  stm32f4xx_it.o(i.NMI_Handler)
    i.NVIC_Init                              0x08000c74   Section        0  misc.o(i.NVIC_Init)
    i.NVIC_PriorityGroupConfig               0x08000cd8   Section        0  misc.o(i.NVIC_PriorityGroupConfig)
    i.RCC_AHB1PeriphClockCmd                 0x08000cec   Section        0  stm32f4xx_rcc.o(i.RCC_AHB1PeriphClockCmd)
    i.RCC_APB2PeriphClockCmd                 0x08000d04   Section        0  stm32f4xx_rcc.o(i.RCC_APB2PeriphClockCmd)
    i.RCC_GetClocksFreq                      0x08000d1c   Section        0  stm32f4xx_rcc.o(i.RCC_GetClocksFreq)
    i.SYSCFG_EXTILineConfig                  0x08000dac   Section        0  stm32f4xx_syscfg.o(i.SYSCFG_EXTILineConfig)
    i.SetSysClock                            0x08000ddc   Section        0  system_stm32f4xx.o(i.SetSysClock)
    SetSysClock                              0x08000ddd   Thumb Code   158  system_stm32f4xx.o(i.SetSysClock)
    i.SysTick_CLKSourceConfig                0x08000e8c   Section        0  misc.o(i.SysTick_CLKSourceConfig)
    i.SysTick_Handler                        0x08000ea4   Section        0  delay.o(i.SysTick_Handler)
    i.SystemInit                             0x08000eb8   Section        0  system_stm32f4xx.o(i.SystemInit)
    i.TIM3_IRQHandler                        0x08000f14   Section        0  timer.o(i.TIM3_IRQHandler)
    i.TIM5_IRQHandler                        0x08000f50   Section        0  timer.o(i.TIM5_IRQHandler)
    i.TIM_ClearITPendingBit                  0x08000f8c   Section        0  stm32f4xx_tim.o(i.TIM_ClearITPendingBit)
    i.TIM_GetITStatus                        0x08000f92   Section        0  stm32f4xx_tim.o(i.TIM_GetITStatus)
    i.USART1_IRQHandler                      0x08000fac   Section        0  usart.o(i.USART1_IRQHandler)
    i.USART_Cmd                              0x08001020   Section        0  stm32f4xx_usart.o(i.USART_Cmd)
    i.USART_GetITStatus                      0x08001034   Section        0  stm32f4xx_usart.o(i.USART_GetITStatus)
    i.USART_ITConfig                         0x08001072   Section        0  stm32f4xx_usart.o(i.USART_ITConfig)
    i.USART_Init                             0x080010a4   Section        0  stm32f4xx_usart.o(i.USART_Init)
    i.USART_ReceiveData                      0x08001150   Section        0  stm32f4xx_usart.o(i.USART_ReceiveData)
    i.USTB_DT_Data_Receive_Anl               0x08001158   Section        0  data_transfer.o(i.USTB_DT_Data_Receive_Anl)
    i.USTB_DT_Data_Receive_Prepare           0x08001448   Section        0  data_transfer.o(i.USTB_DT_Data_Receive_Prepare)
    i.UsageFault_Handler                     0x080014dc   Section        0  stm32f4xx_it.o(i.UsageFault_Handler)
    i._is_digit                              0x080014de   Section        0  __printf_wp.o(i._is_digit)
    i._sys_exit                              0x080014ec   Section        0  usart.o(i._sys_exit)
    i.delay_init                             0x080014f0   Section        0  delay.o(i.delay_init)
    i.delay_ms                               0x08001528   Section        0  delay.o(i.delay_ms)
    i.delay_us                               0x08001560   Section        0  delay.o(i.delay_us)
    i.delay_xms                              0x08001594   Section        0  delay.o(i.delay_xms)
    i.fputc                                  0x080015b0   Section        0  usart.o(i.fputc)
    i.key_task                               0x080015c4   Section        0  main.o(i.key_task)
    i.main                                   0x08001640   Section        0  main.o(i.main)
    i.prvAddCurrentTaskToDelayedList         0x08001694   Section        0  tasks.o(i.prvAddCurrentTaskToDelayedList)
    prvAddCurrentTaskToDelayedList           0x08001695   Thumb Code   102  tasks.o(i.prvAddCurrentTaskToDelayedList)
    i.prvAddNewTaskToReadyList               0x08001704   Section        0  tasks.o(i.prvAddNewTaskToReadyList)
    prvAddNewTaskToReadyList                 0x08001705   Thumb Code   192  tasks.o(i.prvAddNewTaskToReadyList)
    i.prvCheckForValidListAndQueue           0x080017d4   Section        0  timers.o(i.prvCheckForValidListAndQueue)
    prvCheckForValidListAndQueue             0x080017d5   Thumb Code    62  timers.o(i.prvCheckForValidListAndQueue)
    i.prvCheckTasksWaitingTermination        0x08001824   Section        0  tasks.o(i.prvCheckTasksWaitingTermination)
    prvCheckTasksWaitingTermination          0x08001825   Thumb Code    74  tasks.o(i.prvCheckTasksWaitingTermination)
    i.prvCopyDataFromQueue                   0x08001878   Section        0  queue.o(i.prvCopyDataFromQueue)
    prvCopyDataFromQueue                     0x08001879   Thumb Code    38  queue.o(i.prvCopyDataFromQueue)
    i.prvCopyDataToQueue                     0x0800189e   Section        0  queue.o(i.prvCopyDataToQueue)
    prvCopyDataToQueue                       0x0800189f   Thumb Code   108  queue.o(i.prvCopyDataToQueue)
    i.prvDeleteTCB                           0x0800190a   Section        0  tasks.o(i.prvDeleteTCB)
    prvDeleteTCB                             0x0800190b   Thumb Code    20  tasks.o(i.prvDeleteTCB)
    i.prvHeapInit                            0x08001920   Section        0  heap_4.o(i.prvHeapInit)
    prvHeapInit                              0x08001921   Thumb Code    66  heap_4.o(i.prvHeapInit)
    i.prvIdleTask                            0x0800196c   Section        0  tasks.o(i.prvIdleTask)
    prvIdleTask                              0x0800196d   Thumb Code    30  tasks.o(i.prvIdleTask)
    i.prvInitialiseNewTask                   0x08001994   Section        0  tasks.o(i.prvInitialiseNewTask)
    prvInitialiseNewTask                     0x08001995   Thumb Code   154  tasks.o(i.prvInitialiseNewTask)
    i.prvInsertBlockIntoFreeList             0x08001a54   Section        0  heap_4.o(i.prvInsertBlockIntoFreeList)
    prvInsertBlockIntoFreeList               0x08001a55   Thumb Code    72  heap_4.o(i.prvInsertBlockIntoFreeList)
    i.prvInsertTimerInActiveList             0x08001aa0   Section        0  timers.o(i.prvInsertTimerInActiveList)
    prvInsertTimerInActiveList               0x08001aa1   Thumb Code    52  timers.o(i.prvInsertTimerInActiveList)
    i.prvIsQueueEmpty                        0x08001ad8   Section        0  queue.o(i.prvIsQueueEmpty)
    prvIsQueueEmpty                          0x08001ad9   Thumb Code    26  queue.o(i.prvIsQueueEmpty)
    i.prvNotifyQueueSetContainer             0x08001af4   Section        0  queue.o(i.prvNotifyQueueSetContainer)
    prvNotifyQueueSetContainer               0x08001af5   Thumb Code   108  queue.o(i.prvNotifyQueueSetContainer)
    i.prvProcessExpiredTimer                 0x08001b84   Section        0  timers.o(i.prvProcessExpiredTimer)
    prvProcessExpiredTimer                   0x08001b85   Thumb Code    86  timers.o(i.prvProcessExpiredTimer)
    i.prvProcessReceivedCommands             0x08001be4   Section        0  timers.o(i.prvProcessReceivedCommands)
    prvProcessReceivedCommands               0x08001be5   Thumb Code   196  timers.o(i.prvProcessReceivedCommands)
    i.prvProcessTimerOrBlockTask             0x08001cd4   Section        0  timers.o(i.prvProcessTimerOrBlockTask)
    prvProcessTimerOrBlockTask               0x08001cd5   Thumb Code    98  timers.o(i.prvProcessTimerOrBlockTask)
    i.prvResetNextTaskUnblockTime            0x08001d40   Section        0  tasks.o(i.prvResetNextTaskUnblockTime)
    prvResetNextTaskUnblockTime              0x08001d41   Thumb Code    26  tasks.o(i.prvResetNextTaskUnblockTime)
    i.prvSampleTimeNow                       0x08001d60   Section        0  timers.o(i.prvSampleTimeNow)
    prvSampleTimeNow                         0x08001d61   Thumb Code    36  timers.o(i.prvSampleTimeNow)
    i.prvSwitchTimerLists                    0x08001d88   Section        0  timers.o(i.prvSwitchTimerLists)
    prvSwitchTimerLists                      0x08001d89   Thumb Code   100  timers.o(i.prvSwitchTimerLists)
    i.prvTaskExitError                       0x08001df4   Section        0  port.o(i.prvTaskExitError)
    prvTaskExitError                         0x08001df5   Thumb Code    36  port.o(i.prvTaskExitError)
    i.prvTaskIsTaskSuspended                 0x08001e58   Section        0  tasks.o(i.prvTaskIsTaskSuspended)
    prvTaskIsTaskSuspended                   0x08001e59   Thumb Code    44  tasks.o(i.prvTaskIsTaskSuspended)
    i.prvTimerTask                           0x08001eac   Section        0  timers.o(i.prvTimerTask)
    prvTimerTask                             0x08001ead   Thumb Code    34  timers.o(i.prvTimerTask)
    i.prvUnlockQueue                         0x08001ed4   Section        0  queue.o(i.prvUnlockQueue)
    prvUnlockQueue                           0x08001ed5   Thumb Code   120  queue.o(i.prvUnlockQueue)
    i.pvPortMalloc                           0x08001f4c   Section        0  heap_4.o(i.pvPortMalloc)
    i.pvTaskIncrementMutexHeldCount          0x08002060   Section        0  tasks.o(i.pvTaskIncrementMutexHeldCount)
    i.pxPortInitialiseStack                  0x08002078   Section        0  port.o(i.pxPortInitialiseStack)
    i.start_task                             0x080020a4   Section        0  main.o(i.start_task)
    i.task1_task                             0x08002130   Section        0  main.o(i.task1_task)
    i.task2_task                             0x08002178   Section        0  main.o(i.task2_task)
    i.uart_init                              0x080021c0   Section        0  usart.o(i.uart_init)
    i.uxListRemove                           0x0800226c   Section        0  list.o(i.uxListRemove)
    i.vListInitialise                        0x08002290   Section        0  list.o(i.vListInitialise)
    i.vListInitialiseItem                    0x080022a6   Section        0  list.o(i.vListInitialiseItem)
    i.vListInsert                            0x080022ac   Section        0  list.o(i.vListInsert)
    i.vListInsertEnd                         0x080022dc   Section        0  list.o(i.vListInsertEnd)
    i.vPortEnterCritical                     0x080022f4   Section        0  port.o(i.vPortEnterCritical)
    i.vPortExitCritical                      0x0800236c   Section        0  port.o(i.vPortExitCritical)
    i.vPortFree                              0x080023d0   Section        0  heap_4.o(i.vPortFree)
    i.vPortSetupTimerInterrupt               0x0800246c   Section        0  port.o(i.vPortSetupTimerInterrupt)
    i.vPortValidateInterruptPriority         0x0800248c   Section        0  port.o(i.vPortValidateInterruptPriority)
    i.vQueueAddToRegistry                    0x08002518   Section        0  queue.o(i.vQueueAddToRegistry)
    i.vQueueWaitForMessageRestricted         0x0800253c   Section        0  queue.o(i.vQueueWaitForMessageRestricted)
    i.vTaskDelay                             0x08002580   Section        0  tasks.o(i.vTaskDelay)
    i.vTaskDelete                            0x080025ec   Section        0  tasks.o(i.vTaskDelete)
    i.vTaskMissedYield                       0x080026b8   Section        0  tasks.o(i.vTaskMissedYield)
    i.vTaskPlaceOnEventList                  0x080026c4   Section        0  tasks.o(i.vTaskPlaceOnEventList)
    i.vTaskPlaceOnEventListRestricted        0x08002718   Section        0  tasks.o(i.vTaskPlaceOnEventListRestricted)
    i.vTaskPriorityInherit                   0x08002774   Section        0  tasks.o(i.vTaskPriorityInherit)
    i.vTaskResume                            0x080027f8   Section        0  tasks.o(i.vTaskResume)
    i.vTaskSetTimeOutState                   0x08002898   Section        0  tasks.o(i.vTaskSetTimeOutState)
    i.vTaskStartScheduler                    0x080028e0   Section        0  tasks.o(i.vTaskStartScheduler)
    i.vTaskSuspend                           0x08002974   Section        0  tasks.o(i.vTaskSuspend)
    i.vTaskSuspendAll                        0x08002a44   Section        0  tasks.o(i.vTaskSuspendAll)
    i.vTaskSwitchContext                     0x08002a54   Section        0  tasks.o(i.vTaskSwitchContext)
    i.xPortStartScheduler                    0x08002ad0   Section        0  port.o(i.xPortStartScheduler)
    i.xPortSysTickHandler                    0x08002be4   Section        0  port.o(i.xPortSysTickHandler)
    i.xQueueGenericCreate                    0x08002c10   Section        0  queue.o(i.xQueueGenericCreate)
    i.xQueueGenericReceive                   0x08002c88   Section        0  queue.o(i.xQueueGenericReceive)
    i.xQueueGenericReset                     0x08002e0c   Section        0  queue.o(i.xQueueGenericReset)
    i.xQueueGenericSend                      0x08002eb4   Section        0  queue.o(i.xQueueGenericSend)
    i.xQueueGenericSendFromISR               0x0800303c   Section        0  queue.o(i.xQueueGenericSendFromISR)
    i.xTaskCheckForTimeOut                   0x0800311c   Section        0  tasks.o(i.xTaskCheckForTimeOut)
    i.xTaskCreate                            0x080031a4   Section        0  tasks.o(i.xTaskCreate)
    i.xTaskGetSchedulerState                 0x080031fc   Section        0  tasks.o(i.xTaskGetSchedulerState)
    i.xTaskGetTickCount                      0x08003218   Section        0  tasks.o(i.xTaskGetTickCount)
    i.xTaskIncrementTick                     0x08003224   Section        0  tasks.o(i.xTaskIncrementTick)
    i.xTaskPriorityDisinherit                0x0800330c   Section        0  tasks.o(i.xTaskPriorityDisinherit)
    i.xTaskRemoveFromEventList               0x080033c0   Section        0  tasks.o(i.xTaskRemoveFromEventList)
    i.xTaskResumeAll                         0x08003458   Section        0  tasks.o(i.xTaskResumeAll)
    i.xTaskResumeFromISR                     0x0800353c   Section        0  tasks.o(i.xTaskResumeFromISR)
    i.xTimerCreate                           0x080035e8   Section        0  timers.o(i.xTimerCreate)
    i.xTimerCreateTimerTask                  0x0800365c   Section        0  timers.o(i.xTimerCreateTimerTask)
    i.xTimerGenericCommand                   0x080036d0   Section        0  timers.o(i.xTimerGenericCommand)
    x$fpl$d2f                                0x08003760   Section       98  d2f.o(x$fpl$d2f)
    $v0                                      0x08003760   Number         0  d2f.o(x$fpl$d2f)
    x$fpl$dflt                               0x080037c2   Section       46  dflt_clz.o(x$fpl$dflt)
    $v0                                      0x080037c2   Number         0  dflt_clz.o(x$fpl$dflt)
    x$fpl$dmul                               0x080037f0   Section      340  dmul.o(x$fpl$dmul)
    $v0                                      0x080037f0   Number         0  dmul.o(x$fpl$dmul)
    x$fpl$dnaninf                            0x08003944   Section      156  dnaninf.o(x$fpl$dnaninf)
    $v0                                      0x08003944   Number         0  dnaninf.o(x$fpl$dnaninf)
    x$fpl$dretinf                            0x080039e0   Section       12  dretinf.o(x$fpl$dretinf)
    $v0                                      0x080039e0   Number         0  dretinf.o(x$fpl$dretinf)
    x$fpl$fpinit                             0x080039ec   Section       10  fpinit.o(x$fpl$fpinit)
    $v0                                      0x080039ec   Number         0  fpinit.o(x$fpl$fpinit)
    x$fpl$fretinf                            0x080039f6   Section       10  fretinf.o(x$fpl$fretinf)
    $v0                                      0x080039f6   Number         0  fretinf.o(x$fpl$fretinf)
    .constdata                               0x08003a00   Section       17  __printf_flags_wp.o(.constdata)
    x$fpl$usenofp                            0x08003a00   Section        0  usenofp.o(x$fpl$usenofp)
    maptable                                 0x08003a00   Data          17  __printf_flags_wp.o(.constdata)
    .data                                    0x20000000   Section       16  main.o(.data)
    .data                                    0x20000010   Section       20  system_stm32f4xx.o(.data)
    .data                                    0x20000024   Section        1  key.o(.data)
    key_up                                   0x20000024   Data           1  key.o(.data)
    .data                                    0x20000025   Section       15  data_transfer.o(.data)
    cnt                                      0x20000025   Data           1  data_transfer.o(.data)
    senser_cnt                               0x20000026   Data           1  data_transfer.o(.data)
    senser2_cnt                              0x20000027   Data           1  data_transfer.o(.data)
    user_cnt                                 0x20000028   Data           1  data_transfer.o(.data)
    status_cnt                               0x20000029   Data           1  data_transfer.o(.data)
    rcdata_cnt                               0x2000002a   Data           1  data_transfer.o(.data)
    motopwm_cnt                              0x2000002b   Data           1  data_transfer.o(.data)
    power_cnt                                0x2000002c   Data           1  data_transfer.o(.data)
    speed_cnt                                0x2000002d   Data           1  data_transfer.o(.data)
    location_cnt                             0x2000002e   Data           1  data_transfer.o(.data)
    _data_len                                0x2000002f   Data           1  data_transfer.o(.data)
    _data_cnt                                0x20000030   Data           1  data_transfer.o(.data)
    state                                    0x20000031   Data           1  data_transfer.o(.data)
    .data                                    0x20000034   Section        4  delay.o(.data)
    fac_us                                   0x20000034   Data           1  delay.o(.data)
    fac_ms                                   0x20000036   Data           2  delay.o(.data)
    .data                                    0x20000038   Section       20  usart.o(.data)
    .data                                    0x2000004c   Section        4  usart.o(.data)
    .data                                    0x20000050   Section       16  stm32f4xx_rcc.o(.data)
    APBAHBPrescTable                         0x20000050   Data          16  stm32f4xx_rcc.o(.data)
    .data                                    0x20000060   Section       60  tasks.o(.data)
    uxDeletedTasksWaitingCleanUp             0x20000064   Data           4  tasks.o(.data)
    uxCurrentNumberOfTasks                   0x20000068   Data           4  tasks.o(.data)
    xTickCount                               0x2000006c   Data           4  tasks.o(.data)
    uxTopReadyPriority                       0x20000070   Data           4  tasks.o(.data)
    xSchedulerRunning                        0x20000074   Data           4  tasks.o(.data)
    uxPendedTicks                            0x20000078   Data           4  tasks.o(.data)
    xYieldPending                            0x2000007c   Data           4  tasks.o(.data)
    xNumOfOverflows                          0x20000080   Data           4  tasks.o(.data)
    uxTaskNumber                             0x20000084   Data           4  tasks.o(.data)
    xNextTaskUnblockTime                     0x20000088   Data           4  tasks.o(.data)
    xIdleTaskHandle                          0x2000008c   Data           4  tasks.o(.data)
    uxSchedulerSuspended                     0x20000090   Data           4  tasks.o(.data)
    pxDelayedTaskList                        0x20000094   Data           4  tasks.o(.data)
    pxOverflowDelayedTaskList                0x20000098   Data           4  tasks.o(.data)
    .data                                    0x2000009c   Section       20  timers.o(.data)
    xTimerQueue                              0x2000009c   Data           4  timers.o(.data)
    xTimerTaskHandle                         0x200000a0   Data           4  timers.o(.data)
    xLastTime                                0x200000a4   Data           4  timers.o(.data)
    pxCurrentTimerList                       0x200000a8   Data           4  timers.o(.data)
    pxOverflowTimerList                      0x200000ac   Data           4  timers.o(.data)
    .data                                    0x200000b0   Section       12  port.o(.data)
    ucMaxSysCallPriority                     0x200000b0   Data           1  port.o(.data)
    uxCriticalNesting                        0x200000b4   Data           4  port.o(.data)
    ulMaxPRIGROUPValue                       0x200000b8   Data           4  port.o(.data)
    .data                                    0x200000bc   Section       24  heap_4.o(.data)
    pxEnd                                    0x200000bc   Data           4  heap_4.o(.data)
    xFreeBytesRemaining                      0x200000c0   Data           4  heap_4.o(.data)
    xMinimumEverFreeBytesRemaining           0x200000c4   Data           4  heap_4.o(.data)
    xBlockAllocatedBit                       0x200000c8   Data           4  heap_4.o(.data)
    xStart                                   0x200000cc   Data           8  heap_4.o(.data)
    .bss                                     0x200000d4   Section      192  data_transfer.o(.bss)
    RxBuffer                                 0x200000d4   Data          50  data_transfer.o(.bss)
    .bss                                     0x20000194   Section      487  usart.o(.bss)
    .bss                                     0x2000037c   Section       64  queue.o(.bss)
    .bss                                     0x200003bc   Section      740  tasks.o(.bss)
    pxReadyTasksLists                        0x200003bc   Data         640  tasks.o(.bss)
    xDelayedTaskList1                        0x2000063c   Data          20  tasks.o(.bss)
    xDelayedTaskList2                        0x20000650   Data          20  tasks.o(.bss)
    xPendingReadyList                        0x20000664   Data          20  tasks.o(.bss)
    xTasksWaitingTermination                 0x20000678   Data          20  tasks.o(.bss)
    xSuspendedTaskList                       0x2000068c   Data          20  tasks.o(.bss)
    .bss                                     0x200006a0   Section       40  timers.o(.bss)
    xActiveTimerList1                        0x200006a0   Data          20  timers.o(.bss)
    xActiveTimerList2                        0x200006b4   Data          20  timers.o(.bss)
    .bss                                     0x200006c8   Section    20480  heap_4.o(.bss)
    ucHeap                                   0x200006c8   Data       20480  heap_4.o(.bss)
    .bss                                     0x200056c8   Section       96  libspace.o(.bss)
    HEAP                                     0x20005728   Section      512  startup_stm32f411xe.o(HEAP)
    Heap_Mem                                 0x20005728   Data         512  startup_stm32f411xe.o(HEAP)
    STACK                                    0x20005928   Section     1024  startup_stm32f411xe.o(STACK)
    Stack_Mem                                0x20005928   Data        1024  startup_stm32f411xe.o(STACK)
    __initial_sp                             0x20005d28   Data           0  startup_stm32f411xe.o(STACK)

    Global Symbols

    Symbol Name                              Value     Ov Type        Size  Object(Section)

    BuildAttributes$$THM_ISAv4$E$P$D$K$B$S$7EM$VFPi3$EXTD16$VFPS$VFMA$PE$A:L22UL41UL21$X:L11$S22US41US21$IEEE1$IW$USESV6$~STKCKD$USESV7$~SHL$OTIME$ROPI$IEEEX$EBA8$UX$STANDARDLIB$REQ8$PRES8$EABIv2 0x00000000   Number         0  anon$$obj.o ABSOLUTE
    __ARM_use_no_argv                        0x00000000   Number         0  main.o ABSOLUTE
    _printf_flags                            0x00000000   Number         0  printf_stubs.o ABSOLUTE
    _printf_return_value                     0x00000000   Number         0  printf_stubs.o ABSOLUTE
    _printf_sizespec                         0x00000000   Number         0  printf_stubs.o ABSOLUTE
    _printf_widthprec                        0x00000000   Number         0  printf_stubs.o ABSOLUTE
    __ARM_exceptions_init                     - Undefined Weak Reference
    __alloca_initialize                       - Undefined Weak Reference
    __arm_preinit_                            - Undefined Weak Reference
    __cpp_initialize__aeabi_                  - Undefined Weak Reference
    __cxa_finalize                            - Undefined Weak Reference
    __rt_locale                               - Undefined Weak Reference
    __sigvec_lookup                           - Undefined Weak Reference
    _atexit_init                              - Undefined Weak Reference
    _call_atexit_fns                          - Undefined Weak Reference
    _clock_init                               - Undefined Weak Reference
    _fp_trap_init                             - Undefined Weak Reference
    _fp_trap_shutdown                         - Undefined Weak Reference
    _get_lc_collate                           - Undefined Weak Reference
    _get_lc_ctype                             - Undefined Weak Reference
    _get_lc_monetary                          - Undefined Weak Reference
    _get_lc_numeric                           - Undefined Weak Reference
    _get_lc_time                              - Undefined Weak Reference
    _getenv_init                              - Undefined Weak Reference
    _handle_redirection                       - Undefined Weak Reference
    _init_alloc                               - Undefined Weak Reference
    _init_user_alloc                          - Undefined Weak Reference
    _initio                                   - Undefined Weak Reference
    _mutex_acquire                            - Undefined Weak Reference
    _mutex_release                            - Undefined Weak Reference
    _printf_mbtowc                            - Undefined Weak Reference
    _printf_truncate_signed                   - Undefined Weak Reference
    _printf_truncate_unsigned                 - Undefined Weak Reference
    _rand_init                                - Undefined Weak Reference
    _signal_finish                            - Undefined Weak Reference
    _signal_init                              - Undefined Weak Reference
    _terminate_alloc                          - Undefined Weak Reference
    _terminate_user_alloc                     - Undefined Weak Reference
    _terminateio                              - Undefined Weak Reference
    __Vectors_Size                           0x00000198   Number         0  startup_stm32f411xe.o ABSOLUTE
    __Vectors                                0x08000000   Data           4  startup_stm32f411xe.o(RESET)
    __Vectors_End                            0x08000198   Data           0  startup_stm32f411xe.o(RESET)
    __main                                   0x08000199   Thumb Code     8  __main.o(!!!main)
    __scatterload                            0x080001a1   Thumb Code     0  __scatter.o(!!!scatter)
    __scatterload_rt2                        0x080001a1   Thumb Code    44  __scatter.o(!!!scatter)
    __scatterload_rt2_thumb_only             0x080001a1   Thumb Code     0  __scatter.o(!!!scatter)
    __scatterload_null                       0x080001af   Thumb Code     0  __scatter.o(!!!scatter)
    __scatterload_copy                       0x080001d5   Thumb Code    26  __scatter_copy.o(!!handler_copy)
    __scatterload_zeroinit                   0x080001f1   Thumb Code    28  __scatter_zi.o(!!handler_zi)
    _printf_d                                0x0800020d   Thumb Code     0  _printf_d.o(.ARM.Collect$$_printf_percent$$00000009)
    _printf_percent                          0x0800020d   Thumb Code     0  _printf_percent.o(.ARM.Collect$$_printf_percent$$00000000)
    _printf_s                                0x08000213   Thumb Code     0  _printf_s.o(.ARM.Collect$$_printf_percent$$00000014)
    _printf_percent_end                      0x08000219   Thumb Code     0  _printf_percent_end.o(.ARM.Collect$$_printf_percent$$00000017)
    __rt_lib_init                            0x0800021d   Thumb Code     0  libinit.o(.ARM.Collect$$libinit$$00000000)
    __rt_lib_init_fp_1                       0x0800021f   Thumb Code     0  libinit2.o(.ARM.Collect$$libinit$$00000001)
    __rt_lib_init_alloca_1                   0x08000223   Thumb Code     0  libinit2.o(.ARM.Collect$$libinit$$0000002E)
    __rt_lib_init_argv_1                     0x08000223   Thumb Code     0  libinit2.o(.ARM.Collect$$libinit$$0000002C)
    __rt_lib_init_atexit_1                   0x08000223   Thumb Code     0  libinit2.o(.ARM.Collect$$libinit$$0000001B)
    __rt_lib_init_clock_1                    0x08000223   Thumb Code     0  libinit2.o(.ARM.Collect$$libinit$$00000021)
    __rt_lib_init_cpp_1                      0x08000223   Thumb Code     0  libinit2.o(.ARM.Collect$$libinit$$00000032)
    __rt_lib_init_exceptions_1               0x08000223   Thumb Code     0  libinit2.o(.ARM.Collect$$libinit$$00000030)
    __rt_lib_init_fp_trap_1                  0x08000223   Thumb Code     0  libinit2.o(.ARM.Collect$$libinit$$0000001F)
    __rt_lib_init_getenv_1                   0x08000223   Thumb Code     0  libinit2.o(.ARM.Collect$$libinit$$00000023)
    __rt_lib_init_heap_1                     0x08000223   Thumb Code     0  libinit2.o(.ARM.Collect$$libinit$$0000000A)
    __rt_lib_init_lc_collate_1               0x08000223   Thumb Code     0  libinit2.o(.ARM.Collect$$libinit$$00000011)
    __rt_lib_init_lc_ctype_1                 0x08000223   Thumb Code     0  libinit2.o(.ARM.Collect$$libinit$$00000013)
    __rt_lib_init_lc_monetary_1              0x08000223   Thumb Code     0  libinit2.o(.ARM.Collect$$libinit$$00000015)
    __rt_lib_init_lc_numeric_1               0x08000223   Thumb Code     0  libinit2.o(.ARM.Collect$$libinit$$00000017)
    __rt_lib_init_lc_time_1                  0x08000223   Thumb Code     0  libinit2.o(.ARM.Collect$$libinit$$00000019)
    __rt_lib_init_preinit_1                  0x08000223   Thumb Code     0  libinit2.o(.ARM.Collect$$libinit$$00000004)
    __rt_lib_init_rand_1                     0x08000223   Thumb Code     0  libinit2.o(.ARM.Collect$$libinit$$0000000E)
    __rt_lib_init_return                     0x08000223   Thumb Code     0  libinit2.o(.ARM.Collect$$libinit$$00000033)
    __rt_lib_init_signal_1                   0x08000223   Thumb Code     0  libinit2.o(.ARM.Collect$$libinit$$0000001D)
    __rt_lib_init_stdio_1                    0x08000223   Thumb Code     0  libinit2.o(.ARM.Collect$$libinit$$00000025)
    __rt_lib_init_user_alloc_1               0x08000223   Thumb Code     0  libinit2.o(.ARM.Collect$$libinit$$0000000C)
    __rt_lib_shutdown                        0x08000225   Thumb Code     0  libshutdown.o(.ARM.Collect$$libshutdown$$00000000)
    __rt_lib_shutdown_cpp_1                  0x08000227   Thumb Code     0  libshutdown2.o(.ARM.Collect$$libshutdown$$00000002)
    __rt_lib_shutdown_fp_trap_1              0x08000227   Thumb Code     0  libshutdown2.o(.ARM.Collect$$libshutdown$$00000007)
    __rt_lib_shutdown_heap_1                 0x08000227   Thumb Code     0  libshutdown2.o(.ARM.Collect$$libshutdown$$0000000F)
    __rt_lib_shutdown_return                 0x08000227   Thumb Code     0  libshutdown2.o(.ARM.Collect$$libshutdown$$00000010)
    __rt_lib_shutdown_signal_1               0x08000227   Thumb Code     0  libshutdown2.o(.ARM.Collect$$libshutdown$$0000000A)
    __rt_lib_shutdown_stdio_1                0x08000227   Thumb Code     0  libshutdown2.o(.ARM.Collect$$libshutdown$$00000004)
    __rt_lib_shutdown_user_alloc_1           0x08000227   Thumb Code     0  libshutdown2.o(.ARM.Collect$$libshutdown$$0000000C)
    __rt_entry                               0x08000229   Thumb Code     0  __rtentry.o(.ARM.Collect$$rtentry$$00000000)
    __rt_entry_presh_1                       0x08000229   Thumb Code     0  __rtentry2.o(.ARM.Collect$$rtentry$$00000002)
    __rt_entry_sh                            0x08000229   Thumb Code     0  __rtentry4.o(.ARM.Collect$$rtentry$$00000004)
    __rt_entry_li                            0x0800022f   Thumb Code     0  __rtentry2.o(.ARM.Collect$$rtentry$$0000000A)
    __rt_entry_postsh_1                      0x0800022f   Thumb Code     0  __rtentry2.o(.ARM.Collect$$rtentry$$00000009)
    __rt_entry_main                          0x08000233   Thumb Code     0  __rtentry2.o(.ARM.Collect$$rtentry$$0000000D)
    __rt_entry_postli_1                      0x08000233   Thumb Code     0  __rtentry2.o(.ARM.Collect$$rtentry$$0000000C)
    __rt_exit                                0x0800023b   Thumb Code     0  rtexit.o(.ARM.Collect$$rtexit$$00000000)
    __rt_exit_ls                             0x0800023d   Thumb Code     0  rtexit2.o(.ARM.Collect$$rtexit$$00000003)
    __rt_exit_prels_1                        0x0800023d   Thumb Code     0  rtexit2.o(.ARM.Collect$$rtexit$$00000002)
    __rt_exit_exit                           0x08000241   Thumb Code     0  rtexit2.o(.ARM.Collect$$rtexit$$00000004)
    SVC_Handler                              0x08000249   Thumb Code    28  port.o(.emb_text)
    __asm___6_port_c_39a90d8d__prvStartFirstTask 0x08000269   Thumb Code    28  port.o(.emb_text)
    __asm___6_port_c_39a90d8d__prvEnableVFP  0x08000289   Thumb Code    16  port.o(.emb_text)
    PendSV_Handler                           0x0800029d   Thumb Code    88  port.o(.emb_text)
    vPortGetIPSR                             0x080002f9   Thumb Code     6  port.o(.emb_text)
    Reset_Handler                            0x08000301   Thumb Code     8  startup_stm32f411xe.o(.text)
    ADC_IRQHandler                           0x0800031b   Thumb Code     0  startup_stm32f411xe.o(.text)
    DMA1_Stream0_IRQHandler                  0x0800031b   Thumb Code     0  startup_stm32f411xe.o(.text)
    DMA1_Stream1_IRQHandler                  0x0800031b   Thumb Code     0  startup_stm32f411xe.o(.text)
    DMA1_Stream2_IRQHandler                  0x0800031b   Thumb Code     0  startup_stm32f411xe.o(.text)
    DMA1_Stream3_IRQHandler                  0x0800031b   Thumb Code     0  startup_stm32f411xe.o(.text)
    DMA1_Stream4_IRQHandler                  0x0800031b   Thumb Code     0  startup_stm32f411xe.o(.text)
    DMA1_Stream5_IRQHandler                  0x0800031b   Thumb Code     0  startup_stm32f411xe.o(.text)
    DMA1_Stream6_IRQHandler                  0x0800031b   Thumb Code     0  startup_stm32f411xe.o(.text)
    DMA1_Stream7_IRQHandler                  0x0800031b   Thumb Code     0  startup_stm32f411xe.o(.text)
    DMA2_Stream0_IRQHandler                  0x0800031b   Thumb Code     0  startup_stm32f411xe.o(.text)
    DMA2_Stream1_IRQHandler                  0x0800031b   Thumb Code     0  startup_stm32f411xe.o(.text)
    DMA2_Stream2_IRQHandler                  0x0800031b   Thumb Code     0  startup_stm32f411xe.o(.text)
    DMA2_Stream3_IRQHandler                  0x0800031b   Thumb Code     0  startup_stm32f411xe.o(.text)
    DMA2_Stream4_IRQHandler                  0x0800031b   Thumb Code     0  startup_stm32f411xe.o(.text)
    DMA2_Stream5_IRQHandler                  0x0800031b   Thumb Code     0  startup_stm32f411xe.o(.text)
    DMA2_Stream6_IRQHandler                  0x0800031b   Thumb Code     0  startup_stm32f411xe.o(.text)
    DMA2_Stream7_IRQHandler                  0x0800031b   Thumb Code     0  startup_stm32f411xe.o(.text)
    EXTI0_IRQHandler                         0x0800031b   Thumb Code     0  startup_stm32f411xe.o(.text)
    EXTI15_10_IRQHandler                     0x0800031b   Thumb Code     0  startup_stm32f411xe.o(.text)
    EXTI1_IRQHandler                         0x0800031b   Thumb Code     0  startup_stm32f411xe.o(.text)
    EXTI2_IRQHandler                         0x0800031b   Thumb Code     0  startup_stm32f411xe.o(.text)
    EXTI3_IRQHandler                         0x0800031b   Thumb Code     0  startup_stm32f411xe.o(.text)
    EXTI9_5_IRQHandler                       0x0800031b   Thumb Code     0  startup_stm32f411xe.o(.text)
    FLASH_IRQHandler                         0x0800031b   Thumb Code     0  startup_stm32f411xe.o(.text)
    FPU_IRQHandler                           0x0800031b   Thumb Code     0  startup_stm32f411xe.o(.text)
    I2C1_ER_IRQHandler                       0x0800031b   Thumb Code     0  startup_stm32f411xe.o(.text)
    I2C1_EV_IRQHandler                       0x0800031b   Thumb Code     0  startup_stm32f411xe.o(.text)
    I2C2_ER_IRQHandler                       0x0800031b   Thumb Code     0  startup_stm32f411xe.o(.text)
    I2C2_EV_IRQHandler                       0x0800031b   Thumb Code     0  startup_stm32f411xe.o(.text)
    I2C3_ER_IRQHandler                       0x0800031b   Thumb Code     0  startup_stm32f411xe.o(.text)
    I2C3_EV_IRQHandler                       0x0800031b   Thumb Code     0  startup_stm32f411xe.o(.text)
    OTG_FS_IRQHandler                        0x0800031b   Thumb Code     0  startup_stm32f411xe.o(.text)
    OTG_FS_WKUP_IRQHandler                   0x0800031b   Thumb Code     0  startup_stm32f411xe.o(.text)
    PVD_IRQHandler                           0x0800031b   Thumb Code     0  startup_stm32f411xe.o(.text)
    RCC_IRQHandler                           0x0800031b   Thumb Code     0  startup_stm32f411xe.o(.text)
    RTC_Alarm_IRQHandler                     0x0800031b   Thumb Code     0  startup_stm32f411xe.o(.text)
    RTC_WKUP_IRQHandler                      0x0800031b   Thumb Code     0  startup_stm32f411xe.o(.text)
    SDIO_IRQHandler                          0x0800031b   Thumb Code     0  startup_stm32f411xe.o(.text)
    SPI1_IRQHandler                          0x0800031b   Thumb Code     0  startup_stm32f411xe.o(.text)
    SPI2_IRQHandler                          0x0800031b   Thumb Code     0  startup_stm32f411xe.o(.text)
    SPI3_IRQHandler                          0x0800031b   Thumb Code     0  startup_stm32f411xe.o(.text)
    SPI4_IRQHandler                          0x0800031b   Thumb Code     0  startup_stm32f411xe.o(.text)
    SPI5_IRQHandler                          0x0800031b   Thumb Code     0  startup_stm32f411xe.o(.text)
    TAMP_STAMP_IRQHandler                    0x0800031b   Thumb Code     0  startup_stm32f411xe.o(.text)
    TIM1_BRK_TIM9_IRQHandler                 0x0800031b   Thumb Code     0  startup_stm32f411xe.o(.text)
    TIM1_CC_IRQHandler                       0x0800031b   Thumb Code     0  startup_stm32f411xe.o(.text)
    TIM1_TRG_COM_TIM11_IRQHandler            0x0800031b   Thumb Code     0  startup_stm32f411xe.o(.text)
    TIM1_UP_TIM10_IRQHandler                 0x0800031b   Thumb Code     0  startup_stm32f411xe.o(.text)
    TIM2_IRQHandler                          0x0800031b   Thumb Code     0  startup_stm32f411xe.o(.text)
    TIM4_IRQHandler                          0x0800031b   Thumb Code     0  startup_stm32f411xe.o(.text)
    USART2_IRQHandler                        0x0800031b   Thumb Code     0  startup_stm32f411xe.o(.text)
    USART6_IRQHandler                        0x0800031b   Thumb Code     0  startup_stm32f411xe.o(.text)
    WWDG_IRQHandler                          0x0800031b   Thumb Code     0  startup_stm32f411xe.o(.text)
    __user_initial_stackheap                 0x0800031d   Thumb Code     0  startup_stm32f411xe.o(.text)
    __use_no_semihosting                     0x08000341   Thumb Code     2  use_no_semi_2.o(.text)
    __2printf                                0x08000345   Thumb Code    20  noretval__2printf.o(.text)
    _printf_str                              0x0800035d   Thumb Code    82  _printf_str.o(.text)
    _printf_int_dec                          0x080003b1   Thumb Code   104  _printf_dec.o(.text)
    __printf                                 0x08000429   Thumb Code   308  __printf_flags_wp.o(.text)
    __aeabi_memcpy                           0x08000561   Thumb Code     0  rt_memcpy_v6.o(.text)
    __rt_memcpy                              0x08000561   Thumb Code   138  rt_memcpy_v6.o(.text)
    _memcpy_lastbytes                        0x080005c7   Thumb Code     0  rt_memcpy_v6.o(.text)
    __aeabi_memset                           0x080005eb   Thumb Code    16  aeabi_memset.o(.text)
    __use_two_region_memory                  0x080005fb   Thumb Code     2  heapauxi.o(.text)
    __rt_heap_escrow$2region                 0x080005fd   Thumb Code     2  heapauxi.o(.text)
    __rt_heap_expand$2region                 0x080005ff   Thumb Code     2  heapauxi.o(.text)
    __I$use$semihosting                      0x08000601   Thumb Code     0  use_no_semi.o(.text)
    __use_no_semihosting_swi                 0x08000601   Thumb Code     2  use_no_semi.o(.text)
    _printf_int_common                       0x08000603   Thumb Code   178  _printf_intcommon.o(.text)
    _printf_char_common                      0x080006bf   Thumb Code    32  _printf_char_common.o(.text)
    _printf_cs_common                        0x080006e5   Thumb Code    20  _printf_char.o(.text)
    _printf_char                             0x080006f9   Thumb Code    16  _printf_char.o(.text)
    _printf_string                           0x08000709   Thumb Code     8  _printf_char.o(.text)
    _printf_char_file                        0x08000711   Thumb Code    32  _printf_char_file.o(.text)
    __aeabi_memcpy4                          0x08000735   Thumb Code     0  rt_memcpy_w.o(.text)
    __aeabi_memcpy8                          0x08000735   Thumb Code     0  rt_memcpy_w.o(.text)
    __rt_memcpy_w                            0x08000735   Thumb Code   100  rt_memcpy_w.o(.text)
    _memcpy_lastbytes_aligned                0x0800077d   Thumb Code     0  rt_memcpy_w.o(.text)
    __aeabi_memclr                           0x08000799   Thumb Code     0  rt_memclr.o(.text)
    __rt_memclr                              0x08000799   Thumb Code    68  rt_memclr.o(.text)
    _memset                                  0x0800079d   Thumb Code     0  rt_memclr.o(.text)
    ferror                                   0x080007dd   Thumb Code     8  ferror.o(.text)
    __aeabi_memclr4                          0x080007e5   Thumb Code     0  rt_memclr_w.o(.text)
    __aeabi_memclr8                          0x080007e5   Thumb Code     0  rt_memclr_w.o(.text)
    __rt_memclr_w                            0x080007e5   Thumb Code    78  rt_memclr_w.o(.text)
    _memset_w                                0x080007e9   Thumb Code     0  rt_memclr_w.o(.text)
    __user_libspace                          0x08000835   Thumb Code     8  libspace.o(.text)
    __user_perproc_libspace                  0x08000835   Thumb Code     0  libspace.o(.text)
    __user_perthread_libspace                0x08000835   Thumb Code     0  libspace.o(.text)
    __user_setup_stackheap                   0x0800083d   Thumb Code    74  sys_stackheap_outer.o(.text)
    exit                                     0x08000887   Thumb Code    18  exit.o(.text)
    Bluetoot_Receive_isr1                    0x08000899   Thumb Code   162  usart.o(i.Bluetoot_Receive_isr1)
    BusFault_Handler                         0x08000945   Thumb Code     2  stm32f4xx_it.o(i.BusFault_Handler)
    DebugMon_Handler                         0x08000947   Thumb Code     2  stm32f4xx_it.o(i.DebugMon_Handler)
    EXTI4_IRQHandler                         0x08000949   Thumb Code    62  exti.o(i.EXTI4_IRQHandler)
    EXTIX_Init                               0x080009a9   Thumb Code    78  exti.o(i.EXTIX_Init)
    EXTI_ClearITPendingBit                   0x080009f9   Thumb Code     6  stm32f4xx_exti.o(i.EXTI_ClearITPendingBit)
    EXTI_Init                                0x08000a05   Thumb Code   108  stm32f4xx_exti.o(i.EXTI_Init)
    GPIO_Init                                0x08000a75   Thumb Code   120  stm32f4xx_gpio.o(i.GPIO_Init)
    GPIO_PinAFConfig                         0x08000aed   Thumb Code    32  stm32f4xx_gpio.o(i.GPIO_PinAFConfig)
    GPIO_ReadInputDataBit                    0x08000b0d   Thumb Code    14  stm32f4xx_gpio.o(i.GPIO_ReadInputDataBit)
    GPIO_SetBits                             0x08000b1b   Thumb Code     4  stm32f4xx_gpio.o(i.GPIO_SetBits)
    HardFault_Handler                        0x08000b1f   Thumb Code     2  stm32f4xx_it.o(i.HardFault_Handler)
    KEY_Init                                 0x08000b21   Thumb Code    58  key.o(i.KEY_Init)
    KEY_Scan                                 0x08000b65   Thumb Code   190  key.o(i.KEY_Scan)
    LED_Init                                 0x08000c31   Thumb Code    58  led.o(i.LED_Init)
    MemManage_Handler                        0x08000c71   Thumb Code     2  stm32f4xx_it.o(i.MemManage_Handler)
    NMI_Handler                              0x08000c73   Thumb Code     2  stm32f4xx_it.o(i.NMI_Handler)
    NVIC_Init                                0x08000c75   Thumb Code    96  misc.o(i.NVIC_Init)
    NVIC_PriorityGroupConfig                 0x08000cd9   Thumb Code    10  misc.o(i.NVIC_PriorityGroupConfig)
    RCC_AHB1PeriphClockCmd                   0x08000ced   Thumb Code    18  stm32f4xx_rcc.o(i.RCC_AHB1PeriphClockCmd)
    RCC_APB2PeriphClockCmd                   0x08000d05   Thumb Code    18  stm32f4xx_rcc.o(i.RCC_APB2PeriphClockCmd)
    RCC_GetClocksFreq                        0x08000d1d   Thumb Code   132  stm32f4xx_rcc.o(i.RCC_GetClocksFreq)
    SYSCFG_EXTILineConfig                    0x08000dad   Thumb Code    42  stm32f4xx_syscfg.o(i.SYSCFG_EXTILineConfig)
    SysTick_CLKSourceConfig                  0x08000e8d   Thumb Code    24  misc.o(i.SysTick_CLKSourceConfig)
    SysTick_Handler                          0x08000ea5   Thumb Code    20  delay.o(i.SysTick_Handler)
    SystemInit                               0x08000eb9   Thumb Code    74  system_stm32f4xx.o(i.SystemInit)
    TIM3_IRQHandler                          0x08000f15   Thumb Code    34  timer.o(i.TIM3_IRQHandler)
    TIM5_IRQHandler                          0x08000f51   Thumb Code    34  timer.o(i.TIM5_IRQHandler)
    TIM_ClearITPendingBit                    0x08000f8d   Thumb Code     6  stm32f4xx_tim.o(i.TIM_ClearITPendingBit)
    TIM_GetITStatus                          0x08000f93   Thumb Code    24  stm32f4xx_tim.o(i.TIM_GetITStatus)
    USART1_IRQHandler                        0x08000fad   Thumb Code   102  usart.o(i.USART1_IRQHandler)
    USART_Cmd                                0x08001021   Thumb Code    20  stm32f4xx_usart.o(i.USART_Cmd)
    USART_GetITStatus                        0x08001035   Thumb Code    62  stm32f4xx_usart.o(i.USART_GetITStatus)
    USART_ITConfig                           0x08001073   Thumb Code    48  stm32f4xx_usart.o(i.USART_ITConfig)
    USART_Init                               0x080010a5   Thumb Code   164  stm32f4xx_usart.o(i.USART_Init)
    USART_ReceiveData                        0x08001151   Thumb Code     8  stm32f4xx_usart.o(i.USART_ReceiveData)
    USTB_DT_Data_Receive_Anl                 0x08001159   Thumb Code   736  data_transfer.o(i.USTB_DT_Data_Receive_Anl)
    USTB_DT_Data_Receive_Prepare             0x08001449   Thumb Code   140  data_transfer.o(i.USTB_DT_Data_Receive_Prepare)
    UsageFault_Handler                       0x080014dd   Thumb Code     2  stm32f4xx_it.o(i.UsageFault_Handler)
    _is_digit                                0x080014df   Thumb Code    14  __printf_wp.o(i._is_digit)
    _sys_exit                                0x080014ed   Thumb Code     2  usart.o(i._sys_exit)
    delay_init                               0x080014f1   Thumb Code    50  delay.o(i.delay_init)
    delay_ms                                 0x08001529   Thumb Code    52  delay.o(i.delay_ms)
    delay_us                                 0x08001561   Thumb Code    48  delay.o(i.delay_us)
    delay_xms                                0x08001595   Thumb Code    26  delay.o(i.delay_xms)
    fputc                                    0x080015b1   Thumb Code    14  usart.o(i.fputc)
    key_task                                 0x080015c5   Thumb Code    60  main.o(i.key_task)
    main                                     0x08001641   Thumb Code    64  main.o(i.main)
    pvPortMalloc                             0x08001f4d   Thumb Code   214  heap_4.o(i.pvPortMalloc)
    pvTaskIncrementMutexHeldCount            0x08002061   Thumb Code    18  tasks.o(i.pvTaskIncrementMutexHeldCount)
    pxPortInitialiseStack                    0x08002079   Thumb Code    40  port.o(i.pxPortInitialiseStack)
    start_task                               0x080020a5   Thumb Code    88  main.o(i.start_task)
    task1_task                               0x08002131   Thumb Code    44  main.o(i.task1_task)
    task2_task                               0x08002179   Thumb Code    44  main.o(i.task2_task)
    uart_init                                0x080021c1   Thumb Code   164  usart.o(i.uart_init)
    uxListRemove                             0x0800226d   Thumb Code    36  list.o(i.uxListRemove)
    vListInitialise                          0x08002291   Thumb Code    22  list.o(i.vListInitialise)
    vListInitialiseItem                      0x080022a7   Thumb Code     6  list.o(i.vListInitialiseItem)
    vListInsert                              0x080022ad   Thumb Code    48  list.o(i.vListInsert)
    vListInsertEnd                           0x080022dd   Thumb Code    24  list.o(i.vListInsertEnd)
    vPortEnterCritical                       0x080022f5   Thumb Code    50  port.o(i.vPortEnterCritical)
    vPortExitCritical                        0x0800236d   Thumb Code    34  port.o(i.vPortExitCritical)
    vPortFree                                0x080023d1   Thumb Code    94  heap_4.o(i.vPortFree)
    vPortSetupTimerInterrupt                 0x0800246d   Thumb Code    26  port.o(i.vPortSetupTimerInterrupt)
    vPortValidateInterruptPriority           0x0800248d   Thumb Code    70  port.o(i.vPortValidateInterruptPriority)
    vQueueAddToRegistry                      0x08002519   Thumb Code    32  queue.o(i.vQueueAddToRegistry)
    vQueueWaitForMessageRestricted           0x0800253d   Thumb Code    68  queue.o(i.vQueueWaitForMessageRestricted)
    vTaskDelay                               0x08002581   Thumb Code    62  tasks.o(i.vTaskDelay)
    vTaskDelete                              0x080025ed   Thumb Code   152  tasks.o(i.vTaskDelete)
    vTaskMissedYield                         0x080026b9   Thumb Code     8  tasks.o(i.vTaskMissedYield)
    vTaskPlaceOnEventList                    0x080026c5   Thumb Code    44  tasks.o(i.vTaskPlaceOnEventList)
    vTaskPlaceOnEventListRestricted          0x08002719   Thumb Code    52  tasks.o(i.vTaskPlaceOnEventListRestricted)
    vTaskPriorityInherit                     0x08002775   Thumb Code   124  tasks.o(i.vTaskPriorityInherit)
    vTaskResume                              0x080027f9   Thumb Code   112  tasks.o(i.vTaskResume)
    vTaskSetTimeOutState                     0x08002899   Thumb Code    30  tasks.o(i.vTaskSetTimeOutState)
    vTaskStartScheduler                      0x080028e1   Thumb Code    96  tasks.o(i.vTaskStartScheduler)
    vTaskSuspend                             0x08002975   Thumb Code   154  tasks.o(i.vTaskSuspend)
    vTaskSuspendAll                          0x08002a45   Thumb Code    10  tasks.o(i.vTaskSuspendAll)
    vTaskSwitchContext                       0x08002a55   Thumb Code    80  tasks.o(i.vTaskSwitchContext)
    xPortStartScheduler                      0x08002ad1   Thumb Code   196  port.o(i.xPortStartScheduler)
    xPortSysTickHandler                      0x08002be5   Thumb Code    38  port.o(i.xPortSysTickHandler)
    xQueueGenericCreate                      0x08002c11   Thumb Code    82  queue.o(i.xQueueGenericCreate)
    xQueueGenericReceive                     0x08002c89   Thumb Code   348  queue.o(i.xQueueGenericReceive)
    xQueueGenericReset                       0x08002e0d   Thumb Code   128  queue.o(i.xQueueGenericReset)
    xQueueGenericSend                        0x08002eb5   Thumb Code   350  queue.o(i.xQueueGenericSend)
    xQueueGenericSendFromISR                 0x0800303d   Thumb Code   188  queue.o(i.xQueueGenericSendFromISR)
    xTaskCheckForTimeOut                     0x0800311d   Thumb Code    94  tasks.o(i.xTaskCheckForTimeOut)
    xTaskCreate                              0x080031a5   Thumb Code    86  tasks.o(i.xTaskCreate)
    xTaskGetSchedulerState                   0x080031fd   Thumb Code    22  tasks.o(i.xTaskGetSchedulerState)
    xTaskGetTickCount                        0x08003219   Thumb Code     6  tasks.o(i.xTaskGetTickCount)
    xTaskIncrementTick                       0x08003225   Thumb Code   188  tasks.o(i.xTaskIncrementTick)
    xTaskPriorityDisinherit                  0x0800330d   Thumb Code   136  tasks.o(i.xTaskPriorityDisinherit)
    xTaskRemoveFromEventList                 0x080033c1   Thumb Code   102  tasks.o(i.xTaskRemoveFromEventList)
    xTaskResumeAll                           0x08003459   Thumb Code   180  tasks.o(i.xTaskResumeAll)
    xTaskResumeFromISR                       0x0800353d   Thumb Code   122  tasks.o(i.xTaskResumeFromISR)
    xTimerCreate                             0x080035e9   Thumb Code    74  timers.o(i.xTimerCreate)
    xTimerCreateTimerTask                    0x0800365d   Thumb Code    58  timers.o(i.xTimerCreateTimerTask)
    xTimerGenericCommand                     0x080036d1   Thumb Code    98  timers.o(i.xTimerGenericCommand)
    __aeabi_d2f                              0x08003761   Thumb Code     0  d2f.o(x$fpl$d2f)
    _d2f                                     0x08003761   Thumb Code    98  d2f.o(x$fpl$d2f)
    __aeabi_i2d                              0x080037c3   Thumb Code     0  dflt_clz.o(x$fpl$dflt)
    _dflt                                    0x080037c3   Thumb Code    46  dflt_clz.o(x$fpl$dflt)
    __aeabi_dmul                             0x080037f1   Thumb Code     0  dmul.o(x$fpl$dmul)
    _dmul                                    0x080037f1   Thumb Code   332  dmul.o(x$fpl$dmul)
    __fpl_dnaninf                            0x08003945   Thumb Code   156  dnaninf.o(x$fpl$dnaninf)
    __fpl_dretinf                            0x080039e1   Thumb Code    12  dretinf.o(x$fpl$dretinf)
    _fp_init                                 0x080039ed   Thumb Code    10  fpinit.o(x$fpl$fpinit)
    __fplib_config_fpu_vfp                   0x080039f5   Thumb Code     0  fpinit.o(x$fpl$fpinit)
    __fplib_config_pureend_doubles           0x080039f5   Thumb Code     0  fpinit.o(x$fpl$fpinit)
    __fpl_fretinf                            0x080039f7   Thumb Code    10  fretinf.o(x$fpl$fretinf)
    __I$use$fp                               0x08003a00   Number         0  usenofp.o(x$fpl$usenofp)
    Region$$Table$$Base                      0x08003a14   Number         0  anon$$obj.o(Region$$Table)
    Region$$Table$$Limit                     0x08003a34   Number         0  anon$$obj.o(Region$$Table)
    StartTask_Handler                        0x20000000   Data           4  main.o(.data)
    KeyTask_Handler                          0x20000004   Data           4  main.o(.data)
    Task1Task_Handler                        0x20000008   Data           4  main.o(.data)
    Task2Task_Handler                        0x2000000c   Data           4  main.o(.data)
    SystemCoreClock                          0x20000010   Data           4  system_stm32f4xx.o(.data)
    AHBPrescTable                            0x20000014   Data          16  system_stm32f4xx.o(.data)
    checkdata_to_send                        0x20000032   Data           1  data_transfer.o(.data)
    checksum_to_send                         0x20000033   Data           1  data_transfer.o(.data)
    count                                    0x20000038   Data           1  usart.o(.data)
    receFlag                                 0x20000039   Data           1  usart.o(.data)
    BTNumberReceCount                        0x2000003a   Data           1  usart.o(.data)
    headcount                                0x2000003b   Data           1  usart.o(.data)
    BTreceCRCTemp                            0x2000003c   Data           1  usart.o(.data)
    BTreceCRCFlag                            0x2000003d   Data           1  usart.o(.data)
    auto_control                             0x2000003e   Data           1  usart.o(.data)
    receive                                  0x2000003f   Data           1  usart.o(.data)
    Speed_set                                0x20000040   Data           2  usart.o(.data)
    D_yaw_control                            0x20000042   Data           2  usart.o(.data)
    D_pitch_control                          0x20000044   Data           2  usart.o(.data)
    USART_RX_STA                             0x20000046   Data           2  usart.o(.data)
    USART_state                              0x20000048   Data           4  usart.o(.data)
    __stdout                                 0x2000004c   Data           4  usart.o(.data)
    pxCurrentTCB                             0x20000060   Data           4  tasks.o(.data)
    f                                        0x20000106   Data          18  data_transfer.o(.bss)
    data_to_send                             0x20000118   Data          50  data_transfer.o(.bss)
    ctrl_Pitch                               0x2000014c   Data          12  data_transfer.o(.bss)
    ctrl_Roll                                0x20000158   Data          12  data_transfer.o(.bss)
    ctrl_Yaw                                 0x20000164   Data          12  data_transfer.o(.bss)
    ctr2_Pitch                               0x20000170   Data          12  data_transfer.o(.bss)
    ctr2_Roll                                0x2000017c   Data          12  data_transfer.o(.bss)
    ctr2_Yaw                                 0x20000188   Data          12  data_transfer.o(.bss)
    BTNumberSend                             0x20000194   Data          15  usart.o(.bss)
    BTNumberRece                             0x200001a3   Data          16  usart.o(.bss)
    TxBuffer                                 0x200001b3   Data         256  usart.o(.bss)
    USART_RX_BUF                             0x200002b3   Data         200  usart.o(.bss)
    xQueueRegistry                           0x2000037c   Data          64  queue.o(.bss)
    __libspace_start                         0x200056c8   Data          96  libspace.o(.bss)
    __temporary_stack_top$libspace           0x20005728   Data           0  libspace.o(.bss)



==============================================================================

Memory Map of the image

  Image Entry point : 0x08000199

  Load Region LR_IROM1 (Base: 0x08000000, Size: 0x00003b08, Max: 0x00080000, ABSOLUTE)

    Execution Region ER_IROM1 (Base: 0x08000000, Size: 0x00003a34, Max: 0x00080000, ABSOLUTE)

    Base Addr    Size         Type   Attr      Idx    E Section Name        Object

    0x08000000   0x00000198   Data   RO         1528    RESET               startup_stm32f411xe.o
    0x08000198   0x00000008   Code   RO         3979  * !!!main             c_w.l(__main.o)
    0x080001a0   0x00000034   Code   RO         4296    !!!scatter          c_w.l(__scatter.o)
    0x080001d4   0x0000001a   Code   RO         4298    !!handler_copy      c_w.l(__scatter_copy.o)
    0x080001ee   0x00000002   PAD
    0x080001f0   0x0000001c   Code   RO         4300    !!handler_zi        c_w.l(__scatter_zi.o)
    0x0800020c   0x00000000   Code   RO         3966    .ARM.Collect$$_printf_percent$$00000000  c_w.l(_printf_percent.o)
    0x0800020c   0x00000006   Code   RO         3964    .ARM.Collect$$_printf_percent$$00000009  c_w.l(_printf_d.o)
    0x08000212   0x00000006   Code   RO         3962    .ARM.Collect$$_printf_percent$$00000014  c_w.l(_printf_s.o)
    0x08000218   0x00000004   Code   RO         4050    .ARM.Collect$$_printf_percent$$00000017  c_w.l(_printf_percent_end.o)
    0x0800021c   0x00000002   Code   RO         4167    .ARM.Collect$$libinit$$00000000  c_w.l(libinit.o)
    0x0800021e   0x00000004   Code   RO         4176    .ARM.Collect$$libinit$$00000001  c_w.l(libinit2.o)
    0x08000222   0x00000000   Code   RO         4179    .ARM.Collect$$libinit$$00000004  c_w.l(libinit2.o)
    0x08000222   0x00000000   Code   RO         4182    .ARM.Collect$$libinit$$0000000A  c_w.l(libinit2.o)
    0x08000222   0x00000000   Code   RO         4184    .ARM.Collect$$libinit$$0000000C  c_w.l(libinit2.o)
    0x08000222   0x00000000   Code   RO         4186    .ARM.Collect$$libinit$$0000000E  c_w.l(libinit2.o)
    0x08000222   0x00000000   Code   RO         4189    .ARM.Collect$$libinit$$00000011  c_w.l(libinit2.o)
    0x08000222   0x00000000   Code   RO         4191    .ARM.Collect$$libinit$$00000013  c_w.l(libinit2.o)
    0x08000222   0x00000000   Code   RO         4193    .ARM.Collect$$libinit$$00000015  c_w.l(libinit2.o)
    0x08000222   0x00000000   Code   RO         4195    .ARM.Collect$$libinit$$00000017  c_w.l(libinit2.o)
    0x08000222   0x00000000   Code   RO         4197    .ARM.Collect$$libinit$$00000019  c_w.l(libinit2.o)
    0x08000222   0x00000000   Code   RO         4199    .ARM.Collect$$libinit$$0000001B  c_w.l(libinit2.o)
    0x08000222   0x00000000   Code   RO         4201    .ARM.Collect$$libinit$$0000001D  c_w.l(libinit2.o)
    0x08000222   0x00000000   Code   RO         4203    .ARM.Collect$$libinit$$0000001F  c_w.l(libinit2.o)
    0x08000222   0x00000000   Code   RO         4205    .ARM.Collect$$libinit$$00000021  c_w.l(libinit2.o)
    0x08000222   0x00000000   Code   RO         4207    .ARM.Collect$$libinit$$00000023  c_w.l(libinit2.o)
    0x08000222   0x00000000   Code   RO         4209    .ARM.Collect$$libinit$$00000025  c_w.l(libinit2.o)
    0x08000222   0x00000000   Code   RO         4213    .ARM.Collect$$libinit$$0000002C  c_w.l(libinit2.o)
    0x08000222   0x00000000   Code   RO         4215    .ARM.Collect$$libinit$$0000002E  c_w.l(libinit2.o)
    0x08000222   0x00000000   Code   RO         4217    .ARM.Collect$$libinit$$00000030  c_w.l(libinit2.o)
    0x08000222   0x00000000   Code   RO         4219    .ARM.Collect$$libinit$$00000032  c_w.l(libinit2.o)
    0x08000222   0x00000002   Code   RO         4220    .ARM.Collect$$libinit$$00000033  c_w.l(libinit2.o)
    0x08000224   0x00000002   Code   RO         4248    .ARM.Collect$$libshutdown$$00000000  c_w.l(libshutdown.o)
    0x08000226   0x00000000   Code   RO         4262    .ARM.Collect$$libshutdown$$00000002  c_w.l(libshutdown2.o)
    0x08000226   0x00000000   Code   RO         4264    .ARM.Collect$$libshutdown$$00000004  c_w.l(libshutdown2.o)
    0x08000226   0x00000000   Code   RO         4267    .ARM.Collect$$libshutdown$$00000007  c_w.l(libshutdown2.o)
    0x08000226   0x00000000   Code   RO         4270    .ARM.Collect$$libshutdown$$0000000A  c_w.l(libshutdown2.o)
    0x08000226   0x00000000   Code   RO         4272    .ARM.Collect$$libshutdown$$0000000C  c_w.l(libshutdown2.o)
    0x08000226   0x00000000   Code   RO         4275    .ARM.Collect$$libshutdown$$0000000F  c_w.l(libshutdown2.o)
    0x08000226   0x00000002   Code   RO         4276    .ARM.Collect$$libshutdown$$00000010  c_w.l(libshutdown2.o)
    0x08000228   0x00000000   Code   RO         4035    .ARM.Collect$$rtentry$$00000000  c_w.l(__rtentry.o)
    0x08000228   0x00000000   Code   RO         4118    .ARM.Collect$$rtentry$$00000002  c_w.l(__rtentry2.o)
    0x08000228   0x00000006   Code   RO         4130    .ARM.Collect$$rtentry$$00000004  c_w.l(__rtentry4.o)
    0x0800022e   0x00000000   Code   RO         4120    .ARM.Collect$$rtentry$$00000009  c_w.l(__rtentry2.o)
    0x0800022e   0x00000004   Code   RO         4121    .ARM.Collect$$rtentry$$0000000A  c_w.l(__rtentry2.o)
    0x08000232   0x00000000   Code   RO         4123    .ARM.Collect$$rtentry$$0000000C  c_w.l(__rtentry2.o)
    0x08000232   0x00000008   Code   RO         4124    .ARM.Collect$$rtentry$$0000000D  c_w.l(__rtentry2.o)
    0x0800023a   0x00000002   Code   RO         4170    .ARM.Collect$$rtexit$$00000000  c_w.l(rtexit.o)
    0x0800023c   0x00000000   Code   RO         4222    .ARM.Collect$$rtexit$$00000002  c_w.l(rtexit2.o)
    0x0800023c   0x00000004   Code   RO         4223    .ARM.Collect$$rtexit$$00000003  c_w.l(rtexit2.o)
    0x08000240   0x00000006   Code   RO         4224    .ARM.Collect$$rtexit$$00000004  c_w.l(rtexit2.o)
    0x08000246   0x00000002   PAD
    0x08000248   0x000000b6   Code   RO         3758    .emb_text           port.o
    0x080002fe   0x00000002   PAD
    0x08000300   0x00000040   Code   RO         1529    .text               startup_stm32f411xe.o
    0x08000340   0x00000002   Code   RO         3900    .text               c_w.l(use_no_semi_2.o)
    0x08000342   0x00000002   PAD
    0x08000344   0x00000018   Code   RO         3908    .text               c_w.l(noretval__2printf.o)
    0x0800035c   0x00000052   Code   RO         3916    .text               c_w.l(_printf_str.o)
    0x080003ae   0x00000002   PAD
    0x080003b0   0x00000078   Code   RO         3918    .text               c_w.l(_printf_dec.o)
    0x08000428   0x00000138   Code   RO         3953    .text               c_w.l(__printf_flags_wp.o)
    0x08000560   0x0000008a   Code   RO         3973    .text               c_w.l(rt_memcpy_v6.o)
    0x080005ea   0x00000010   Code   RO         3975    .text               c_w.l(aeabi_memset.o)
    0x080005fa   0x00000006   Code   RO         3977    .text               c_w.l(heapauxi.o)
    0x08000600   0x00000002   Code   RO         4033    .text               c_w.l(use_no_semi.o)
    0x08000602   0x000000b2   Code   RO         4040    .text               c_w.l(_printf_intcommon.o)
    0x080006b4   0x00000030   Code   RO         4042    .text               c_w.l(_printf_char_common.o)
    0x080006e4   0x0000002c   Code   RO         4046    .text               c_w.l(_printf_char.o)
    0x08000710   0x00000024   Code   RO         4048    .text               c_w.l(_printf_char_file.o)
    0x08000734   0x00000064   Code   RO         4051    .text               c_w.l(rt_memcpy_w.o)
    0x08000798   0x00000044   Code   RO         4053    .text               c_w.l(rt_memclr.o)
    0x080007dc   0x00000008   Code   RO         4143    .text               c_w.l(ferror.o)
    0x080007e4   0x0000004e   Code   RO         4147    .text               c_w.l(rt_memclr_w.o)
    0x08000832   0x00000002   PAD
    0x08000834   0x00000008   Code   RO         4153    .text               c_w.l(libspace.o)
    0x0800083c   0x0000004a   Code   RO         4156    .text               c_w.l(sys_stackheap_outer.o)
    0x08000886   0x00000012   Code   RO         4160    .text               c_w.l(exit.o)
    0x08000898   0x000000ac   Code   RO         1409    i.Bluetoot_Receive_isr1  usart.o
    0x08000944   0x00000002   Code   RO          203    i.BusFault_Handler  stm32f4xx_it.o
    0x08000946   0x00000002   Code   RO          204    i.DebugMon_Handler  stm32f4xx_it.o
    0x08000948   0x00000060   Code   RO          374    i.EXTI4_IRQHandler  exti.o
    0x080009a8   0x0000004e   Code   RO          375    i.EXTIX_Init        exti.o
    0x080009f6   0x00000002   PAD
    0x080009f8   0x0000000c   Code   RO         2803    i.EXTI_ClearITPendingBit  stm32f4xx_exti.o
    0x08000a04   0x00000070   Code   RO         2808    i.EXTI_Init         stm32f4xx_exti.o
    0x08000a74   0x00000078   Code   RO         1580    i.GPIO_Init         stm32f4xx_gpio.o
    0x08000aec   0x00000020   Code   RO         1581    i.GPIO_PinAFConfig  stm32f4xx_gpio.o
    0x08000b0c   0x0000000e   Code   RO         1584    i.GPIO_ReadInputDataBit  stm32f4xx_gpio.o
    0x08000b1a   0x00000004   Code   RO         1588    i.GPIO_SetBits      stm32f4xx_gpio.o
    0x08000b1e   0x00000002   Code   RO          205    i.HardFault_Handler  stm32f4xx_it.o
    0x08000b20   0x00000044   Code   RO          411    i.KEY_Init          key.o
    0x08000b64   0x000000cc   Code   RO          412    i.KEY_Scan          key.o
    0x08000c30   0x00000040   Code   RO          316    i.LED_Init          led.o
    0x08000c70   0x00000002   Code   RO          206    i.MemManage_Handler  stm32f4xx_it.o
    0x08000c72   0x00000002   Code   RO          207    i.NMI_Handler       stm32f4xx_it.o
    0x08000c74   0x00000064   Code   RO         1535    i.NVIC_Init         misc.o
    0x08000cd8   0x00000014   Code   RO         1536    i.NVIC_PriorityGroupConfig  misc.o
    0x08000cec   0x00000018   Code   RO         1677    i.RCC_AHB1PeriphClockCmd  stm32f4xx_rcc.o
    0x08000d04   0x00000018   Code   RO         1689    i.RCC_APB2PeriphClockCmd  stm32f4xx_rcc.o
    0x08000d1c   0x00000090   Code   RO         1698    i.RCC_GetClocksFreq  stm32f4xx_rcc.o
    0x08000dac   0x00000030   Code   RO         2014    i.SYSCFG_EXTILineConfig  stm32f4xx_syscfg.o
    0x08000ddc   0x000000b0   Code   RO          279    i.SetSysClock       system_stm32f4xx.o
    0x08000e8c   0x00000018   Code   RO         1539    i.SysTick_CLKSourceConfig  misc.o
    0x08000ea4   0x00000014   Code   RO         1344    i.SysTick_Handler   delay.o
    0x08000eb8   0x0000005c   Code   RO          281    i.SystemInit        system_stm32f4xx.o
    0x08000f14   0x0000003c   Code   RO          336    i.TIM3_IRQHandler   timer.o
    0x08000f50   0x0000003c   Code   RO          338    i.TIM5_IRQHandler   timer.o
    0x08000f8c   0x00000006   Code   RO         2264    i.TIM_ClearITPendingBit  stm32f4xx_tim.o
    0x08000f92   0x00000018   Code   RO         2290    i.TIM_GetITStatus   stm32f4xx_tim.o
    0x08000faa   0x00000002   PAD
    0x08000fac   0x00000074   Code   RO         1414    i.USART1_IRQHandler  usart.o
    0x08001020   0x00000014   Code   RO         2071    i.USART_Cmd         stm32f4xx_usart.o
    0x08001034   0x0000003e   Code   RO         2075    i.USART_GetITStatus  stm32f4xx_usart.o
    0x08001072   0x00000030   Code   RO         2077    i.USART_ITConfig    stm32f4xx_usart.o
    0x080010a2   0x00000002   PAD
    0x080010a4   0x000000ac   Code   RO         2078    i.USART_Init        stm32f4xx_usart.o
    0x08001150   0x00000008   Code   RO         2085    i.USART_ReceiveData  stm32f4xx_usart.o
    0x08001158   0x000002f0   Code   RO         1154    i.USTB_DT_Data_Receive_Anl  data_transfer.o
    0x08001448   0x00000094   Code   RO         1155    i.USTB_DT_Data_Receive_Prepare  data_transfer.o
    0x080014dc   0x00000002   Code   RO          208    i.UsageFault_Handler  stm32f4xx_it.o
    0x080014de   0x0000000e   Code   RO         3951    i._is_digit         c_w.l(__printf_wp.o)
    0x080014ec   0x00000002   Code   RO         1416    i._sys_exit         usart.o
    0x080014ee   0x00000002   PAD
    0x080014f0   0x00000038   Code   RO         1345    i.delay_init        delay.o
    0x08001528   0x00000038   Code   RO         1346    i.delay_ms          delay.o
    0x08001560   0x00000034   Code   RO         1347    i.delay_us          delay.o
    0x08001594   0x0000001a   Code   RO         1348    i.delay_xms         delay.o
    0x080015ae   0x00000002   PAD
    0x080015b0   0x00000014   Code   RO         1417    i.fputc             usart.o
    0x080015c4   0x0000007c   Code   RO            3    i.key_task          main.o
    0x08001640   0x00000054   Code   RO            4    i.main              main.o
    0x08001694   0x00000070   Code   RO         3277    i.prvAddCurrentTaskToDelayedList  tasks.o
    0x08001704   0x000000d0   Code   RO         3278    i.prvAddNewTaskToReadyList  tasks.o
    0x080017d4   0x00000050   Code   RO         3630    i.prvCheckForValidListAndQueue  timers.o
    0x08001824   0x00000054   Code   RO         3279    i.prvCheckTasksWaitingTermination  tasks.o
    0x08001878   0x00000026   Code   RO         3048    i.prvCopyDataFromQueue  queue.o
    0x0800189e   0x0000006c   Code   RO         3049    i.prvCopyDataToQueue  queue.o
    0x0800190a   0x00000014   Code   RO         3280    i.prvDeleteTCB      tasks.o
    0x0800191e   0x00000002   PAD
    0x08001920   0x0000004c   Code   RO         3843    i.prvHeapInit       heap_4.o
    0x0800196c   0x00000028   Code   RO         3281    i.prvIdleTask       tasks.o
    0x08001994   0x000000c0   Code   RO         3282    i.prvInitialiseNewTask  tasks.o
    0x08001a54   0x0000004c   Code   RO         3844    i.prvInsertBlockIntoFreeList  heap_4.o
    0x08001aa0   0x00000038   Code   RO         3631    i.prvInsertTimerInActiveList  timers.o
    0x08001ad8   0x0000001a   Code   RO         3050    i.prvIsQueueEmpty   queue.o
    0x08001af2   0x00000002   PAD
    0x08001af4   0x00000090   Code   RO         3051    i.prvNotifyQueueSetContainer  queue.o
    0x08001b84   0x00000060   Code   RO         3632    i.prvProcessExpiredTimer  timers.o
    0x08001be4   0x000000f0   Code   RO         3633    i.prvProcessReceivedCommands  timers.o
    0x08001cd4   0x0000006c   Code   RO         3634    i.prvProcessTimerOrBlockTask  timers.o
    0x08001d40   0x00000020   Code   RO         3284    i.prvResetNextTaskUnblockTime  tasks.o
    0x08001d60   0x00000028   Code   RO         3635    i.prvSampleTimeNow  timers.o
    0x08001d88   0x0000006c   Code   RO         3636    i.prvSwitchTimerLists  timers.o
    0x08001df4   0x00000064   Code   RO         3759    i.prvTaskExitError  port.o
    0x08001e58   0x00000054   Code   RO         3285    i.prvTaskIsTaskSuspended  tasks.o
    0x08001eac   0x00000028   Code   RO         3637    i.prvTimerTask      timers.o
    0x08001ed4   0x00000078   Code   RO         3052    i.prvUnlockQueue    queue.o
    0x08001f4c   0x00000114   Code   RO         3845    i.pvPortMalloc      heap_4.o
    0x08002060   0x00000018   Code   RO         3286    i.pvTaskIncrementMutexHeldCount  tasks.o
    0x08002078   0x0000002c   Code   RO         3760    i.pxPortInitialiseStack  port.o
    0x080020a4   0x0000008c   Code   RO            5    i.start_task        main.o
    0x08002130   0x00000048   Code   RO            6    i.task1_task        main.o
    0x08002178   0x00000048   Code   RO            7    i.task2_task        main.o
    0x080021c0   0x000000ac   Code   RO         1419    i.uart_init         usart.o
    0x0800226c   0x00000024   Code   RO         3003    i.uxListRemove      list.o
    0x08002290   0x00000016   Code   RO         3004    i.vListInitialise   list.o
    0x080022a6   0x00000006   Code   RO         3005    i.vListInitialiseItem  list.o
    0x080022ac   0x00000030   Code   RO         3006    i.vListInsert       list.o
    0x080022dc   0x00000018   Code   RO         3007    i.vListInsertEnd    list.o
    0x080022f4   0x00000078   Code   RO         3762    i.vPortEnterCritical  port.o
    0x0800236c   0x00000064   Code   RO         3763    i.vPortExitCritical  port.o
    0x080023d0   0x0000009c   Code   RO         3846    i.vPortFree         heap_4.o
    0x0800246c   0x00000020   Code   RO         3764    i.vPortSetupTimerInterrupt  port.o
    0x0800248c   0x0000008c   Code   RO         3765    i.vPortValidateInterruptPriority  port.o
    0x08002518   0x00000024   Code   RO         3058    i.vQueueAddToRegistry  queue.o
    0x0800253c   0x00000044   Code   RO         3062    i.vQueueWaitForMessageRestricted  queue.o
    0x08002580   0x0000006c   Code   RO         3294    i.vTaskDelay        tasks.o
    0x080025ec   0x000000cc   Code   RO         3296    i.vTaskDelete       tasks.o
    0x080026b8   0x0000000c   Code   RO         3300    i.vTaskMissedYield  tasks.o
    0x080026c4   0x00000054   Code   RO         3302    i.vTaskPlaceOnEventList  tasks.o
    0x08002718   0x0000005c   Code   RO         3303    i.vTaskPlaceOnEventListRestricted  tasks.o
    0x08002774   0x00000084   Code   RO         3305    i.vTaskPriorityInherit  tasks.o
    0x080027f8   0x000000a0   Code   RO         3307    i.vTaskResume       tasks.o
    0x08002898   0x00000048   Code   RO         3309    i.vTaskSetTimeOutState  tasks.o
    0x080028e0   0x00000094   Code   RO         3310    i.vTaskStartScheduler  tasks.o
    0x08002974   0x000000d0   Code   RO         3311    i.vTaskSuspend      tasks.o
    0x08002a44   0x00000010   Code   RO         3312    i.vTaskSuspendAll   tasks.o
    0x08002a54   0x0000007c   Code   RO         3313    i.vTaskSwitchContext  tasks.o
    0x08002ad0   0x00000114   Code   RO         3766    i.xPortStartScheduler  port.o
    0x08002be4   0x0000002c   Code   RO         3767    i.xPortSysTickHandler  port.o
    0x08002c10   0x00000078   Code   RO         3067    i.xQueueGenericCreate  queue.o
    0x08002c88   0x00000184   Code   RO         3068    i.xQueueGenericReceive  queue.o
    0x08002e0c   0x000000a8   Code   RO         3069    i.xQueueGenericReset  queue.o
    0x08002eb4   0x00000188   Code   RO         3070    i.xQueueGenericSend  queue.o
    0x0800303c   0x000000e0   Code   RO         3071    i.xQueueGenericSendFromISR  queue.o
    0x0800311c   0x00000088   Code   RO         3314    i.xTaskCheckForTimeOut  tasks.o
    0x080031a4   0x00000056   Code   RO         3315    i.xTaskCreate       tasks.o
    0x080031fa   0x00000002   PAD
    0x080031fc   0x0000001c   Code   RO         3319    i.xTaskGetSchedulerState  tasks.o
    0x08003218   0x0000000c   Code   RO         3320    i.xTaskGetTickCount  tasks.o
    0x08003224   0x000000e8   Code   RO         3322    i.xTaskIncrementTick  tasks.o
    0x0800330c   0x000000b4   Code   RO         3325    i.xTaskPriorityDisinherit  tasks.o
    0x080033c0   0x00000098   Code   RO         3326    i.xTaskRemoveFromEventList  tasks.o
    0x08003458   0x000000e4   Code   RO         3328    i.xTaskResumeAll    tasks.o
    0x0800353c   0x000000ac   Code   RO         3329    i.xTaskResumeFromISR  tasks.o
    0x080035e8   0x00000074   Code   RO         3640    i.xTimerCreate      timers.o
    0x0800365c   0x00000074   Code   RO         3641    i.xTimerCreateTimerTask  timers.o
    0x080036d0   0x00000090   Code   RO         3642    i.xTimerGenericCommand  timers.o
    0x08003760   0x00000062   Code   RO         3981    x$fpl$d2f           fz_wm.l(d2f.o)
    0x080037c2   0x0000002e   Code   RO         3998    x$fpl$dflt          fz_wm.l(dflt_clz.o)
    0x080037f0   0x00000154   Code   RO         4003    x$fpl$dmul          fz_wm.l(dmul.o)
    0x08003944   0x0000009c   Code   RO         4057    x$fpl$dnaninf       fz_wm.l(dnaninf.o)
    0x080039e0   0x0000000c   Code   RO         4059    x$fpl$dretinf       fz_wm.l(dretinf.o)
    0x080039ec   0x0000000a   Code   RO         4236    x$fpl$fpinit        fz_wm.l(fpinit.o)
    0x080039f6   0x0000000a   Code   RO         4063    x$fpl$fretinf       fz_wm.l(fretinf.o)
    0x08003a00   0x00000000   Code   RO         4065    x$fpl$usenofp       fz_wm.l(usenofp.o)
    0x08003a00   0x00000011   Data   RO         3954    .constdata          c_w.l(__printf_flags_wp.o)
    0x08003a11   0x00000003   PAD
    0x08003a14   0x00000020   Data   RO         4294    Region$$Table       anon$$obj.o


    Execution Region RW_IRAM1 (Base: 0x20000000, Size: 0x00005d28, Max: 0x00020000, ABSOLUTE)

    Base Addr    Size         Type   Attr      Idx    E Section Name        Object

    0x20000000   0x00000010   Data   RW            9    .data               main.o
    0x20000010   0x00000014   Data   RW          282    .data               system_stm32f4xx.o
    0x20000024   0x00000001   Data   RW          413    .data               key.o
    0x20000025   0x0000000f   Data   RW         1168    .data               data_transfer.o
    0x20000034   0x00000004   Data   RW         1349    .data               delay.o
    0x20000038   0x00000014   Data   RW         1426    .data               usart.o
    0x2000004c   0x00000004   Data   RW         1438    .data               usart.o
    0x20000050   0x00000010   Data   RW         1730    .data               stm32f4xx_rcc.o
    0x20000060   0x0000003c   Data   RW         3331    .data               tasks.o
    0x2000009c   0x00000014   Data   RW         3650    .data               timers.o
    0x200000b0   0x0000000c   Data   RW         3768    .data               port.o
    0x200000bc   0x00000018   Data   RW         3851    .data               heap_4.o
    0x200000d4   0x000000c0   Zero   RW         1167    .bss                data_transfer.o
    0x20000194   0x000001e7   Zero   RW         1420    .bss                usart.o
    0x2000037b   0x00000001   PAD
    0x2000037c   0x00000040   Zero   RW         3082    .bss                queue.o
    0x200003bc   0x000002e4   Zero   RW         3330    .bss                tasks.o
    0x200006a0   0x00000028   Zero   RW         3649    .bss                timers.o
    0x200006c8   0x00005000   Zero   RW         3850    .bss                heap_4.o
    0x200056c8   0x00000060   Zero   RW         4154    .bss                c_w.l(libspace.o)
    0x20005728   0x00000200   Zero   RW         1527    HEAP                startup_stm32f411xe.o
    0x20005928   0x00000400   Zero   RW         1526    STACK               startup_stm32f411xe.o


==============================================================================

Image component sizes


      Code (inc. data)   RO Data    RW Data    ZI Data      Debug   Object Name

       900         24          0         15        192       6744   data_transfer.o
       210         14          0          4          0       3097   delay.o
         0          0          0          0          0      11716   event_groups.o
       174         34          0          0          0       1164   exti.o
       584        138          0         24      20480       4067   heap_4.o
       272         24          0          1          0       1294   key.o
        64          6          0          0          0        531   led.o
       136          0          0          0          0       3138   list.o
       492        192          0         16          0     265638   main.o
       144         14          0          0          0       2073   misc.o
      1038        382          0         12          0      10733   port.o
      1832        236          0          0         64      15717   queue.o
        64         26        408          0       1536        828   startup_stm32f411xe.o
       124         10          0          0          0       1545   stm32f4xx_exti.o
       170          0          0          0          0       2938   stm32f4xx_gpio.o
        12          0          0          0          0       2649   stm32f4xx_it.o
       192         24          0         16          0       4070   stm32f4xx_rcc.o
        48          6          0          0          0        664   stm32f4xx_syscfg.o
        30          0          0          0          0       2777   stm32f4xx_tim.o
       310          8          0          0          0       4386   stm32f4xx_usart.o
       268         36          0         20          0       1793   system_stm32f4xx.o
      3382        862          0         60        740      32609   tasks.o
       120         52          0          0          0       1036   timer.o
      1144        260          0         20         40       9878   timers.o
       482         38          0         24        487       7084   usart.o

    ----------------------------------------------------------------------
     12210       2386        440        212      23540     398169   Object Totals
         0          0         32          0          0          0   (incl. Generated)
        18          0          0          0          1          0   (incl. Padding)

    ----------------------------------------------------------------------

      Code (inc. data)   RO Data    RW Data    ZI Data      Debug   Library Member Name

         8          0          0          0          0         68   __main.o
       312          4         17          0          0         92   __printf_flags_wp.o
        14          0          0          0          0         68   __printf_wp.o
         0          0          0          0          0          0   __rtentry.o
        12          0          0          0          0          0   __rtentry2.o
         6          0          0          0          0          0   __rtentry4.o
        52          8          0          0          0          0   __scatter.o
        26          0          0          0          0          0   __scatter_copy.o
        28          0          0          0          0          0   __scatter_zi.o
        44          0          0          0          0        108   _printf_char.o
        48          6          0          0          0         96   _printf_char_common.o
        36          4          0          0          0         80   _printf_char_file.o
         6          0          0          0          0          0   _printf_d.o
       120         16          0          0          0         92   _printf_dec.o
       178          0          0          0          0         88   _printf_intcommon.o
         0          0          0          0          0          0   _printf_percent.o
         4          0          0          0          0          0   _printf_percent_end.o
         6          0          0          0          0          0   _printf_s.o
        82          0          0          0          0         80   _printf_str.o
        16          0          0          0          0         68   aeabi_memset.o
        18          0          0          0          0         80   exit.o
         8          0          0          0          0         68   ferror.o
         6          0          0          0          0        152   heapauxi.o
         2          0          0          0          0          0   libinit.o
         6          0          0          0          0          0   libinit2.o
         2          0          0          0          0          0   libshutdown.o
         2          0          0          0          0          0   libshutdown2.o
         8          4          0          0         96         68   libspace.o
        24          4          0          0          0         84   noretval__2printf.o
        68          0          0          0          0         68   rt_memclr.o
        78          0          0          0          0         80   rt_memclr_w.o
       138          0          0          0          0         68   rt_memcpy_v6.o
       100          0          0          0          0         80   rt_memcpy_w.o
         2          0          0          0          0          0   rtexit.o
        10          0          0          0          0          0   rtexit2.o
        74          0          0          0          0         80   sys_stackheap_outer.o
         2          0          0          0          0         68   use_no_semi.o
         2          0          0          0          0         68   use_no_semi_2.o
        98          4          0          0          0        140   d2f.o
        46          0          0          0          0        116   dflt_clz.o
       340         12          0          0          0        152   dmul.o
       156          4          0          0          0        140   dnaninf.o
        12          0          0          0          0        116   dretinf.o
        10          0          0          0          0        116   fpinit.o
        10          0          0          0          0        116   fretinf.o
         0          0          0          0          0          0   usenofp.o

    ----------------------------------------------------------------------
      2230         66         20          0         96       2700   Library Totals
        10          0          3          0          0          0   (incl. Padding)

    ----------------------------------------------------------------------

      Code (inc. data)   RO Data    RW Data    ZI Data      Debug   Library Name

      1548         46         17          0         96       1804   c_w.l
       672         20          0          0          0        896   fz_wm.l

    ----------------------------------------------------------------------
      2230         66         20          0         96       2700   Library Totals

    ----------------------------------------------------------------------

==============================================================================


      Code (inc. data)   RO Data    RW Data    ZI Data      Debug   

     14440       2452        460        212      23636     387733   Grand Totals
     14440       2452        460        212      23636     387733   ELF Image Totals
     14440       2452        460        212          0          0   ROM Totals

==============================================================================

    Total RO  Size (Code + RO Data)                14900 (  14.55kB)
    Total RW  Size (RW Data + ZI Data)             23848 (  23.29kB)
    Total ROM Size (Code + RO Data + RW Data)      15112 (  14.76kB)

==============================================================================

