Component: ARM Compiler 5.06 update 3 (build 300) Tool: armlink [4d35c9]

==============================================================================

Section Cross References

    main.o(i.key_task) refers to key.o(i.KEY_Scan) for KEY_Scan
    main.o(i.key_task) refers to tasks.o(i.vTaskSuspend) for vTaskSuspend
    main.o(i.key_task) refers to tasks.o(i.vTaskResume) for vTaskResume
    main.o(i.key_task) refers to noretval__2printf.o(.text) for __2printf
    main.o(i.key_task) refers to tasks.o(i.vTaskDelay) for vTaskDelay
    main.o(i.key_task) refers to main.o(.data) for .data
    main.o(i.main) refers to misc.o(i.NVIC_PriorityGroupConfig) for NVIC_PriorityGroupConfig
    main.o(i.main) refers to delay.o(i.delay_init) for delay_init
    main.o(i.main) refers to usart.o(i.uart_init) for uart_init
    main.o(i.main) refers to led.o(i.LED_Init) for LED_Init
    main.o(i.main) refers to key.o(i.KEY_Init) for KEY_Init
    main.o(i.main) refers to exti.o(i.EXTIX_Init) for EXTIX_Init
    main.o(i.main) refers to tasks.o(i.xTaskCreate) for xTaskCreate
    main.o(i.main) refers to tasks.o(i.vTaskStartScheduler) for vTaskStartScheduler
    main.o(i.main) refers to main.o(.data) for .data
    main.o(i.main) refers to main.o(i.start_task) for start_task
    main.o(i.start_task) refers to port.o(i.vPortEnterCritical) for vPortEnterCritical
    main.o(i.start_task) refers to tasks.o(i.xTaskCreate) for xTaskCreate
    main.o(i.start_task) refers to tasks.o(i.vTaskDelete) for vTaskDelete
    main.o(i.start_task) refers to port.o(i.vPortExitCritical) for vPortExitCritical
    main.o(i.start_task) refers to main.o(.data) for .data
    main.o(i.start_task) refers to main.o(i.key_task) for key_task
    main.o(i.start_task) refers to main.o(i.task1_task) for task1_task
    main.o(i.start_task) refers to main.o(i.task2_task) for task2_task
    main.o(i.task1_task) refers to _printf_percent.o(.ARM.Collect$$_printf_percent$$00000000) for _printf_percent
    main.o(i.task1_task) refers to _printf_d.o(.ARM.Collect$$_printf_percent$$00000009) for _printf_d
    main.o(i.task1_task) refers to _printf_dec.o(.text) for _printf_int_dec
    main.o(i.task1_task) refers to noretval__2printf.o(.text) for __2printf
    main.o(i.task1_task) refers to tasks.o(i.vTaskDelay) for vTaskDelay
    main.o(i.task2_task) refers to _printf_percent.o(.ARM.Collect$$_printf_percent$$00000000) for _printf_percent
    main.o(i.task2_task) refers to _printf_d.o(.ARM.Collect$$_printf_percent$$00000009) for _printf_d
    main.o(i.task2_task) refers to _printf_dec.o(.text) for _printf_int_dec
    main.o(i.task2_task) refers to noretval__2printf.o(.text) for __2printf
    main.o(i.task2_task) refers to tasks.o(i.vTaskDelay) for vTaskDelay
    system_stm32f4xx.o(i.SystemCoreClockUpdate) refers to system_stm32f4xx.o(.data) for .data
    system_stm32f4xx.o(i.SystemInit) refers to system_stm32f4xx.o(i.SetSysClock) for SetSysClock
    led.o(i.LED_Init) refers to stm32f4xx_rcc.o(i.RCC_AHB1PeriphClockCmd) for RCC_AHB1PeriphClockCmd
    led.o(i.LED_Init) refers to stm32f4xx_gpio.o(i.GPIO_Init) for GPIO_Init
    led.o(i.LED_Init) refers to stm32f4xx_gpio.o(i.GPIO_SetBits) for GPIO_SetBits
    timer.o(i.TIM3_IRQHandler) refers to stm32f4xx_tim.o(i.TIM_GetITStatus) for TIM_GetITStatus
    timer.o(i.TIM3_IRQHandler) refers to noretval__2printf.o(.text) for __2printf
    timer.o(i.TIM3_IRQHandler) refers to stm32f4xx_tim.o(i.TIM_ClearITPendingBit) for TIM_ClearITPendingBit
    timer.o(i.TIM3_Int_Init) refers to stm32f4xx_rcc.o(i.RCC_APB1PeriphClockCmd) for RCC_APB1PeriphClockCmd
    timer.o(i.TIM3_Int_Init) refers to stm32f4xx_tim.o(i.TIM_TimeBaseInit) for TIM_TimeBaseInit
    timer.o(i.TIM3_Int_Init) refers to stm32f4xx_tim.o(i.TIM_ITConfig) for TIM_ITConfig
    timer.o(i.TIM3_Int_Init) refers to stm32f4xx_tim.o(i.TIM_Cmd) for TIM_Cmd
    timer.o(i.TIM3_Int_Init) refers to misc.o(i.NVIC_Init) for NVIC_Init
    timer.o(i.TIM5_IRQHandler) refers to stm32f4xx_tim.o(i.TIM_GetITStatus) for TIM_GetITStatus
    timer.o(i.TIM5_IRQHandler) refers to noretval__2printf.o(.text) for __2printf
    timer.o(i.TIM5_IRQHandler) refers to stm32f4xx_tim.o(i.TIM_ClearITPendingBit) for TIM_ClearITPendingBit
    timer.o(i.TIM5_Int_Init) refers to stm32f4xx_rcc.o(i.RCC_APB1PeriphClockCmd) for RCC_APB1PeriphClockCmd
    timer.o(i.TIM5_Int_Init) refers to stm32f4xx_tim.o(i.TIM_TimeBaseInit) for TIM_TimeBaseInit
    timer.o(i.TIM5_Int_Init) refers to stm32f4xx_tim.o(i.TIM_ITConfig) for TIM_ITConfig
    timer.o(i.TIM5_Int_Init) refers to stm32f4xx_tim.o(i.TIM_Cmd) for TIM_Cmd
    timer.o(i.TIM5_Int_Init) refers to misc.o(i.NVIC_Init) for NVIC_Init
    exti.o(i.EXTI4_IRQHandler) refers to delay.o(i.delay_xms) for delay_xms
    exti.o(i.EXTI4_IRQHandler) refers to stm32f4xx_gpio.o(i.GPIO_ReadInputDataBit) for GPIO_ReadInputDataBit
    exti.o(i.EXTI4_IRQHandler) refers to tasks.o(i.xTaskResumeFromISR) for xTaskResumeFromISR
[...]
    ../clib/signal.c                         0x00000000   Number         0  defsig_rtmem_inner.o ABSOLUTE
    ../clib/signal.s                         0x00000000   Number         0  defsig.o ABSOLUTE
    ../clib/stdio.c                          0x00000000   Number         0  ferror_locked.o ABSOLUTE
    ../clib/stdio.c                          0x00000000   Number         0  ferror.o ABSOLUTE
    ../clib/stdlib.c                         0x00000000   Number         0  exit.o ABSOLUTE
    ../clib/string.c                         0x00000000   Number         0  strcpy.o ABSOLUTE
    ../clib/string.c                         0x00000000   Number         0  strlen.o ABSOLUTE
    ../fplib/fpinit.s                        0x00000000   Number         0  fpinit.o ABSOLUTE
    ..\CORE\startup_stm32f411xe.s            0x00000000   Number         0  startup_stm32f411xe.o ABSOLUTE
    ..\FWLIB\src\misc.c                      0x00000000   Number         0  misc.o ABSOLUTE
    ..\FWLIB\src\stm32f4xx_exti.c            0x00000000   Number         0  stm32f4xx_exti.o ABSOLUTE
    ..\FWLIB\src\stm32f4xx_gpio.c            0x00000000   Number         0  stm32f4xx_gpio.o ABSOLUTE
    ..\FWLIB\src\stm32f4xx_rcc.c             0x00000000   Number         0  stm32f4xx_rcc.o ABSOLUTE
    ..\FWLIB\src\stm32f4xx_syscfg.c          0x00000000   Number         0  stm32f4xx_syscfg.o ABSOLUTE
    ..\FWLIB\src\stm32f4xx_tim.c             0x00000000   Number         0  stm32f4xx_tim.o ABSOLUTE
    ..\FWLIB\src\stm32f4xx_usart.c           0x00000000   Number         0  stm32f4xx_usart.o ABSOLUTE
    ..\FreeRTOS\croutine.c                   0x00000000   Number         0  croutine.o ABSOLUTE
    ..\FreeRTOS\event_groups.c               0x00000000   Number         0  event_groups.o ABSOLUTE
    ..\FreeRTOS\list.c                       0x00000000   Number         0  list.o ABSOLUTE
    ..\FreeRTOS\portable\MemMang\heap_4.c    0x00000000   Number         0  heap_4.o ABSOLUTE
    ..\FreeRTOS\portable\RVDS\ARM_CM4F\port.c 0x00000000   Number         0  port.o ABSOLUTE
    ..\FreeRTOS\queue.c                      0x00000000   Number         0  queue.o ABSOLUTE
    ..\FreeRTOS\tasks.c                      0x00000000   Number         0  tasks.o ABSOLUTE
    ..\FreeRTOS\timers.c                     0x00000000   Number         0  timers.o ABSOLUTE
    ..\HARDWARE\EXTI\exti.c                  0x00000000   Number         0  exti.o ABSOLUTE
    ..\HARDWARE\KEY\key.c                    0x00000000   Number         0  key.o ABSOLUTE
    ..\HARDWARE\LED\led.c                    0x00000000   Number         0  led.o ABSOLUTE
    ..\HARDWARE\TIMER\timer.c                0x00000000   Number         0  timer.o ABSOLUTE
    ..\SYSTEM\delay\delay.c                  0x00000000   Number         0  delay.o ABSOLUTE
    ..\SYSTEM\sys\sys.c                      0x00000000   Number         0  sys.o ABSOLUTE
    ..\SYSTEM\usart\usart.c                  0x00000000   Number         0  usart.o ABSOLUTE
    ..\\FWLIB\\src\\misc.c                   0x00000000   Number         0  misc.o ABSOLUTE
    ..\\FWLIB\\src\\stm32f4xx_exti.c         0x00000000   Number         0  stm32f4xx_exti.o ABSOLUTE
    ..\\FWLIB\\src\\stm32f4xx_gpio.c         0x00000000   Number         0  stm32f4xx_gpio.o ABSOLUTE
    ..\\FWLIB\\src\\stm32f4xx_rcc.c          0x00000000   Number         0  stm32f4xx_rcc.o ABSOLUTE
    ..\\FWLIB\\src\\stm32f4xx_syscfg.c       0x00000000   Number         0  stm32f4xx_syscfg.o ABSOLUTE
    ..\\FWLIB\\src\\stm32f4xx_tim.c          0x00000000   Number         0  stm32f4xx_tim.o ABSOLUTE
    ..\\FWLIB\\src\\stm32f4xx_usart.c        0x00000000   Number         0  stm32f4xx_usart.o ABSOLUTE
    ..\\FreeRTOS\\croutine.c                 0x00000000   Number         0  croutine.o ABSOLUTE
    ..\\FreeRTOS\\event_groups.c             0x00000000   Number         0  event_groups.o ABSOLUTE
    ..\\FreeRTOS\\list.c                     0x00000000   Number         0  list.o ABSOLUTE
    ..\\FreeRTOS\\portable\\MemMang\\heap_4.c 0x00000000   Number         0  heap_4.o ABSOLUTE
    ..\\FreeRTOS\\portable\\RVDS\\ARM_CM4F\\port.c 0x00000000   Number         0  port.o ABSOLUTE
    ..\\FreeRTOS\\queue.c                    0x00000000   Number         0  queue.o ABSOLUTE
    ..\\FreeRTOS\\tasks.c                    0x00000000   Number         0  tasks.o ABSOLUTE
    ..\\FreeRTOS\\timers.c                   0x00000000   Number         0  timers.o ABSOLUTE
    ..\\HARDWARE\\EXTI\\exti.c               0x00000000   Number         0  exti.o ABSOLUTE
    ..\\HARDWARE\\KEY\\key.c                 0x00000000   Number         0  key.o ABSOLUTE
    ..\\HARDWARE\\LED\\led.c                 0x00000000   Number         0  led.o ABSOLUTE
    ..\\HARDWARE\\TIMER\\timer.c             0x00000000   Number         0  timer.o ABSOLUTE
    ..\\SYSTEM\\delay\\delay.c               0x00000000   Number         0  delay.o ABSOLUTE
    ..\\SYSTEM\\sys\\sys.c                   0x00000000   Number         0  sys.o ABSOLUTE
    ..\\SYSTEM\\usart\\usart.c               0x00000000   Number         0  usart.o ABSOLUTE
    dc.s                                     0x00000000   Number         0  dc.o ABSOLUTE
    main.c                                   0x00000000   Number         0  main.o ABSOLUTE
    main.c                                   0x00000000   Number         0  main.o ABSOLUTE
    stm32f4xx_it.c                           0x00000000   Number         0  stm32f4xx_it.o ABSOLUTE
    stm32f4xx_it.c                           0x00000000   Number         0  stm32f4xx_it.o ABSOLUTE
    system_stm32f4xx.c                       0x00000000   Number         0  system_stm32f4xx.o ABSOLUTE
    system_stm32f4xx.c                       0x00000000   Number         0  system_stm32f4xx.o ABSOLUTE
    RESET                                    0x08000000   Section      408  startup_stm32f411xe.o(RESET)
    !!!main                                  0x08000198   Section        8  __main.o(!!!main)
    !!!scatter                               0x080001a0   Section       52  __scatter.o(!!!scatter)
    !!handler_copy                           0x080001d4   Section       26  __scatter_copy.o(!!handler_copy)
    !!handler_zi                             0x080001f0   Section       28  __scatter_zi.o(!!handler_zi)
    .ARM.Collect$$_printf_percent$$00000000  0x0800020c   Section        0  _printf_percent.o(.ARM.Collect$$_printf_percent$$00000000)
    .ARM.Collect$$_printf_percent$$00000009  0x0800020c   Section        6  _printf_d.o(.ARM.Collect$$_printf_percent$$00000009)
    .ARM.Collect$$_printf_percent$$00000014  0x08000212   Section        6  _printf_s.o(.ARM.Collect$$_printf_percent$$00000014)
    .ARM.Collect$$_printf_percent$$00000017  0x08000218   Section        4  _printf_percent_end.o(.ARM.Collect$$_printf_percent$$00000017)
    .ARM.Collect$$libinit$$00000000          0x0800021c   Section        2  libinit.o(.ARM.Collect$$libinit$$00000000)
    .ARM.Collect$$libinit$$00000001          0x0800021e   Section        4  libinit2.o(.ARM.Collect$$libinit$$00000001)
    .ARM.Collect$$libinit$$00000004          0x08000222   Section        0  libinit2.o(.ARM.Collect$$libinit$$00000004)
    .ARM.Collect$$libinit$$0000000A          0x08000222   Section        0  libinit2.o(.ARM.Collect$$libinit$$0000000A)
    .ARM.Collect$$libinit$$0000000C          0x08000222   Section        0  libinit2.o(.ARM.Collect$$libinit$$0000000C)
    .ARM.Collect$$libinit$$0000000E          0x08000222   Section        0  libinit2.o(.ARM.Collect$$libinit$$0000000E)
    .ARM.Collect$$libinit$$00000011          0x08000222   Section        0  libinit2.o(.ARM.Collect$$libinit$$00000011)
    .ARM.Collect$$libinit$$00000013          0x08000222   Section        0  libinit2.o(.ARM.Collect$$libinit$$00000013)
    .ARM.Collect$$libinit$$00000015          0x08000222   Section        0  libinit2.o(.ARM.Collect$$libinit$$00000015)
    .ARM.Collect$$libinit$$00000017          0x08000222   Section        0  libinit2.o(.ARM.Collect$$libinit$$00000017)
    .ARM.Collect$$libinit$$00000019          0x08000222   Section        0  libinit2.o(.ARM.Collect$$libinit$$00000019)
    .ARM.Collect$$libinit$$0000001B          0x08000222   Section        0  libinit2.o(.ARM.Collect$$libinit$$0000001B)
    .ARM.Collect$$libinit$$0000001D          0x08000222   Section        0  libinit2.o(.ARM.Collect$$libinit$$0000001D)
    .ARM.Collect$$libinit$$0000001F          0x08000222   Section        0  libinit2.o(.ARM.Collect$$libinit$$0000001F)
    .ARM.Collect$$libinit$$00000021          0x08000222   Section        0  libinit2.o(.ARM.Collect$$libinit$$00000021)
    .ARM.Collect$$libinit$$00000023          0x08000222   Section        0  libinit2.o(.ARM.Collect$$libinit$$00000023)
    .ARM.Collect$$libinit$$00000025          0x08000222   Section        0  libinit2.o(.ARM.Collect$$libinit$$00000025)
    .ARM.Collect$$libinit$$0000002C          0x08000222   Section        0  libinit2.o(.ARM.Collect$$libinit$$0000002C)
    .ARM.Collect$$libinit$$0000002E          0x08000222   Section        0  libinit2.o(.ARM.Collect$$libinit$$0000002E)
    .ARM.Collect$$libinit$$00000030          0x08000222   Section        0  libinit2.o(.ARM.Collect$$libinit$$00000030)
    .ARM.Collect$$libinit$$00000032          0x08000222   Section        0  libinit2.o(.ARM.Collect$$libinit$$00000032)
    .ARM.Collect$$libinit$$00000033          0x08000222   Section        2  libinit2.o(.ARM.Collect$$libinit$$00000033)
    .ARM.Collect$$libshutdown$$00000000      0x08000224   Section        2  libshutdown.o(.ARM.Collect$$libshutdown$$00000000)
    .ARM.Collect$$libshutdown$$00000002      0x08000226   Section        0  libshutdown2.o(.ARM.Collect$$libshutdown$$00000002)
    .ARM.Collect$$libshutdown$$00000004      0x08000226   Section        0  libshutdown2.o(.ARM.Collect$$libshutdown$$00000004)
    .ARM.Collect$$libshutdown$$00000007      0x08000226   Section        0  libshutdown2.o(.ARM.Collect$$libshutdown$$00000007)
    .ARM.Collect$$libshutdown$$0000000A      0x08000226   Section        0  libshutdown2.o(.ARM.Collect$$libshutdown$$0000000A)
    .ARM.Collect$$libshutdown$$0000000C      0x08000226   Section        0  libshutdown2.o(.ARM.Collect$$libshutdown$$0000000C)
    .ARM.Collect$$libshutdown$$0000000F      0x08000226   Section        0  libshutdown2.o(.ARM.Collect$$libshutdown$$0000000F)
    .ARM.Collect$$libshutdown$$00000010      0x08000226   Section        2  libshutdown2.o(.ARM.Collect$$libshutdown$$00000010)
    .ARM.Collect$$rtentry$$00000000          0x08000228   Section        0  __rtentry.o(.ARM.Collect$$rtentry$$00000000)
    .ARM.Collect$$rtentry$$00000002          0x08000228   Section        0  __rtentry2.o(.ARM.Collect$$rtentry$$00000002)
    .ARM.Collect$$rtentry$$00000004          0x08000228   Section        6  __rtentry4.o(.ARM.Collect$$rtentry$$00000004)
    .ARM.Collect$$rtentry$$00000009          0x0800022e   Section        0  __rtentry2.o(.ARM.Collect$$rtentry$$00000009)
    .ARM.Collect$$rtentry$$0000000A          0x0800022e   Section        4  __rtentry2.o(.ARM.Collect$$rtentry$$0000000A)
    .ARM.Collect$$rtentry$$0000000C          0x08000232   Section        0  __rtentry2.o(.ARM.Collect$$rtentry$$0000000C)
    .ARM.Collect$$rtentry$$0000000D          0x08000232   Section        8  __rtentry2.o(.ARM.Collect$$rtentry$$0000000D)
    .ARM.Collect$$rtexit$$00000000           0x0800023a   Section        2  rtexit.o(.ARM.Collect$$rtexit$$00000000)
    .ARM.Collect$$rtexit$$00000002           0x0800023c   Section        0  rtexit2.o(.ARM.Collect$$rtexit$$00000002)
    .ARM.Collect$$rtexit$$00000003           0x0800023c   Section        4  rtexit2.o(.ARM.Collect$$rtexit$$00000003)
    .ARM.Collect$$rtexit$$00000004           0x08000240   Section        6  rtexit2.o(.ARM.Collect$$rtexit$$00000004)
    .emb_text                                0x08000248   Section      182  port.o(.emb_text)
    $v0                                      0x08000248   Number         0  port.o(.emb_text)
    .text                                    0x08000300   Section       64  startup_stm32f411xe.o(.text)
    $v0                                      0x08000300   Number         0  startup_stm32f411xe.o(.text)
    .text                                    0x08000340   Section        2  use_no_semi_2.o(.text)
    .text                                    0x08000344   Section        0  noretval__2printf.o(.text)
    .text                                    0x0800035c   Section        0  __printf.o(.text)
    .text                                    0x080003c4   Section        0  _printf_str.o(.text)
    .text                                    0x08000418   Section        0  _printf_dec.o(.text)
    .text                                    0x08000490   Section      138  rt_memcpy_v6.o(.text)
    .text                                    0x0800051a   Section       16  aeabi_memset.o(.text)
    .text                                    0x0800052a   Section        0  heapauxi.o(.text)
    .text                                    0x08000530   Section        2  use_no_semi.o(.text)
    .text                                    0x08000532   Section        0  _printf_intcommon.o(.text)
    .text                                    0x080005e4   Section        0  _printf_char_common.o(.text)
    _printf_input_char                       0x080005e5   Thumb Code    10  _printf_char_common.o(.text)
    .text                                    0x08000614   Section        0  _printf_char.o(.text)
    .text                                    0x08000640   Section        0  _printf_char_file.o(.text)
    .text                                    0x08000664   Section      100  rt_memcpy_w.o(.text)
    .text                                    0x080006c8   Section       68  rt_memclr.o(.text)
    .text                                    0x0800070c   Section        0  ferror.o(.text)
    .text                                    0x08000714   Section       78  rt_memclr_w.o(.text)
    .text                                    0x08000762   Section       74  sys_stackheap_outer.o(.text)
    .text                                    0x080007ac   Section        0  exit.o(.text)
    .text                                    0x080007c0   Section        8  libspace.o(.text)
    i.BusFault_Handler                       0x080007c8   Section        0  stm32f4xx_it.o(i.BusFault_Handler)
    i.DebugMon_Handler                       0x080007ca   Section        0  stm32f4xx_it.o(i.DebugMon_Handler)
    i.EXTI4_IRQHandler                       0x080007cc   Section        0  exti.o(i.EXTI4_IRQHandler)
    i.EXTIX_Init                             0x0800082c   Section        0  exti.o(i.EXTIX_Init)
    i.EXTI_ClearITPendingBit                 0x0800087c   Section        0  stm32f4xx_exti.o(i.EXTI_ClearITPendingBit)
    i.EXTI_Init                              0x08000888   Section        0  stm32f4xx_exti.o(i.EXTI_Init)
    i.GPIO_Init                              0x080008f8   Section        0  stm32f4xx_gpio.o(i.GPIO_Init)
    i.GPIO_PinAFConfig                       0x08000970   Section        0  stm32f4xx_gpio.o(i.GPIO_PinAFConfig)
    i.GPIO_ReadInputDataBit                  0x08000990   Section        0  stm32f4xx_gpio.o(i.GPIO_ReadInputDataBit)
    i.GPIO_SetBits                           0x0800099e   Section        0  stm32f4xx_gpio.o(i.GPIO_SetBits)
    i.HardFault_Handler                      0x080009a2   Section        0  stm32f4xx_it.o(i.HardFault_Handler)
    i.KEY_Init                               0x080009a4   Section        0  key.o(i.KEY_Init)
    i.KEY_Scan                               0x080009e8   Section        0  key.o(i.KEY_Scan)
    i.LED_Init                               0x08000ab4   Section        0  led.o(i.LED_Init)
    i.MemManage_Handler                      0x08000af4   Section        0  stm32f4xx_it.o(i.MemManage_Handler)
    i.NMI_Handler                            0x08000af6   Section        0  stm32f4xx_it.o(i.NMI_Handler)
    i.NVIC_Init                              0x08000af8   Section        0  misc.o(i.NVIC_Init)
    i.NVIC_PriorityGroupConfig               0x08000b5c   Section        0  misc.o(i.NVIC_PriorityGroupConfig)
    i.RCC_AHB1PeriphClockCmd                 0x08000b70   Section        0  stm32f4xx_rcc.o(i.RCC_AHB1PeriphClockCmd)
    i.RCC_APB2PeriphClockCmd                 0x08000b88   Section        0  stm32f4xx_rcc.o(i.RCC_APB2PeriphClockCmd)
    i.RCC_GetClocksFreq                      0x08000ba0   Section        0  stm32f4xx_rcc.o(i.RCC_GetClocksFreq)
    i.SYSCFG_EXTILineConfig                  0x08000c30   Section        0  stm32f4xx_syscfg.o(i.SYSCFG_EXTILineConfig)
    i.SetSysClock                            0x08000c60   Section        0  system_stm32f4xx.o(i.SetSysClock)
    SetSysClock                              0x08000c61   Thumb Code   158  system_stm32f4xx.o(i.SetSysClock)
    i.SysTick_CLKSourceConfig                0x08000d10   Section        0  misc.o(i.SysTick_CLKSourceConfig)
    i.SysTick_Handler                        0x08000d28   Section        0  delay.o(i.SysTick_Handler)
    i.SystemInit                             0x08000d3c   Section        0  system_stm32f4xx.o(i.SystemInit)
    i.TIM3_IRQHandler                        0x08000d98   Section        0  timer.o(i.TIM3_IRQHandler)
    i.TIM5_IRQHandler                        0x08000dd4   Section        0  timer.o(i.TIM5_IRQHandler)
    i.TIM_ClearITPendingBit                  0x08000e10   Section        0  stm32f4xx_tim.o(i.TIM_ClearITPendingBit)
    i.TIM_GetITStatus                        0x08000e16   Section        0  stm32f4xx_tim.o(i.TIM_GetITStatus)
    i.USART1_IRQHandler                      0x08000e30   Section        0  usart.o(i.USART1_IRQHandler)
    i.USART_Cmd                              0x08000e94   Section        0  stm32f4xx_usart.o(i.USART_Cmd)
    i.USART_GetITStatus                      0x08000ea8   Section        0  stm32f4xx_usart.o(i.USART_GetITStatus)
    i.USART_ITConfig                         0x08000ee6   Section        0  stm32f4xx_usart.o(i.USART_ITConfig)
    i.USART_Init                             0x08000f18   Section        0  stm32f4xx_usart.o(i.USART_Init)
    i.USART_ReceiveData                      0x08000fc4   Section        0  stm32f4xx_usart.o(i.USART_ReceiveData)
    i.UsageFault_Handler                     0x08000fcc   Section        0  stm32f4xx_it.o(i.UsageFault_Handler)
    i._sys_exit                              0x08000fce   Section        0  usart.o(i._sys_exit)
    i.delay_init                             0x08000fd0   Section        0  delay.o(i.delay_init)
    i.delay_ms                               0x08001008   Section        0  delay.o(i.delay_ms)
    i.delay_us                               0x08001040   Section        0  delay.o(i.delay_us)
    i.delay_xms                              0x08001074   Section        0  delay.o(i.delay_xms)
    i.fputc                                  0x08001090   Section        0  usart.o(i.fputc)
    i.key_task                               0x080010a4   Section        0  main.o(i.key_task)
    i.main                                   0x08001120   Section        0  main.o(i.main)
    i.prvAddCurrentTaskToDelayedList         0x08001174   Section        0  tasks.o(i.prvAddCurrentTaskToDelayedList)
    prvAddCurrentTaskToDelayedList           0x08001175   Thumb Code   102  tasks.o(i.prvAddCurrentTaskToDelayedList)
    i.prvAddNewTaskToReadyList               0x080011e4   Section        0  tasks.o(i.prvAddNewTaskToReadyList)
    prvAddNewTaskToReadyList                 0x080011e5   Thumb Code   192  tasks.o(i.prvAddNewTaskToReadyList)
    i.prvCheckForValidListAndQueue           0x080012b4   Section        0  timers.o(i.prvCheckForValidListAndQueue)
    prvCheckForValidListAndQueue             0x080012b5   Thumb Code    62  timers.o(i.prvCheckForValidListAndQueue)
    i.prvCheckTasksWaitingTermination        0x08001304   Section        0  tasks.o(i.prvCheckTasksWaitingTermination)
    prvCheckTasksWaitingTermination          0x08001305   Thumb Code    74  tasks.o(i.prvCheckTasksWaitingTermination)
    i.prvCopyDataFromQueue                   0x08001358   Section        0  queue.o(i.prvCopyDataFromQueue)
    prvCopyDataFromQueue                     0x08001359   Thumb Code    38  queue.o(i.prvCopyDataFromQueue)
    i.prvCopyDataToQueue                     0x0800137e   Section        0  queue.o(i.prvCopyDataToQueue)
    prvCopyDataToQueue                       0x0800137f   Thumb Code   108  queue.o(i.prvCopyDataToQueue)
    i.prvDeleteTCB                           0x080013ea   Section        0  tasks.o(i.prvDeleteTCB)
    prvDeleteTCB                             0x080013eb   Thumb Code    20  tasks.o(i.prvDeleteTCB)
    i.prvHeapInit                            0x08001400   Section        0  heap_4.o(i.prvHeapInit)
    prvHeapInit                              0x08001401   Thumb Code    66  heap_4.o(i.prvHeapInit)
    i.prvIdleTask                            0x0800144c   Section        0  tasks.o(i.prvIdleTask)
    prvIdleTask                              0x0800144d   Thumb Code    30  tasks.o(i.prvIdleTask)
    i.prvInitialiseNewTask                   0x08001474   Section        0  tasks.o(i.prvInitialiseNewTask)
    prvInitialiseNewTask                     0x08001475   Thumb Code   154  tasks.o(i.prvInitialiseNewTask)
    i.prvInsertBlockIntoFreeList             0x08001534   Section        0  heap_4.o(i.prvInsertBlockIntoFreeList)
    prvInsertBlockIntoFreeList               0x08001535   Thumb Code    72  heap_4.o(i.prvInsertBlockIntoFreeList)
    i.prvInsertTimerInActiveList             0x08001580   Section        0  timers.o(i.prvInsertTimerInActiveList)
    prvInsertTimerInActiveList               0x08001581   Thumb Code    52  timers.o(i.prvInsertTimerInActiveList)
    i.prvIsQueueEmpty                        0x080015b8   Section        0  queue.o(i.prvIsQueueEmpty)
    prvIsQueueEmpty                          0x080015b9   Thumb Code    26  queue.o(i.prvIsQueueEmpty)
    i.prvNotifyQueueSetContainer             0x080015d4   Section        0  queue.o(i.prvNotifyQueueSetContainer)
    prvNotifyQueueSetContainer               0x080015d5   Thumb Code   108  queue.o(i.prvNotifyQueueSetContainer)
    i.prvProcessExpiredTimer                 0x08001664   Section        0  timers.o(i.prvProcessExpiredTimer)
    prvProcessExpiredTimer                   0x08001665   Thumb Code    86  timers.o(i.prvProcessExpiredTimer)
    i.prvProcessReceivedCommands             0x080016c4   Section        0  timers.o(i.prvProcessReceivedCommands)
    prvProcessReceivedCommands               0x080016c5   Thumb Code   196  timers.o(i.prvProcessReceivedCommands)
    i.prvProcessTimerOrBlockTask             0x080017b4   Section        0  timers.o(i.prvProcessTimerOrBlockTask)
    prvProcessTimerOrBlockTask               0x080017b5   Thumb Code    98  timers.o(i.prvProcessTimerOrBlockTask)
    i.prvResetNextTaskUnblockTime            0x08001820   Section        0  tasks.o(i.prvResetNextTaskUnblockTime)
    prvResetNextTaskUnblockTime              0x08001821   Thumb Code    26  tasks.o(i.prvResetNextTaskUnblockTime)
    i.prvSampleTimeNow                       0x08001840   Section        0  timers.o(i.prvSampleTimeNow)
    prvSampleTimeNow                         0x08001841   Thumb Code    36  timers.o(i.prvSampleTimeNow)
    i.prvSwitchTimerLists                    0x08001868   Section        0  timers.o(i.prvSwitchTimerLists)
    prvSwitchTimerLists                      0x08001869   Thumb Code   100  timers.o(i.prvSwitchTimerLists)
    i.prvTaskExitError                       0x080018d4   Section        0  port.o(i.prvTaskExitError)
    prvTaskExitError                         0x080018d5   Thumb Code    36  port.o(i.prvTaskExitError)
    i.prvTaskIsTaskSuspended                 0x08001938   Section        0  tasks.o(i.prvTaskIsTaskSuspended)
    prvTaskIsTaskSuspended                   0x08001939   Thumb Code    44  tasks.o(i.prvTaskIsTaskSuspended)
    i.prvTimerTask                           0x0800198c   Section        0  timers.o(i.prvTimerTask)
    prvTimerTask                             0x0800198d   Thumb Code    34  timers.o(i.prvTimerTask)
    i.prvUnlockQueue                         0x080019b4   Section        0  queue.o(i.prvUnlockQueue)
    prvUnlockQueue                           0x080019b5   Thumb Code   120  queue.o(i.prvUnlockQueue)
    i.pvPortMalloc                           0x08001a2c   Section        0  heap_4.o(i.pvPortMalloc)
    i.pvTaskIncrementMutexHeldCount          0x08001b40   Section        0  tasks.o(i.pvTaskIncrementMutexHeldCount)
    i.pxPortInitialiseStack                  0x08001b58   Section        0  port.o(i.pxPortInitialiseStack)
    i.start_task                             0x08001b84   Section        0  main.o(i.start_task)
    i.task1_task                             0x08001c10   Section        0  main.o(i.task1_task)
    i.task2_task                             0x08001c58   Section        0  main.o(i.task2_task)
    i.uart_init                              0x08001ca0   Section        0  usart.o(i.uart_init)
    i.uxListRemove                           0x08001d4c   Section        0  list.o(i.uxListRemove)
    i.vListInitialise                        0x08001d70   Section        0  list.o(i.vListInitialise)
    i.vListInitialiseItem                    0x08001d86   Section        0  list.o(i.vListInitialiseItem)
    i.vListInsert                            0x08001d8c   Section        0  list.o(i.vListInsert)
    i.vListInsertEnd                         0x08001dbc   Section        0  list.o(i.vListInsertEnd)
    i.vPortEnterCritical                     0x08001dd4   Section        0  port.o(i.vPortEnterCritical)
    i.vPortExitCritical                      0x08001e4c   Section        0  port.o(i.vPortExitCritical)
    i.vPortFree                              0x08001eb0   Section        0  heap_4.o(i.vPortFree)
    i.vPortSetupTimerInterrupt               0x08001f4c   Section        0  port.o(i.vPortSetupTimerInterrupt)
    i.vPortValidateInterruptPriority         0x08001f6c   Section        0  port.o(i.vPortValidateInterruptPriority)
    i.vQueueAddToRegistry                    0x08001ff8   Section        0  queue.o(i.vQueueAddToRegistry)
    i.vQueueWaitForMessageRestricted         0x0800201c   Section        0  queue.o(i.vQueueWaitForMessageRestricted)
    i.vTaskDelay                             0x08002060   Section        0  tasks.o(i.vTaskDelay)
    i.vTaskDelete                            0x080020cc   Section        0  tasks.o(i.vTaskDelete)
    i.vTaskMissedYield                       0x08002198   Section        0  tasks.o(i.vTaskMissedYield)
    i.vTaskPlaceOnEventList                  0x080021a4   Section        0  tasks.o(i.vTaskPlaceOnEventList)
    i.vTaskPlaceOnEventListRestricted        0x080021f8   Section        0  tasks.o(i.vTaskPlaceOnEventListRestricted)
    i.vTaskPriorityInherit                   0x08002254   Section        0  tasks.o(i.vTaskPriorityInherit)
    i.vTaskResume                            0x080022d8   Section        0  tasks.o(i.vTaskResume)
    i.vTaskSetTimeOutState                   0x08002378   Section        0  tasks.o(i.vTaskSetTimeOutState)
    i.vTaskStartScheduler                    0x080023c0   Section        0  tasks.o(i.vTaskStartScheduler)
    i.vTaskSuspend                           0x08002454   Section        0  tasks.o(i.vTaskSuspend)
    i.vTaskSuspendAll                        0x08002524   Section        0  tasks.o(i.vTaskSuspendAll)
    i.vTaskSwitchContext                     0x08002534   Section        0  tasks.o(i.vTaskSwitchContext)
    i.xPortStartScheduler                    0x080025b0   Section        0  port.o(i.xPortStartScheduler)
    i.xPortSysTickHandler                    0x080026c4   Section        0  port.o(i.xPortSysTickHandler)
    i.xQueueGenericCreate                    0x080026f0   Section        0  queue.o(i.xQueueGenericCreate)
    i.xQueueGenericReceive                   0x08002768   Section        0  queue.o(i.xQueueGenericReceive)
    i.xQueueGenericReset                     0x080028ec   Section        0  queue.o(i.xQueueGenericReset)
    i.xQueueGenericSend                      0x08002994   Section        0  queue.o(i.xQueueGenericSend)
    i.xQueueGenericSendFromISR               0x08002b1c   Section        0  queue.o(i.xQueueGenericSendFromISR)
    i.xTaskCheckForTimeOut                   0x08002bfc   Section        0  tasks.o(i.xTaskCheckForTimeOut)
    i.xTaskCreate                            0x08002c84   Section        0  tasks.o(i.xTaskCreate)
    i.xTaskGetSchedulerState                 0x08002cdc   Section        0  tasks.o(i.xTaskGetSchedulerState)
    i.xTaskGetTickCount                      0x08002cf8   Section        0  tasks.o(i.xTaskGetTickCount)
    i.xTaskIncrementTick                     0x08002d04   Section        0  tasks.o(i.xTaskIncrementTick)
    i.xTaskPriorityDisinherit                0x08002dec   Section        0  tasks.o(i.xTaskPriorityDisinherit)
    i.xTaskRemoveFromEventList               0x08002ea0   Section        0  tasks.o(i.xTaskRemoveFromEventList)
    i.xTaskResumeAll                         0x08002f38   Section        0  tasks.o(i.xTaskResumeAll)
    i.xTaskResumeFromISR                     0x0800301c   Section        0  tasks.o(i.xTaskResumeFromISR)
    i.xTimerCreate                           0x080030c8   Section        0  timers.o(i.xTimerCreate)
    i.xTimerCreateTimerTask                  0x0800313c   Section        0  timers.o(i.xTimerCreateTimerTask)
    i.xTimerGenericCommand                   0x080031b0   Section        0  timers.o(i.xTimerGenericCommand)
    x$fpl$fpinit                             0x08003240   Section       10  fpinit.o(x$fpl$fpinit)
    $v0                                      0x08003240   Number         0  fpinit.o(x$fpl$fpinit)
    .data                                    0x20000000   Section       16  main.o(.data)
    .data                                    0x20000010   Section       20  system_stm32f4xx.o(.data)
    .data                                    0x20000024   Section        1  key.o(.data)
    key_up                                   0x20000024   Data           1  key.o(.data)
    .data                                    0x20000026   Section        4  delay.o(.data)
    fac_us                                   0x20000026   Data           1  delay.o(.data)
    fac_ms                                   0x20000028   Data           2  delay.o(.data)
    .data                                    0x2000002a   Section        2  usart.o(.data)
    .data                                    0x2000002c   Section        4  usart.o(.data)
    .data                                    0x20000030   Section       16  stm32f4xx_rcc.o(.data)
    APBAHBPrescTable                         0x20000030   Data          16  stm32f4xx_rcc.o(.data)
    .data                                    0x20000040   Section       60  tasks.o(.data)
    uxDeletedTasksWaitingCleanUp             0x20000044   Data           4  tasks.o(.data)
    uxCurrentNumberOfTasks                   0x20000048   Data           4  tasks.o(.data)
    xTickCount                               0x2000004c   Data           4  tasks.o(.data)
    uxTopReadyPriority                       0x20000050   Data           4  tasks.o(.data)
    xSchedulerRunning                        0x20000054   Data           4  tasks.o(.data)
    uxPendedTicks                            0x20000058   Data           4  tasks.o(.data)
    xYieldPending                            0x2000005c   Data           4  tasks.o(.data)
    xNumOfOverflows                          0x20000060   Data           4  tasks.o(.data)
    uxTaskNumber                             0x20000064   Data           4  tasks.o(.data)
    xNextTaskUnblockTime                     0x20000068   Data           4  tasks.o(.data)
    xIdleTaskHandle                          0x2000006c   Data           4  tasks.o(.data)
    uxSchedulerSuspended                     0x20000070   Data           4  tasks.o(.data)
    pxDelayedTaskList                        0x20000074   Data           4  tasks.o(.data)
    pxOverflowDelayedTaskList                0x20000078   Data           4  tasks.o(.data)
    .data                                    0x2000007c   Section       20  timers.o(.data)
    xTimerQueue                              0x2000007c   Data           4  timers.o(.data)
    xTimerTaskHandle                         0x20000080   Data           4  timers.o(.data)
    xLastTime                                0x20000084   Data           4  timers.o(.data)
    pxCurrentTimerList                       0x20000088   Data           4  timers.o(.data)
    pxOverflowTimerList                      0x2000008c   Data           4  timers.o(.data)
    .data                                    0x20000090   Section       12  port.o(.data)
    ucMaxSysCallPriority                     0x20000090   Data           1  port.o(.data)
    uxCriticalNesting                        0x20000094   Data           4  port.o(.data)
    ulMaxPRIGROUPValue                       0x20000098   Data           4  port.o(.data)
    .data                                    0x2000009c   Section       24  heap_4.o(.data)
    pxEnd                                    0x2000009c   Data           4  heap_4.o(.data)
    xFreeBytesRemaining                      0x200000a0   Data           4  heap_4.o(.data)
    xMinimumEverFreeBytesRemaining           0x200000a4   Data           4  heap_4.o(.data)
    xBlockAllocatedBit                       0x200000a8   Data           4  heap_4.o(.data)
    xStart                                   0x200000ac   Data           8  heap_4.o(.data)
    .bss                                     0x200000b4   Section      200  usart.o(.bss)
    .bss                                     0x2000017c   Section       64  queue.o(.bss)
    .bss                                     0x200001bc   Section      740  tasks.o(.bss)
    pxReadyTasksLists                        0x200001bc   Data         640  tasks.o(.bss)
    xDelayedTaskList1                        0x2000043c   Data          20  tasks.o(.bss)
    xDelayedTaskList2                        0x20000450   Data          20  tasks.o(.bss)
    xPendingReadyList                        0x20000464   Data          20  tasks.o(.bss)
    xTasksWaitingTermination                 0x20000478   Data          20  tasks.o(.bss)
    xSuspendedTaskList                       0x2000048c   Data          20  tasks.o(.bss)
    .bss                                     0x200004a0   Section       40  timers.o(.bss)
    xActiveTimerList1                        0x200004a0   Data          20  timers.o(.bss)
    xActiveTimerList2                        0x200004b4   Data          20  timers.o(.bss)
    .bss                                     0x200004c8   Section    20480  heap_4.o(.bss)
    ucHeap                                   0x200004c8   Data       20480  heap_4.o(.bss)
    .bss                                     0x200054c8   Section       96  libspace.o(.bss)
    HEAP                                     0x20005528   Section      512  startup_stm32f411xe.o(HEAP)
    Heap_Mem                                 0x20005528   Data         512  startup_stm32f411xe.o(HEAP)
    STACK                                    0x20005728   Section     1024  startup_stm32f411xe.o(STACK)
    Stack_Mem                                0x20005728   Data        1024  startup_stm32f411xe.o(STACK)
    __initial_sp                             0x20005b28   Data           0  startup_stm32f411xe.o(STACK)

    Global Symbols

    Symbol Name                              Value     Ov Type        Size  Object(Section)

    BuildAttributes$$THM_ISAv4$E$P$D$K$B$S$7EM$VFPi3$EXTD16$VFPS$VFMA$PE$A:L22UL41UL21$X:L11$S22US41US21$IEEE1$IW$USESV6$~STKCKD$USESV7$~SHL$OSPACE$ROPI$EBA8$UX$STANDARDLIB$REQ8$PRES8$EABIv2 0x00000000   Number         0  anon$$obj.o ABSOLUTE
    __ARM_use_no_argv                        0x00000000   Number         0  main.o ABSOLUTE
    __ARM_exceptions_init                     - Undefined Weak Reference
    __alloca_initialize                       - Undefined Weak Reference
    __arm_preinit_                            - Undefined Weak Reference
    __cpp_initialize__aeabi_                  - Undefined Weak Reference
    __cxa_finalize                            - Undefined Weak Reference
    __rt_locale                               - Undefined Weak Reference
    __sigvec_lookup                           - Undefined Weak Reference
    _atexit_init                              - Undefined Weak Reference
    _call_atexit_fns                          - Undefined Weak Reference
    _clock_init                               - Undefined Weak Reference
    _fp_trap_init                             - Undefined Weak Reference
    _fp_trap_shutdown                         - Undefined Weak Reference
    _get_lc_collate                           - Undefined Weak Reference
    _get_lc_ctype                             - Undefined Weak Reference
    _get_lc_monetary                          - Undefined Weak Reference
    _get_lc_numeric                           - Undefined Weak Reference
    _get_lc_time                              - Undefined Weak Reference
    _getenv_init                              - Undefined Weak Reference
    _handle_redirection                       - Undefined Weak Reference
    _init_alloc                               - Undefined Weak Reference
    _init_user_alloc                          - Undefined Weak Reference
    _initio                                   - Undefined Weak Reference
    _mutex_acquire                            - Undefined Weak Reference
    _mutex_release                            - Undefined Weak Reference
    _printf_mbtowc                            - Undefined Weak Reference
    _printf_post_padding                      - Undefined Weak Reference
    _printf_pre_padding                       - Undefined Weak Reference
    _printf_truncate_signed                   - Undefined Weak Reference
    _printf_truncate_unsigned                 - Undefined Weak Reference
    _rand_init                                - Undefined Weak Reference
    _signal_finish                            - Undefined Weak Reference
    _signal_init                              - Undefined Weak Reference
    _terminate_alloc                          - Undefined Weak Reference
    _terminate_user_alloc                     - Undefined Weak Reference
    _terminateio                              - Undefined Weak Reference
    __Vectors_Size                           0x00000198   Number         0  startup_stm32f411xe.o ABSOLUTE
    __Vectors                                0x08000000   Data           4  startup_stm32f411xe.o(RESET)
    __Vectors_End                            0x08000198   Data           0  startup_stm32f411xe.o(RESET)
    __main                                   0x08000199   Thumb Code     8  __main.o(!!!main)
    __scatterload                            0x080001a1   Thumb Code     0  __scatter.o(!!!scatter)
    __scatterload_rt2                        0x080001a1   Thumb Code    44  __scatter.o(!!!scatter)
    __scatterload_rt2_thumb_only             0x080001a1   Thumb Code     0  __scatter.o(!!!scatter)
    __scatterload_null                       0x080001af   Thumb Code     0  __scatter.o(!!!scatter)
    __scatterload_copy                       0x080001d5   Thumb Code    26  __scatter_copy.o(!!handler_copy)
    __scatterload_zeroinit                   0x080001f1   Thumb Code    28  __scatter_zi.o(!!handler_zi)
    _printf_d                                0x0800020d   Thumb Code     0  _printf_d.o(.ARM.Collect$$_printf_percent$$00000009)
    _printf_percent                          0x0800020d   Thumb Code     0  _printf_percent.o(.ARM.Collect$$_printf_percent$$00000000)
    _printf_s                                0x08000213   Thumb Code     0  _printf_s.o(.ARM.Collect$$_printf_percent$$00000014)
    _printf_percent_end                      0x08000219   Thumb Code     0  _printf_percent_end.o(.ARM.Collect$$_printf_percent$$00000017)
    __rt_lib_init                            0x0800021d   Thumb Code     0  libinit.o(.ARM.Collect$$libinit$$00000000)
    __rt_lib_init_fp_1                       0x0800021f   Thumb Code     0  libinit2.o(.ARM.Collect$$libinit$$00000001)
    __rt_lib_init_alloca_1                   0x08000223   Thumb Code     0  libinit2.o(.ARM.Collect$$libinit$$0000002E)
    __rt_lib_init_argv_1                     0x08000223   Thumb Code     0  libinit2.o(.ARM.Collect$$libinit$$0000002C)
    __rt_lib_init_atexit_1                   0x08000223   Thumb Code     0  libinit2.o(.ARM.Collect$$libinit$$0000001B)
    __rt_lib_init_clock_1                    0x08000223   Thumb Code     0  libinit2.o(.ARM.Collect$$libinit$$00000021)
    __rt_lib_init_cpp_1                      0x08000223   Thumb Code     0  libinit2.o(.ARM.Collect$$libinit$$00000032)
    __rt_lib_init_exceptions_1               0x08000223   Thumb Code     0  libinit2.o(.ARM.Collect$$libinit$$00000030)
    __rt_lib_init_fp_trap_1                  0x08000223   Thumb Code     0  libinit2.o(.ARM.Collect$$libinit$$0000001F)
    __rt_lib_init_getenv_1                   0x08000223   Thumb Code     0  libinit2.o(.ARM.Collect$$libinit$$00000023)
    __rt_lib_init_heap_1                     0x08000223   Thumb Code     0  libinit2.o(.ARM.Collect$$libinit$$0000000A)
    __rt_lib_init_lc_collate_1               0x08000223   Thumb Code     0  libinit2.o(.ARM.Collect$$libinit$$00000011)
    __rt_lib_init_lc_ctype_1                 0x08000223   Thumb Code     0  libinit2.o(.ARM.Collect$$libinit$$00000013)
    __rt_lib_init_lc_monetary_1              0x08000223   Thumb Code     0  libinit2.o(.ARM.Collect$$libinit$$00000015)
    __rt_lib_init_lc_numeric_1               0x08000223   Thumb Code     0  libinit2.o(.ARM.Collect$$libinit$$00000017)
    __rt_lib_init_lc_time_1                  0x08000223   Thumb Code     0  libinit2.o(.ARM.Collect$$libinit$$00000019)
    __rt_lib_init_preinit_1                  0x08000223   Thumb Code     0  libinit2.o(.ARM.Collect$$libinit$$00000004)
    __rt_lib_init_rand_1                     0x08000223   Thumb Code     0  libinit2.o(.ARM.Collect$$libinit$$0000000E)
    __rt_lib_init_return                     0x08000223   Thumb Code     0  libinit2.o(.ARM.Collect$$libinit$$00000033)
    __rt_lib_init_signal_1                   0x08000223   Thumb Code     0  libinit2.o(.ARM.Collect$$libinit$$0000001D)
    __rt_lib_init_stdio_1                    0x08000223   Thumb Code     0  libinit2.o(.ARM.Collect$$libinit$$00000025)
    __rt_lib_init_user_alloc_1               0x08000223   Thumb Code     0  libinit2.o(.ARM.Collect$$libinit$$0000000C)
    __rt_lib_shutdown                        0x08000225   Thumb Code     0  libshutdown.o(.ARM.Collect$$libshutdown$$00000000)
    __rt_lib_shutdown_cpp_1                  0x08000227   Thumb Code     0  libshutdown2.o(.ARM.Collect$$libshutdown$$00000002)
    __rt_lib_shutdown_fp_trap_1              0x08000227   Thumb Code     0  libshutdown2.o(.ARM.Collect$$libshutdown$$00000007)
    __rt_lib_shutdown_heap_1                 0x08000227   Thumb Code     0  libshutdown2.o(.ARM.Collect$$libshutdown$$0000000F)
    __rt_lib_shutdown_return                 0x08000227   Thumb Code     0  libshutdown2.o(.ARM.Collect$$libshutdown$$00000010)
    __rt_lib_shutdown_signal_1               0x08000227   Thumb Code     0  libshutdown2.o(.ARM.Collect$$libshutdown$$0000000A)
    __rt_lib_shutdown_stdio_1                0x08000227   Thumb Code     0  libshutdown2.o(.ARM.Collect$$libshutdown$$00000004)
    __rt_lib_shutdown_user_alloc_1           0x08000227   Thumb Code     0  libshutdown2.o(.ARM.Collect$$libshutdown$$0000000C)
    __rt_entry                               0x08000229   Thumb Code     0  __rtentry.o(.ARM.Collect$$rtentry$$00000000)
    __rt_entry_presh_1                       0x08000229   Thumb Code     0  __rtentry2.o(.ARM.Collect$$rtentry$$00000002)
    __rt_entry_sh                            0x08000229   Thumb Code     0  __rtentry4.o(.ARM.Collect$$rtentry$$00000004)
    __rt_entry_li                            0x0800022f   Thumb Code     0  __rtentry2.o(.ARM.Collect$$rtentry$$0000000A)
    __rt_entry_postsh_1                      0x0800022f   Thumb Code     0  __rtentry2.o(.ARM.Collect$$rtentry$$00000009)
    __rt_entry_main                          0x08000233   Thumb Code     0  __rtentry2.o(.ARM.Collect$$rtentry$$0000000D)
    __rt_entry_postli_1                      0x08000233   Thumb Code     0  __rtentry2.o(.ARM.Collect$$rtentry$$0000000C)
    __rt_exit                                0x0800023b   Thumb Code     0  rtexit.o(.ARM.Collect$$rtexit$$00000000)
    __rt_exit_ls                             0x0800023d   Thumb Code     0  rtexit2.o(.ARM.Collect$$rtexit$$00000003)
    __rt_exit_prels_1                        0x0800023d   Thumb Code     0  rtexit2.o(.ARM.Collect$$rtexit$$00000002)
    __rt_exit_exit                           0x08000241   Thumb Code     0  rtexit2.o(.ARM.Collect$$rtexit$$00000004)
    SVC_Handler                              0x08000249   Thumb Code    28  port.o(.emb_text)
    __asm___6_port_c_39a90d8d__prvStartFirstTask 0x08000269   Thumb Code    28  port.o(.emb_text)
    __asm___6_port_c_39a90d8d__prvEnableVFP  0x08000289   Thumb Code    16  port.o(.emb_text)
    PendSV_Handler                           0x0800029d   Thumb Code    88  port.o(.emb_text)
    vPortGetIPSR                             0x080002f9   Thumb Code     6  port.o(.emb_text)
    Reset_Handler                            0x08000301   Thumb Code     8  startup_stm32f411xe.o(.text)
    ADC_IRQHandler                           0x0800031b   Thumb Code     0  startup_stm32f411xe.o(.text)
    DMA1_Stream0_IRQHandler                  0x0800031b   Thumb Code     0  startup_stm32f411xe.o(.text)
    DMA1_Stream1_IRQHandler                  0x0800031b   Thumb Code     0  startup_stm32f411xe.o(.text)
    DMA1_Stream2_IRQHandler                  0x0800031b   Thumb Code     0  startup_stm32f411xe.o(.text)
    DMA1_Stream3_IRQHandler                  0x0800031b   Thumb Code     0  startup_stm32f411xe.o(.text)
    DMA1_Stream4_IRQHandler                  0x0800031b   Thumb Code     0  startup_stm32f411xe.o(.text)
    DMA1_Stream5_IRQHandler                  0x0800031b   Thumb Code     0  startup_stm32f411xe.o(.text)
    DMA1_Stream6_IRQHandler                  0x0800031b   Thumb Code     0  startup_stm32f411xe.o(.text)
    DMA1_Stream7_IRQHandler                  0x0800031b   Thumb Code     0  startup_stm32f411xe.o(.text)
    DMA2_Stream0_IRQHandler                  0x0800031b   Thumb Code     0  startup_stm32f411xe.o(.text)
    DMA2_Stream1_IRQHandler                  0x0800031b   Thumb Code     0  startup_stm32f411xe.o(.text)
    DMA2_Stream2_IRQHandler                  0x0800031b   Thumb Code     0  startup_stm32f411xe.o(.text)
    DMA2_Stream3_IRQHandler                  0x0800031b   Thumb Code     0  startup_stm32f411xe.o(.text)
    DMA2_Stream4_IRQHandler                  0x0800031b   Thumb Code     0  startup_stm32f411xe.o(.text)
    DMA2_Stream5_IRQHandler                  0x0800031b   Thumb Code     0  startup_stm32f411xe.o(.text)
    DMA2_Stream6_IRQHandler                  0x0800031b   Thumb Code     0  startup_stm32f411xe.o(.text)
    DMA2_Stream7_IRQHandler                  0x0800031b   Thumb Code     0  startup_stm32f411xe.o(.text)
    EXTI0_IRQHandler                         0x0800031b   Thumb Code     0  startup_stm32f411xe.o(.text)
    EXTI15_10_IRQHandler                     0x0800031b   Thumb Code     0  startup_stm32f411xe.o(.text)
    EXTI1_IRQHandler                         0x0800031b   Thumb Code     0  startup_stm32f411xe.o(.text)
    EXTI2_IRQHandler                         0x0800031b   Thumb Code     0  startup_stm32f411xe.o(.text)
    EXTI3_IRQHandler                         0x0800031b   Thumb Code     0  startup_stm32f411xe.o(.text)
    EXTI9_5_IRQHandler                       0x0800031b   Thumb Code     0  startup_stm32f411xe.o(.text)
    FLASH_IRQHandler                         0x0800031b   Thumb Code     0  startup_stm32f411xe.o(.text)
    FPU_IRQHandler                           0x0800031b   Thumb Code     0  startup_stm32f411xe.o(.text)
    I2C1_ER_IRQHandler                       0x0800031b   Thumb Code     0  startup_stm32f411xe.o(.text)
    I2C1_EV_IRQHandler                       0x0800031b   Thumb Code     0  startup_stm32f411xe.o(.text)
    I2C2_ER_IRQHandler                       0x0800031b   Thumb Code     0  startup_stm32f411xe.o(.text)
    I2C2_EV_IRQHandler                       0x0800031b   Thumb Code     0  startup_stm32f411xe.o(.text)
    I2C3_ER_IRQHandler                       0x0800031b   Thumb Code     0  startup_stm32f411xe.o(.text)
    I2C3_EV_IRQHandler                       0x0800031b   Thumb Code     0  startup_stm32f411xe.o(.text)
    OTG_FS_IRQHandler                        0x0800031b   Thumb Code     0  startup_stm32f411xe.o(.text)
    OTG_FS_WKUP_IRQHandler                   0x0800031b   Thumb Code     0  startup_stm32f411xe.o(.text)
    PVD_IRQHandler                           0x0800031b   Thumb Code     0  startup_stm32f411xe.o(.text)
    RCC_IRQHandler                           0x0800031b   Thumb Code     0  startup_stm32f411xe.o(.text)
    RTC_Alarm_IRQHandler                     0x0800031b   Thumb Code     0  startup_stm32f411xe.o(.text)
    RTC_WKUP_IRQHandler                      0x0800031b   Thumb Code     0  startup_stm32f411xe.o(.text)
    SDIO_IRQHandler                          0x0800031b   Thumb Code     0  startup_stm32f411xe.o(.text)
    SPI1_IRQHandler                          0x0800031b   Thumb Code     0  startup_stm32f411xe.o(.text)
    SPI2_IRQHandler                          0x0800031b   Thumb Code     0  startup_stm32f411xe.o(.text)
    SPI3_IRQHandler                          0x0800031b   Thumb Code     0  startup_stm32f411xe.o(.text)
    SPI4_IRQHandler                          0x0800031b   Thumb Code     0  startup_stm32f411xe.o(.text)
    SPI5_IRQHandler                          0x0800031b   Thumb Code     0  startup_stm32f411xe.o(.text)
    TAMP_STAMP_IRQHandler                    0x0800031b   Thumb Code     0  startup_stm32f411xe.o(.text)
    TIM1_BRK_TIM9_IRQHandler                 0x0800031b   Thumb Code     0  startup_stm32f411xe.o(.text)
    TIM1_CC_IRQHandler                       0x0800031b   Thumb Code     0  startup_stm32f411xe.o(.text)
    TIM1_TRG_COM_TIM11_IRQHandler            0x0800031b   Thumb Code     0  startup_stm32f411xe.o(.text)
    TIM1_UP_TIM10_IRQHandler                 0x0800031b   Thumb Code     0  startup_stm32f411xe.o(.text)
    TIM2_IRQHandler                          0x0800031b   Thumb Code     0  startup_stm32f411xe.o(.text)
    TIM4_IRQHandler                          0x0800031b   Thumb Code     0  startup_stm32f411xe.o(.text)
    USART2_IRQHandler                        0x0800031b   Thumb Code     0  startup_stm32f411xe.o(.text)
    USART6_IRQHandler                        0x0800031b   Thumb Code     0  startup_stm32f411xe.o(.text)
    WWDG_IRQHandler                          0x0800031b   Thumb Code     0  startup_stm32f411xe.o(.text)
    __user_initial_stackheap                 0x0800031d   Thumb Code     0  startup_stm32f411xe.o(.text)
    __use_no_semihosting                     0x08000341   Thumb Code     2  use_no_semi_2.o(.text)
    __2printf                                0x08000345   Thumb Code    20  noretval__2printf.o(.text)
    __printf                                 0x0800035d   Thumb Code   104  __printf.o(.text)
    _printf_str                              0x080003c5   Thumb Code    82  _printf_str.o(.text)
    _printf_int_dec                          0x08000419   Thumb Code   104  _printf_dec.o(.text)
    __aeabi_memcpy                           0x08000491   Thumb Code     0  rt_memcpy_v6.o(.text)
    __rt_memcpy                              0x08000491   Thumb Code   138  rt_memcpy_v6.o(.text)
    _memcpy_lastbytes                        0x080004f7   Thumb Code     0  rt_memcpy_v6.o(.text)
    __aeabi_memset                           0x0800051b   Thumb Code    16  aeabi_memset.o(.text)
    __use_two_region_memory                  0x0800052b   Thumb Code     2  heapauxi.o(.text)
    __rt_heap_escrow$2region                 0x0800052d   Thumb Code     2  heapauxi.o(.text)
    __rt_heap_expand$2region                 0x0800052f   Thumb Code     2  heapauxi.o(.text)
    __I$use$semihosting                      0x08000531   Thumb Code     0  use_no_semi.o(.text)
    __use_no_semihosting_swi                 0x08000531   Thumb Code     2  use_no_semi.o(.text)
    _printf_int_common                       0x08000533   Thumb Code   178  _printf_intcommon.o(.text)
    _printf_char_common                      0x080005ef   Thumb Code    32  _printf_char_common.o(.text)
    _printf_cs_common                        0x08000615   Thumb Code    20  _printf_char.o(.text)
    _printf_char                             0x08000629   Thumb Code    16  _printf_char.o(.text)
    _printf_string                           0x08000639   Thumb Code     8  _printf_char.o(.text)
    _printf_char_file                        0x08000641   Thumb Code    32  _printf_char_file.o(.text)
    __aeabi_memcpy4                          0x08000665   Thumb Code     0  rt_memcpy_w.o(.text)
    __aeabi_memcpy8                          0x08000665   Thumb Code     0  rt_memcpy_w.o(.text)
    __rt_memcpy_w                            0x08000665   Thumb Code   100  rt_memcpy_w.o(.text)
    _memcpy_lastbytes_aligned                0x080006ad   Thumb Code     0  rt_memcpy_w.o(.text)
    __aeabi_memclr                           0x080006c9   Thumb Code     0  rt_memclr.o(.text)
    __rt_memclr                              0x080006c9   Thumb Code    68  rt_memclr.o(.text)
    _memset                                  0x080006cd   Thumb Code     0  rt_memclr.o(.text)
    ferror                                   0x0800070d   Thumb Code     8  ferror.o(.text)
    __aeabi_memclr4                          0x08000715   Thumb Code     0  rt_memclr_w.o(.text)
    __aeabi_memclr8                          0x08000715   Thumb Code     0  rt_memclr_w.o(.text)
    __rt_memclr_w                            0x08000715   Thumb Code    78  rt_memclr_w.o(.text)
    _memset_w                                0x08000719   Thumb Code     0  rt_memclr_w.o(.text)
    __user_setup_stackheap                   0x08000763   Thumb Code    74  sys_stackheap_outer.o(.text)
    exit                                     0x080007ad   Thumb Code    18  exit.o(.text)
    __user_libspace                          0x080007c1   Thumb Code     8  libspace.o(.text)
    __user_perproc_libspace                  0x080007c1   Thumb Code     0  libspace.o(.text)
    __user_perthread_libspace                0x080007c1   Thumb Code     0  libspace.o(.text)
    BusFault_Handler                         0x080007c9   Thumb Code     2  stm32f4xx_it.o(i.BusFault_Handler)
    DebugMon_Handler                         0x080007cb   Thumb Code     2  stm32f4xx_it.o(i.DebugMon_Handler)
    EXTI4_IRQHandler                         0x080007cd   Thumb Code    62  exti.o(i.EXTI4_IRQHandler)
    EXTIX_Init                               0x0800082d   Thumb Code    78  exti.o(i.EXTIX_Init)
    EXTI_ClearITPendingBit                   0x0800087d   Thumb Code     6  stm32f4xx_exti.o(i.EXTI_ClearITPendingBit)
    EXTI_Init                                0x08000889   Thumb Code   108  stm32f4xx_exti.o(i.EXTI_Init)
    GPIO_Init                                0x080008f9   Thumb Code   120  stm32f4xx_gpio.o(i.GPIO_Init)
    GPIO_PinAFConfig                         0x08000971   Thumb Code    32  stm32f4xx_gpio.o(i.GPIO_PinAFConfig)
    GPIO_ReadInputDataBit                    0x08000991   Thumb Code    14  stm32f4xx_gpio.o(i.GPIO_ReadInputDataBit)
    GPIO_SetBits                             0x0800099f   Thumb Code     4  stm32f4xx_gpio.o(i.GPIO_SetBits)
    HardFault_Handler                        0x080009a3   Thumb Code     2  stm32f4xx_it.o(i.HardFault_Handler)
    KEY_Init                                 0x080009a5   Thumb Code    58  key.o(i.KEY_Init)
    KEY_Scan                                 0x080009e9   Thumb Code   190  key.o(i.KEY_Scan)
    LED_Init                                 0x08000ab5   Thumb Code    58  led.o(i.LED_Init)
    MemManage_Handler                        0x08000af5   Thumb Code     2  stm32f4xx_it.o(i.MemManage_Handler)
    NMI_Handler                              0x08000af7   Thumb Code     2  stm32f4xx_it.o(i.NMI_Handler)
    NVIC_Init                                0x08000af9   Thumb Code    96  misc.o(i.NVIC_Init)
    NVIC_PriorityGroupConfig                 0x08000b5d   Thumb Code    10  misc.o(i.NVIC_PriorityGroupConfig)
    RCC_AHB1PeriphClockCmd                   0x08000b71   Thumb Code    18  stm32f4xx_rcc.o(i.RCC_AHB1PeriphClockCmd)
    RCC_APB2PeriphClockCmd                   0x08000b89   Thumb Code    18  stm32f4xx_rcc.o(i.RCC_APB2PeriphClockCmd)
    RCC_GetClocksFreq                        0x08000ba1   Thumb Code   132  stm32f4xx_rcc.o(i.RCC_GetClocksFreq)
    SYSCFG_EXTILineConfig                    0x08000c31   Thumb Code    42  stm32f4xx_syscfg.o(i.SYSCFG_EXTILineConfig)
    SysTick_CLKSourceConfig                  0x08000d11   Thumb Code    24  misc.o(i.SysTick_CLKSourceConfig)
    SysTick_Handler                          0x08000d29   Thumb Code    20  delay.o(i.SysTick_Handler)
    SystemInit                               0x08000d3d   Thumb Code    74  system_stm32f4xx.o(i.SystemInit)
    TIM3_IRQHandler                          0x08000d99   Thumb Code    34  timer.o(i.TIM3_IRQHandler)
    TIM5_IRQHandler                          0x08000dd5   Thumb Code    34  timer.o(i.TIM5_IRQHandler)
    TIM_ClearITPendingBit                    0x08000e11   Thumb Code     6  stm32f4xx_tim.o(i.TIM_ClearITPendingBit)
    TIM_GetITStatus                          0x08000e17   Thumb Code    24  stm32f4xx_tim.o(i.TIM_GetITStatus)
    USART1_IRQHandler                        0x08000e31   Thumb Code    88  usart.o(i.USART1_IRQHandler)
    USART_Cmd                                0x08000e95   Thumb Code    20  stm32f4xx_usart.o(i.USART_Cmd)
    USART_GetITStatus                        0x08000ea9   Thumb Code    62  stm32f4xx_usart.o(i.USART_GetITStatus)
    USART_ITConfig                           0x08000ee7   Thumb Code    48  stm32f4xx_usart.o(i.USART_ITConfig)
    USART_Init                               0x08000f19   Thumb Code   164  stm32f4xx_usart.o(i.USART_Init)
    USART_ReceiveData                        0x08000fc5   Thumb Code     8  stm32f4xx_usart.o(i.USART_ReceiveData)
    UsageFault_Handler                       0x08000fcd   Thumb Code     2  stm32f4xx_it.o(i.UsageFault_Handler)
    _sys_exit                                0x08000fcf   Thumb Code     2  usart.o(i._sys_exit)
    delay_init                               0x08000fd1   Thumb Code    50  delay.o(i.delay_init)
    delay_ms                                 0x08001009   Thumb Code    52  delay.o(i.delay_ms)
    delay_us                                 0x08001041   Thumb Code    48  delay.o(i.delay_us)
    delay_xms                                0x08001075   Thumb Code    26  delay.o(i.delay_xms)
    fputc                                    0x08001091   Thumb Code    14  usart.o(i.fputc)
    key_task                                 0x080010a5   Thumb Code    60  main.o(i.key_task)
    main                                     0x08001121   Thumb Code    64  main.o(i.main)
    pvPortMalloc                             0x08001a2d   Thumb Code   214  heap_4.o(i.pvPortMalloc)
    pvTaskIncrementMutexHeldCount            0x08001b41   Thumb Code    18  tasks.o(i.pvTaskIncrementMutexHeldCount)
    pxPortInitialiseStack                    0x08001b59   Thumb Code    40  port.o(i.pxPortInitialiseStack)
    start_task                               0x08001b85   Thumb Code    88  main.o(i.start_task)
    task1_task                               0x08001c11   Thumb Code    44  main.o(i.task1_task)
    task2_task                               0x08001c59   Thumb Code    44  main.o(i.task2_task)
    uart_init                                0x08001ca1   Thumb Code   164  usart.o(i.uart_init)
    uxListRemove                             0x08001d4d   Thumb Code    36  list.o(i.uxListRemove)
    vListInitialise                          0x08001d71   Thumb Code    22  list.o(i.vListInitialise)
    vListInitialiseItem                      0x08001d87   Thumb Code     6  list.o(i.vListInitialiseItem)
    vListInsert                              0x08001d8d   Thumb Code    48  list.o(i.vListInsert)
    vListInsertEnd                           0x08001dbd   Thumb Code    24  list.o(i.vListInsertEnd)
    vPortEnterCritical                       0x08001dd5   Thumb Code    50  port.o(i.vPortEnterCritical)
    vPortExitCritical                        0x08001e4d   Thumb Code    34  port.o(i.vPortExitCritical)
    vPortFree                                0x08001eb1   Thumb Code    94  heap_4.o(i.vPortFree)
    vPortSetupTimerInterrupt                 0x08001f4d   Thumb Code    26  port.o(i.vPortSetupTimerInterrupt)
    vPortValidateInterruptPriority           0x08001f6d   Thumb Code    70  port.o(i.vPortValidateInterruptPriority)
    vQueueAddToRegistry                      0x08001ff9   Thumb Code    32  queue.o(i.vQueueAddToRegistry)
    vQueueWaitForMessageRestricted           0x0800201d   Thumb Code    68  queue.o(i.vQueueWaitForMessageRestricted)
    vTaskDelay                               0x08002061   Thumb Code    62  tasks.o(i.vTaskDelay)
    vTaskDelete                              0x080020cd   Thumb Code   152  tasks.o(i.vTaskDelete)
    vTaskMissedYield                         0x08002199   Thumb Code     8  tasks.o(i.vTaskMissedYield)
    vTaskPlaceOnEventList                    0x080021a5   Thumb Code    44  tasks.o(i.vTaskPlaceOnEventList)
    vTaskPlaceOnEventListRestricted          0x080021f9   Thumb Code    52  tasks.o(i.vTaskPlaceOnEventListRestricted)
    vTaskPriorityInherit                     0x08002255   Thumb Code   124  tasks.o(i.vTaskPriorityInherit)
    vTaskResume                              0x080022d9   Thumb Code   112  tasks.o(i.vTaskResume)
    vTaskSetTimeOutState                     0x08002379   Thumb Code    30  tasks.o(i.vTaskSetTimeOutState)
    vTaskStartScheduler                      0x080023c1   Thumb Code    96  tasks.o(i.vTaskStartScheduler)
    vTaskSuspend                             0x08002455   Thumb Code   154  tasks.o(i.vTaskSuspend)
    vTaskSuspendAll                          0x08002525   Thumb Code    10  tasks.o(i.vTaskSuspendAll)
    vTaskSwitchContext                       0x08002535   Thumb Code    80  tasks.o(i.vTaskSwitchContext)
    xPortStartScheduler                      0x080025b1   Thumb Code   196  port.o(i.xPortStartScheduler)
    xPortSysTickHandler                      0x080026c5   Thumb Code    38  port.o(i.xPortSysTickHandler)
    xQueueGenericCreate                      0x080026f1   Thumb Code    82  queue.o(i.xQueueGenericCreate)
    xQueueGenericReceive                     0x08002769   Thumb Code   348  queue.o(i.xQueueGenericReceive)
    xQueueGenericReset                       0x080028ed   Thumb Code   128  queue.o(i.xQueueGenericReset)
    xQueueGenericSend                        0x08002995   Thumb Code   350  queue.o(i.xQueueGenericSend)
    xQueueGenericSendFromISR                 0x08002b1d   Thumb Code   188  queue.o(i.xQueueGenericSendFromISR)
    xTaskCheckForTimeOut                     0x08002bfd   Thumb Code    94  tasks.o(i.xTaskCheckForTimeOut)
    xTaskCreate                              0x08002c85   Thumb Code    86  tasks.o(i.xTaskCreate)
    xTaskGetSchedulerState                   0x08002cdd   Thumb Code    22  tasks.o(i.xTaskGetSchedulerState)
    xTaskGetTickCount                        0x08002cf9   Thumb Code     6  tasks.o(i.xTaskGetTickCount)
    xTaskIncrementTick                       0x08002d05   Thumb Code   188  tasks.o(i.xTaskIncrementTick)
    xTaskPriorityDisinherit                  0x08002ded   Thumb Code   136  tasks.o(i.xTaskPriorityDisinherit)
    xTaskRemoveFromEventList                 0x08002ea1   Thumb Code   102  tasks.o(i.xTaskRemoveFromEventList)
    xTaskResumeAll                           0x08002f39   Thumb Code   180  tasks.o(i.xTaskResumeAll)
    xTaskResumeFromISR                       0x0800301d   Thumb Code   122  tasks.o(i.xTaskResumeFromISR)
    xTimerCreate                             0x080030c9   Thumb Code    74  timers.o(i.xTimerCreate)
    xTimerCreateTimerTask                    0x0800313d   Thumb Code    58  timers.o(i.xTimerCreateTimerTask)
    xTimerGenericCommand                     0x080031b1   Thumb Code    98  timers.o(i.xTimerGenericCommand)
    _fp_init                                 0x08003241   Thumb Code    10  fpinit.o(x$fpl$fpinit)
    __fplib_config_fpu_vfp                   0x08003249   Thumb Code     0  fpinit.o(x$fpl$fpinit)
    __fplib_config_pureend_doubles           0x08003249   Thumb Code     0  fpinit.o(x$fpl$fpinit)
    Region$$Table$$Base                      0x0800324c   Number         0  anon$$obj.o(Region$$Table)
    Region$$Table$$Limit                     0x0800326c   Number         0  anon$$obj.o(Region$$Table)
    StartTask_Handler                        0x20000000   Data           4  main.o(.data)
    KeyTask_Handler                          0x20000004   Data           4  main.o(.data)
    Task1Task_Handler                        0x20000008   Data           4  main.o(.data)
    Task2Task_Handler                        0x2000000c   Data           4  main.o(.data)
    SystemCoreClock                          0x20000010   Data           4  system_stm32f4xx.o(.data)
    AHBPrescTable                            0x20000014   Data          16  system_stm32f4xx.o(.data)
    USART_RX_STA                             0x2000002a   Data           2  usart.o(.data)
    __stdout                                 0x2000002c   Data           4  usart.o(.data)
    pxCurrentTCB                             0x20000040   Data           4  tasks.o(.data)
    USART_RX_BUF                             0x200000b4   Data         200  usart.o(.bss)
    xQueueRegistry                           0x2000017c   Data          64  queue.o(.bss)
    __libspace_start                         0x200054c8   Data          96  libspace.o(.bss)
    __temporary_stack_top$libspace           0x20005528   Data           0  libspace.o(.bss)



==============================================================================

Memory Map of the image

  Image Entry point : 0x08000199

  Load Region LR_IROM1 (Base: 0x08000000, Size: 0x00003320, Max: 0x00080000, ABSOLUTE)

    Execution Region ER_IROM1 (Base: 0x08000000, Size: 0x0000326c, Max: 0x00080000, ABSOLUTE)

    Base Addr    Size         Type   Attr      Idx    E Section Name        Object

    0x08000000   0x00000198   Data   RO          558    RESET               startup_stm32f411xe.o
    0x08000198   0x00000008   Code   RO         2981  * !!!main             c_w.l(__main.o)
    0x080001a0   0x00000034   Code   RO         3159    !!!scatter          c_w.l(__scatter.o)
    0x080001d4   0x0000001a   Code   RO         3161    !!handler_copy      c_w.l(__scatter_copy.o)
    0x080001ee   0x00000002   PAD
    0x080001f0   0x0000001c   Code   RO         3163    !!handler_zi        c_w.l(__scatter_zi.o)
    0x0800020c   0x00000000   Code   RO         2970    .ARM.Collect$$_printf_percent$$00000000  c_w.l(_printf_percent.o)
    0x0800020c   0x00000006   Code   RO         2968    .ARM.Collect$$_printf_percent$$00000009  c_w.l(_printf_d.o)
    0x08000212   0x00000006   Code   RO         2967    .ARM.Collect$$_printf_percent$$00000014  c_w.l(_printf_s.o)
    0x08000218   0x00000004   Code   RO         2996    .ARM.Collect$$_printf_percent$$00000017  c_w.l(_printf_percent_end.o)
    0x0800021c   0x00000002   Code   RO         3033    .ARM.Collect$$libinit$$00000000  c_w.l(libinit.o)
    0x0800021e   0x00000004   Code   RO         3039    .ARM.Collect$$libinit$$00000001  c_w.l(libinit2.o)
    0x08000222   0x00000000   Code   RO         3042    .ARM.Collect$$libinit$$00000004  c_w.l(libinit2.o)
    0x08000222   0x00000000   Code   RO         3045    .ARM.Collect$$libinit$$0000000A  c_w.l(libinit2.o)
    0x08000222   0x00000000   Code   RO         3047    .ARM.Collect$$libinit$$0000000C  c_w.l(libinit2.o)
    0x08000222   0x00000000   Code   RO         3049    .ARM.Collect$$libinit$$0000000E  c_w.l(libinit2.o)
    0x08000222   0x00000000   Code   RO         3052    .ARM.Collect$$libinit$$00000011  c_w.l(libinit2.o)
    0x08000222   0x00000000   Code   RO         3054    .ARM.Collect$$libinit$$00000013  c_w.l(libinit2.o)
    0x08000222   0x00000000   Code   RO         3056    .ARM.Collect$$libinit$$00000015  c_w.l(libinit2.o)
    0x08000222   0x00000000   Code   RO         3058    .ARM.Collect$$libinit$$00000017  c_w.l(libinit2.o)
    0x08000222   0x00000000   Code   RO         3060    .ARM.Collect$$libinit$$00000019  c_w.l(libinit2.o)
    0x08000222   0x00000000   Code   RO         3062    .ARM.Collect$$libinit$$0000001B  c_w.l(libinit2.o)
    0x08000222   0x00000000   Code   RO         3064    .ARM.Collect$$libinit$$0000001D  c_w.l(libinit2.o)
    0x08000222   0x00000000   Code   RO         3066    .ARM.Collect$$libinit$$0000001F  c_w.l(libinit2.o)
    0x08000222   0x00000000   Code   RO         3068    .ARM.Collect$$libinit$$00000021  c_w.l(libinit2.o)
    0x08000222   0x00000000   Code   RO         3070    .ARM.Collect$$libinit$$00000023  c_w.l(libinit2.o)
    0x08000222   0x00000000   Code   RO         3072    .ARM.Collect$$libinit$$00000025  c_w.l(libinit2.o)
    0x08000222   0x00000000   Code   RO         3076    .ARM.Collect$$libinit$$0000002C  c_w.l(libinit2.o)
    0x08000222   0x00000000   Code   RO         3078    .ARM.Collect$$libinit$$0000002E  c_w.l(libinit2.o)
    0x08000222   0x00000000   Code   RO         3080    .ARM.Collect$$libinit$$00000030  c_w.l(libinit2.o)
    0x08000222   0x00000000   Code   RO         3082    .ARM.Collect$$libinit$$00000032  c_w.l(libinit2.o)
    0x08000222   0x00000002   Code   RO         3083    .ARM.Collect$$libinit$$00000033  c_w.l(libinit2.o)
    0x08000224   0x00000002   Code   RO         3101    .ARM.Collect$$libshutdown$$00000000  c_w.l(libshutdown.o)
    0x08000226   0x00000000   Code   RO         3111    .ARM.Collect$$libshutdown$$00000002  c_w.l(libshutdown2.o)
    0x08000226   0x00000000   Code   RO         3113    .ARM.Collect$$libshutdown$$00000004  c_w.l(libshutdown2.o)
    0x08000226   0x00000000   Code   RO         3116    .ARM.Collect$$libshutdown$$00000007  c_w.l(libshutdown2.o)
    0x08000226   0x00000000   Code   RO         3119    .ARM.Collect$$libshutdown$$0000000A  c_w.l(libshutdown2.o)
    0x08000226   0x00000000   Code   RO         3121    .ARM.Collect$$libshutdown$$0000000C  c_w.l(libshutdown2.o)
    0x08000226   0x00000000   Code   RO         3124    .ARM.Collect$$libshutdown$$0000000F  c_w.l(libshutdown2.o)
    0x08000226   0x00000002   Code   RO         3125    .ARM.Collect$$libshutdown$$00000010  c_w.l(libshutdown2.o)
    0x08000228   0x00000000   Code   RO         2985    .ARM.Collect$$rtentry$$00000000  c_w.l(__rtentry.o)
    0x08000228   0x00000000   Code   RO         3002    .ARM.Collect$$rtentry$$00000002  c_w.l(__rtentry2.o)
    0x08000228   0x00000006   Code   RO         3014    .ARM.Collect$$rtentry$$00000004  c_w.l(__rtentry4.o)
    0x0800022e   0x00000000   Code   RO         3004    .ARM.Collect$$rtentry$$00000009  c_w.l(__rtentry2.o)
    0x0800022e   0x00000004   Code   RO         3005    .ARM.Collect$$rtentry$$0000000A  c_w.l(__rtentry2.o)
    0x08000232   0x00000000   Code   RO         3007    .ARM.Collect$$rtentry$$0000000C  c_w.l(__rtentry2.o)
    0x08000232   0x00000008   Code   RO         3008    .ARM.Collect$$rtentry$$0000000D  c_w.l(__rtentry2.o)
    0x0800023a   0x00000002   Code   RO         3037    .ARM.Collect$$rtexit$$00000000  c_w.l(rtexit.o)
    0x0800023c   0x00000000   Code   RO         3085    .ARM.Collect$$rtexit$$00000002  c_w.l(rtexit2.o)
    0x0800023c   0x00000004   Code   RO         3086    .ARM.Collect$$rtexit$$00000003  c_w.l(rtexit2.o)
    0x08000240   0x00000006   Code   RO         3087    .ARM.Collect$$rtexit$$00000004  c_w.l(rtexit2.o)
    0x08000246   0x00000002   PAD
    0x08000248   0x000000b6   Code   RO         2788    .emb_text           port.o
    0x080002fe   0x00000002   PAD
    0x08000300   0x00000040   Code   RO          559    .text               startup_stm32f411xe.o
    0x08000340   0x00000002   Code   RO         2930    .text               c_w.l(use_no_semi_2.o)
    0x08000342   0x00000002   PAD
    0x08000344   0x00000018   Code   RO         2936    .text               c_w.l(noretval__2printf.o)
    0x0800035c   0x00000068   Code   RO         2940    .text               c_w.l(__printf.o)
    0x080003c4   0x00000052   Code   RO         2942    .text               c_w.l(_printf_str.o)
    0x08000416   0x00000002   PAD
    0x08000418   0x00000078   Code   RO         2944    .text               c_w.l(_printf_dec.o)
    0x08000490   0x0000008a   Code   RO         2975    .text               c_w.l(rt_memcpy_v6.o)
    0x0800051a   0x00000010   Code   RO         2977    .text               c_w.l(aeabi_memset.o)
    0x0800052a   0x00000006   Code   RO         2979    .text               c_w.l(heapauxi.o)
    0x08000530   0x00000002   Code   RO         2983    .text               c_w.l(use_no_semi.o)
    0x08000532   0x000000b2   Code   RO         2986    .text               c_w.l(_printf_intcommon.o)
    0x080005e4   0x00000030   Code   RO         2988    .text               c_w.l(_printf_char_common.o)
    0x08000614   0x0000002c   Code   RO         2992    .text               c_w.l(_printf_char.o)
    0x08000640   0x00000024   Code   RO         2994    .text               c_w.l(_printf_char_file.o)
    0x08000664   0x00000064   Code   RO         2997    .text               c_w.l(rt_memcpy_w.o)
    0x080006c8   0x00000044   Code   RO         2999    .text               c_w.l(rt_memclr.o)
    0x0800070c   0x00000008   Code   RO         3018    .text               c_w.l(ferror.o)
    0x08000714   0x0000004e   Code   RO         3022    .text               c_w.l(rt_memclr_w.o)
    0x08000762   0x0000004a   Code   RO         3024    .text               c_w.l(sys_stackheap_outer.o)
    0x080007ac   0x00000012   Code   RO         3026    .text               c_w.l(exit.o)
    0x080007be   0x00000002   PAD
    0x080007c0   0x00000008   Code   RO         3034    .text               c_w.l(libspace.o)
    0x080007c8   0x00000002   Code   RO          203    i.BusFault_Handler  stm32f4xx_it.o
    0x080007ca   0x00000002   Code   RO          204    i.DebugMon_Handler  stm32f4xx_it.o
    0x080007cc   0x00000060   Code   RO          374    i.EXTI4_IRQHandler  exti.o
    0x0800082c   0x0000004e   Code   RO          375    i.EXTIX_Init        exti.o
    0x0800087a   0x00000002   PAD
    0x0800087c   0x0000000c   Code   RO         1833    i.EXTI_ClearITPendingBit  stm32f4xx_exti.o
    0x08000888   0x00000070   Code   RO         1838    i.EXTI_Init         stm32f4xx_exti.o
    0x080008f8   0x00000078   Code   RO          610    i.GPIO_Init         stm32f4xx_gpio.o
    0x08000970   0x00000020   Code   RO          611    i.GPIO_PinAFConfig  stm32f4xx_gpio.o
    0x08000990   0x0000000e   Code   RO          614    i.GPIO_ReadInputDataBit  stm32f4xx_gpio.o
    0x0800099e   0x00000004   Code   RO          618    i.GPIO_SetBits      stm32f4xx_gpio.o
    0x080009a2   0x00000002   Code   RO          205    i.HardFault_Handler  stm32f4xx_it.o
    0x080009a4   0x00000044   Code   RO          411    i.KEY_Init          key.o
    0x080009e8   0x000000cc   Code   RO          412    i.KEY_Scan          key.o
    0x08000ab4   0x00000040   Code   RO          316    i.LED_Init          led.o
    0x08000af4   0x00000002   Code   RO          206    i.MemManage_Handler  stm32f4xx_it.o
    0x08000af6   0x00000002   Code   RO          207    i.NMI_Handler       stm32f4xx_it.o
    0x08000af8   0x00000064   Code   RO          565    i.NVIC_Init         misc.o
    0x08000b5c   0x00000014   Code   RO          566    i.NVIC_PriorityGroupConfig  misc.o
    0x08000b70   0x00000018   Code   RO          707    i.RCC_AHB1PeriphClockCmd  stm32f4xx_rcc.o
    0x08000b88   0x00000018   Code   RO          719    i.RCC_APB2PeriphClockCmd  stm32f4xx_rcc.o
    0x08000ba0   0x00000090   Code   RO          728    i.RCC_GetClocksFreq  stm32f4xx_rcc.o
    0x08000c30   0x00000030   Code   RO         1044    i.SYSCFG_EXTILineConfig  stm32f4xx_syscfg.o
    0x08000c60   0x000000b0   Code   RO          279    i.SetSysClock       system_stm32f4xx.o
    0x08000d10   0x00000018   Code   RO          569    i.SysTick_CLKSourceConfig  misc.o
    0x08000d28   0x00000014   Code   RO          438    i.SysTick_Handler   delay.o
    0x08000d3c   0x0000005c   Code   RO          281    i.SystemInit        system_stm32f4xx.o
    0x08000d98   0x0000003c   Code   RO          336    i.TIM3_IRQHandler   timer.o
    0x08000dd4   0x0000003c   Code   RO          338    i.TIM5_IRQHandler   timer.o
    0x08000e10   0x00000006   Code   RO         1294    i.TIM_ClearITPendingBit  stm32f4xx_tim.o
    0x08000e16   0x00000018   Code   RO         1320    i.TIM_GetITStatus   stm32f4xx_tim.o
    0x08000e2e   0x00000002   PAD
    0x08000e30   0x00000064   Code   RO          502    i.USART1_IRQHandler  usart.o
    0x08000e94   0x00000014   Code   RO         1101    i.USART_Cmd         stm32f4xx_usart.o
    0x08000ea8   0x0000003e   Code   RO         1105    i.USART_GetITStatus  stm32f4xx_usart.o
    0x08000ee6   0x00000030   Code   RO         1107    i.USART_ITConfig    stm32f4xx_usart.o
    0x08000f16   0x00000002   PAD
    0x08000f18   0x000000ac   Code   RO         1108    i.USART_Init        stm32f4xx_usart.o
    0x08000fc4   0x00000008   Code   RO         1115    i.USART_ReceiveData  stm32f4xx_usart.o
    0x08000fcc   0x00000002   Code   RO          208    i.UsageFault_Handler  stm32f4xx_it.o
    0x08000fce   0x00000002   Code   RO          503    i._sys_exit         usart.o
    0x08000fd0   0x00000038   Code   RO          439    i.delay_init        delay.o
    0x08001008   0x00000038   Code   RO          440    i.delay_ms          delay.o
    0x08001040   0x00000034   Code   RO          441    i.delay_us          delay.o
    0x08001074   0x0000001a   Code   RO          442    i.delay_xms         delay.o
    0x0800108e   0x00000002   PAD
    0x08001090   0x00000014   Code   RO          504    i.fputc             usart.o
    0x080010a4   0x0000007c   Code   RO            3    i.key_task          main.o
    0x08001120   0x00000054   Code   RO            4    i.main              main.o
    0x08001174   0x00000070   Code   RO         2307    i.prvAddCurrentTaskToDelayedList  tasks.o
    0x080011e4   0x000000d0   Code   RO         2308    i.prvAddNewTaskToReadyList  tasks.o
    0x080012b4   0x00000050   Code   RO         2660    i.prvCheckForValidListAndQueue  timers.o
    0x08001304   0x00000054   Code   RO         2309    i.prvCheckTasksWaitingTermination  tasks.o
    0x08001358   0x00000026   Code   RO         2078    i.prvCopyDataFromQueue  queue.o
    0x0800137e   0x0000006c   Code   RO         2079    i.prvCopyDataToQueue  queue.o
    0x080013ea   0x00000014   Code   RO         2310    i.prvDeleteTCB      tasks.o
    0x080013fe   0x00000002   PAD
    0x08001400   0x0000004c   Code   RO         2873    i.prvHeapInit       heap_4.o
    0x0800144c   0x00000028   Code   RO         2311    i.prvIdleTask       tasks.o
    0x08001474   0x000000c0   Code   RO         2312    i.prvInitialiseNewTask  tasks.o
    0x08001534   0x0000004c   Code   RO         2874    i.prvInsertBlockIntoFreeList  heap_4.o
    0x08001580   0x00000038   Code   RO         2661    i.prvInsertTimerInActiveList  timers.o
    0x080015b8   0x0000001a   Code   RO         2080    i.prvIsQueueEmpty   queue.o
    0x080015d2   0x00000002   PAD
    0x080015d4   0x00000090   Code   RO         2081    i.prvNotifyQueueSetContainer  queue.o
    0x08001664   0x00000060   Code   RO         2662    i.prvProcessExpiredTimer  timers.o
    0x080016c4   0x000000f0   Code   RO         2663    i.prvProcessReceivedCommands  timers.o
    0x080017b4   0x0000006c   Code   RO         2664    i.prvProcessTimerOrBlockTask  timers.o
    0x08001820   0x00000020   Code   RO         2314    i.prvResetNextTaskUnblockTime  tasks.o
    0x08001840   0x00000028   Code   RO         2665    i.prvSampleTimeNow  timers.o
    0x08001868   0x0000006c   Code   RO         2666    i.prvSwitchTimerLists  timers.o
    0x080018d4   0x00000064   Code   RO         2789    i.prvTaskExitError  port.o
    0x08001938   0x00000054   Code   RO         2315    i.prvTaskIsTaskSuspended  tasks.o
    0x0800198c   0x00000028   Code   RO         2667    i.prvTimerTask      timers.o
    0x080019b4   0x00000078   Code   RO         2082    i.prvUnlockQueue    queue.o
    0x08001a2c   0x00000114   Code   RO         2875    i.pvPortMalloc      heap_4.o
    0x08001b40   0x00000018   Code   RO         2316    i.pvTaskIncrementMutexHeldCount  tasks.o
    0x08001b58   0x0000002c   Code   RO         2790    i.pxPortInitialiseStack  port.o
    0x08001b84   0x0000008c   Code   RO            5    i.start_task        main.o
    0x08001c10   0x00000048   Code   RO            6    i.task1_task        main.o
    0x08001c58   0x00000048   Code   RO            7    i.task2_task        main.o
    0x08001ca0   0x000000ac   Code   RO          505    i.uart_init         usart.o
    0x08001d4c   0x00000024   Code   RO         2033    i.uxListRemove      list.o
    0x08001d70   0x00000016   Code   RO         2034    i.vListInitialise   list.o
    0x08001d86   0x00000006   Code   RO         2035    i.vListInitialiseItem  list.o
    0x08001d8c   0x00000030   Code   RO         2036    i.vListInsert       list.o
    0x08001dbc   0x00000018   Code   RO         2037    i.vListInsertEnd    list.o
    0x08001dd4   0x00000078   Code   RO         2792    i.vPortEnterCritical  port.o
    0x08001e4c   0x00000064   Code   RO         2793    i.vPortExitCritical  port.o
    0x08001eb0   0x0000009c   Code   RO         2876    i.vPortFree         heap_4.o
    0x08001f4c   0x00000020   Code   RO         2794    i.vPortSetupTimerInterrupt  port.o
    0x08001f6c   0x0000008c   Code   RO         2795    i.vPortValidateInterruptPriority  port.o
    0x08001ff8   0x00000024   Code   RO         2088    i.vQueueAddToRegistry  queue.o
    0x0800201c   0x00000044   Code   RO         2092    i.vQueueWaitForMessageRestricted  queue.o
    0x08002060   0x0000006c   Code   RO         2324    i.vTaskDelay        tasks.o
    0x080020cc   0x000000cc   Code   RO         2326    i.vTaskDelete       tasks.o
    0x08002198   0x0000000c   Code   RO         2330    i.vTaskMissedYield  tasks.o
    0x080021a4   0x00000054   Code   RO         2332    i.vTaskPlaceOnEventList  tasks.o
    0x080021f8   0x0000005c   Code   RO         2333    i.vTaskPlaceOnEventListRestricted  tasks.o
    0x08002254   0x00000084   Code   RO         2335    i.vTaskPriorityInherit  tasks.o
    0x080022d8   0x000000a0   Code   RO         2337    i.vTaskResume       tasks.o
    0x08002378   0x00000048   Code   RO         2339    i.vTaskSetTimeOutState  tasks.o
    0x080023c0   0x00000094   Code   RO         2340    i.vTaskStartScheduler  tasks.o
    0x08002454   0x000000d0   Code   RO         2341    i.vTaskSuspend      tasks.o
    0x08002524   0x00000010   Code   RO         2342    i.vTaskSuspendAll   tasks.o
    0x08002534   0x0000007c   Code   RO         2343    i.vTaskSwitchContext  tasks.o
    0x080025b0   0x00000114   Code   RO         2796    i.xPortStartScheduler  port.o
    0x080026c4   0x0000002c   Code   RO         2797    i.xPortSysTickHandler  port.o
    0x080026f0   0x00000078   Code   RO         2097    i.xQueueGenericCreate  queue.o
    0x08002768   0x00000184   Code   RO         2098    i.xQueueGenericReceive  queue.o
    0x080028ec   0x000000a8   Code   RO         2099    i.xQueueGenericReset  queue.o
    0x08002994   0x00000188   Code   RO         2100    i.xQueueGenericSend  queue.o
    0x08002b1c   0x000000e0   Code   RO         2101    i.xQueueGenericSendFromISR  queue.o
    0x08002bfc   0x00000088   Code   RO         2344    i.xTaskCheckForTimeOut  tasks.o
    0x08002c84   0x00000056   Code   RO         2345    i.xTaskCreate       tasks.o
    0x08002cda   0x00000002   PAD
    0x08002cdc   0x0000001c   Code   RO         2349    i.xTaskGetSchedulerState  tasks.o
    0x08002cf8   0x0000000c   Code   RO         2350    i.xTaskGetTickCount  tasks.o
    0x08002d04   0x000000e8   Code   RO         2352    i.xTaskIncrementTick  tasks.o
    0x08002dec   0x000000b4   Code   RO         2355    i.xTaskPriorityDisinherit  tasks.o
    0x08002ea0   0x00000098   Code   RO         2356    i.xTaskRemoveFromEventList  tasks.o
    0x08002f38   0x000000e4   Code   RO         2358    i.xTaskResumeAll    tasks.o
    0x0800301c   0x000000ac   Code   RO         2359    i.xTaskResumeFromISR  tasks.o
    0x080030c8   0x00000074   Code   RO         2670    i.xTimerCreate      timers.o
    0x0800313c   0x00000074   Code   RO         2671    i.xTimerCreateTimerTask  timers.o
    0x080031b0   0x00000090   Code   RO         2672    i.xTimerGenericCommand  timers.o
    0x08003240   0x0000000a   Code   RO         3093    x$fpl$fpinit        fz_wm.l(fpinit.o)
    0x0800324a   0x00000002   PAD
    0x0800324c   0x00000020   Data   RO         3157    Region$$Table       anon$$obj.o


    Execution Region RW_IRAM1 (Base: 0x20000000, Size: 0x00005b28, Max: 0x00020000, ABSOLUTE)

    Base Addr    Size         Type   Attr      Idx    E Section Name        Object

    0x20000000   0x00000010   Data   RW            9    .data               main.o
    0x20000010   0x00000014   Data   RW          282    .data               system_stm32f4xx.o
    0x20000024   0x00000001   Data   RW          413    .data               key.o
    0x20000025   0x00000001   PAD
    0x20000026   0x00000004   Data   RW          443    .data               delay.o
    0x2000002a   0x00000002   Data   RW          507    .data               usart.o
    0x2000002c   0x00000004   Data   RW          508    .data               usart.o
    0x20000030   0x00000010   Data   RW          760    .data               stm32f4xx_rcc.o
    0x20000040   0x0000003c   Data   RW         2361    .data               tasks.o
    0x2000007c   0x00000014   Data   RW         2680    .data               timers.o
    0x20000090   0x0000000c   Data   RW         2798    .data               port.o
    0x2000009c   0x00000018   Data   RW         2881    .data               heap_4.o
    0x200000b4   0x000000c8   Zero   RW          506    .bss                usart.o
    0x2000017c   0x00000040   Zero   RW         2112    .bss                queue.o
    0x200001bc   0x000002e4   Zero   RW         2360    .bss                tasks.o
    0x200004a0   0x00000028   Zero   RW         2679    .bss                timers.o
    0x200004c8   0x00005000   Zero   RW         2880    .bss                heap_4.o
    0x200054c8   0x00000060   Zero   RW         3035    .bss                c_w.l(libspace.o)
    0x20005528   0x00000200   Zero   RW          557    HEAP                startup_stm32f411xe.o
    0x20005728   0x00000400   Zero   RW          556    STACK               startup_stm32f411xe.o


==============================================================================

Image component sizes


      Code (inc. data)   RO Data    RW Data    ZI Data      Debug   Object Name

       210         14          0          4          0       3105   delay.o
         0          0          0          0          0      11716   event_groups.o
       174         34          0          0          0       1168   exti.o
       584        138          0         24      20480       4071   heap_4.o
       272         24          0          1          0       1298   key.o
        64          6          0          0          0        535   led.o
       136          0          0          0          0       3146   list.o
       492        192          0         16          0     265658   main.o
       144         14          0          0          0       2073   misc.o
      1038        382          0         12          0      10745   port.o
      1832        236          0          0         64      15737   queue.o
        64         26        408          0       1536        828   startup_stm32f411xe.o
       124         10          0          0          0       1545   stm32f4xx_exti.o
       170          0          0          0          0       2946   stm32f4xx_gpio.o
        12          0          0          0          0       2653   stm32f4xx_it.o
       192         24          0         16          0       4074   stm32f4xx_rcc.o
        48          6          0          0          0        664   stm32f4xx_syscfg.o
        30          0          0          0          0       2777   stm32f4xx_tim.o
       310          8          0          0          0       4394   stm32f4xx_usart.o
       268         36          0         20          0       1805   system_stm32f4xx.o
      3382        862          0         60        740      32645   tasks.o
       120         52          0          0          0       1036   timer.o
      1144        260          0         20         40       9886   timers.o
       294         26          0          6        200       4276   usart.o

    ----------------------------------------------------------------------
     11120       2350        440        180      23060     388781   Object Totals
         0          0         32          0          0          0   (incl. Generated)
        16          0          0          1          0          0   (incl. Padding)

    ----------------------------------------------------------------------

      Code (inc. data)   RO Data    RW Data    ZI Data      Debug   Library Member Name

         8          0          0          0          0         68   __main.o
       104          0          0          0          0         84   __printf.o
         0          0          0          0          0          0   __rtentry.o
        12          0          0          0          0          0   __rtentry2.o
         6          0          0          0          0          0   __rtentry4.o
        52          8          0          0          0          0   __scatter.o
        26          0          0          0          0          0   __scatter_copy.o
        28          0          0          0          0          0   __scatter_zi.o
        44          0          0          0          0        108   _printf_char.o
        48          6          0          0          0         96   _printf_char_common.o
        36          4          0          0          0         80   _printf_char_file.o
         6          0          0          0          0          0   _printf_d.o
       120         16          0          0          0         92   _printf_dec.o
       178          0          0          0          0         88   _printf_intcommon.o
         0          0          0          0          0          0   _printf_percent.o
         4          0          0          0          0          0   _printf_percent_end.o
         6          0          0          0          0          0   _printf_s.o
        82          0          0          0          0         80   _printf_str.o
        16          0          0          0          0         68   aeabi_memset.o
        18          0          0          0          0         80   exit.o
         8          0          0          0          0         68   ferror.o
         6          0          0          0          0        152   heapauxi.o
         2          0          0          0          0          0   libinit.o
         6          0          0          0          0          0   libinit2.o
         2          0          0          0          0          0   libshutdown.o
         2          0          0          0          0          0   libshutdown2.o
         8          4          0          0         96         68   libspace.o
        24          4          0          0          0         84   noretval__2printf.o
        68          0          0          0          0         68   rt_memclr.o
        78          0          0          0          0         80   rt_memclr_w.o
       138          0          0          0          0         68   rt_memcpy_v6.o
       100          0          0          0          0         80   rt_memcpy_w.o
         2          0          0          0          0          0   rtexit.o
        10          0          0          0          0          0   rtexit2.o
        74          0          0          0          0         80   sys_stackheap_outer.o
         2          0          0          0          0         68   use_no_semi.o
         2          0          0          0          0         68   use_no_semi_2.o
        10          0          0          0          0        116   fpinit.o

    ----------------------------------------------------------------------
      1348         42          0          0         96       1844   Library Totals
        12          0          0          0          0          0   (incl. Padding)

    ----------------------------------------------------------------------

      Code (inc. data)   RO Data    RW Data    ZI Data      Debug   Library Name

      1326         42          0          0         96       1728   c_w.l
        10          0          0          0          0        116   fz_wm.l

    ----------------------------------------------------------------------
      1348         42          0          0         96       1844   Library Totals

    ----------------------------------------------------------------------

==============================================================================


      Code (inc. data)   RO Data    RW Data    ZI Data      Debug   

     12468       2392        440        180      23156     378441   Grand Totals
     12468       2392        440        180      23156     378441   ELF Image Totals
     12468       2392        440        180          0          0   ROM Totals

==============================================================================

    Total RO  Size (Code + RO Data)                12908 (  12.61kB)
    Total RW  Size (RW Data + ZI Data)             23336 (  22.79kB)
    Total ROM Size (Code + RO Data + RW Data)      13088 (  12.78kB)

==============================================================================

